<html>
<body>
<pre>
<h1>µVision Build Log</h1>
<h2>Tool Versions:</h2>
IDE-Version: ¦ÌVision V5.27.0.0
Copyright (C) 2018 ARM Ltd and ARM Germany GmbH. All rights reserved.
License Information: tt ledao, yy, LIC=KIVCX-HM71Y-AUW4J-UQ4GG-VRY7J-BPX6N
 
Tool Versions:
Toolchain:       MDK-ARM Professional  Version: 5.27.0.0
Toolchain Path:  C:\Keil_v5\ARM\ARMCLANG\Bin
C Compiler:      ArmClang.exe V6.11
Assembler:       Armasm.exe V6.11
Linker/Locator:  ArmLink.exe V6.11
Library Manager: ArmAr.exe V6.11
Hex Converter:   FromElf.exe V6.11
CPU DLL:         
Dialog DLL:      
Target DLL:      CMSIS_AGDI_V8M.DLL V1.5.8.0
Dialog DLL:      TCM.DLL V1.36.1.0
 
<h2>Project:</h2>
C:\RJData\usart_polling\usart_polling\usart_polling.uvprojx
Project File Date:  04/10/2019

<h2>Output:</h2>
*** Using Compiler 'V6.11', folder: 'C:\Keil_v5\ARM\ARMCLANG\Bin'
Rebuild target 'usart_polling debug'
compiling board.c...
compiling clock_config.c...
compiling pin_mux.c...
compiling generic_list.c...
compiling system_LPC55S69_cm33_core0.c...
compiling serial_port_uart.c...
compiling serial_manager.c...
compiling usart_adapter.c...
compiling fsl_common.c...
compiling fsl_flexcomm.c...
compiling fsl_gpio.c...
compiling fsl_clock.c...
compiling fsl_inputmux.c...
compiling fsl_power.c...
compiling fsl_reset.c...
assembling startup_LPC55S69_cm33_core0.s...
compiling fsl_usart.c...
compiling usart_polling.c...
compiling fsl_assert.c...
compiling fsl_debug_console.c...
compiling fsl_str.c...
linking...
Program Size: Code=11656 RO-data=1344 RW-data=76 ZI-data=2164  
FromELF: creating hex file...
"debug\usart_polling.out" - 0 Error(s), 0 Warning(s).

<h2>Software Packages used:</h2>

Package Vendor: NXP
                http://mcuxpresso.nxp.com/cmsis_pack/repo/NXP.LPC55S69_DFP.11.0.0.pack
                NXP.LPC55S69_DFP.11.0.0
                Device Family Pack for LPC55S69

<h2>Collection of Component include folders:</h2>
  .\RTE\_usart_polling_debug
  C:\Keil_v5\ARM\PACK\NXP\LPC55S69_DFP\11.0.0

<h2>Collection of Component Files used:</h2>
Build Time Elapsed:  00:00:08
</pre>
</body>
</html>
