<!doctype html public "-//w3c//dtd html 4.0 transitional//en">
<html><head>
<title>Static Call Graph - [debug\usart_polling.out]</title></head>
<body><HR>
<H1>Static Call Graph for image debug\usart_polling.out</H1><HR>
<BR><P>#&#060CALLGRAPH&#062# ARM Linker, 6110004: Last Updated: Wed Apr 10 00:32:16 2019
<BR><P>
<H3>Maximum Stack Usage =        952 bytes + Unknown(Functions without stacksize, Cycles, Untraceable Function Pointers)</H3><H3>
Call chain for Maximum Stack Depth:</H3>
main &rArr; BOARD_InitDebugConsole &rArr; DbgConsole_Init &rArr; SerialManager_Init &rArr; Serial_UartInit &rArr; HAL_UartInit &rArr; USART_Init &rArr; USART_SetBaudRate &rArr; __aeabi_assert &rArr; DbgConsole_Printf &rArr; DbgConsole_SendData &rArr;  __aeabi_assert (Cycle)
<P>
<H3>
Functions with no stack information
</H3><UL>
 <LI><a href="#[97]">POWER_SetVoltageForFreq</a>
 <LI><a href="#[cd]">nio_set_system_voltage</a>
</UL>
</UL>
<P>
<H3>
Mutually Recursive functions
</H3> <LI><a href="#[1]">NMI_Handler</a>&nbsp;&nbsp;&nbsp;&rArr;&nbsp;&nbsp;&nbsp;<a href="#[1]">NMI_Handler</a><BR>
 <LI><a href="#[2]">HardFault_Handler</a>&nbsp;&nbsp;&nbsp;&rArr;&nbsp;&nbsp;&nbsp;<a href="#[2]">HardFault_Handler</a><BR>
 <LI><a href="#[3]">MemManage_Handler</a>&nbsp;&nbsp;&nbsp;&rArr;&nbsp;&nbsp;&nbsp;<a href="#[3]">MemManage_Handler</a><BR>
 <LI><a href="#[4]">BusFault_Handler</a>&nbsp;&nbsp;&nbsp;&rArr;&nbsp;&nbsp;&nbsp;<a href="#[4]">BusFault_Handler</a><BR>
 <LI><a href="#[5]">UsageFault_Handler</a>&nbsp;&nbsp;&nbsp;&rArr;&nbsp;&nbsp;&nbsp;<a href="#[5]">UsageFault_Handler</a><BR>
 <LI><a href="#[6]">SVC_Handler</a>&nbsp;&nbsp;&nbsp;&rArr;&nbsp;&nbsp;&nbsp;<a href="#[6]">SVC_Handler</a><BR>
 <LI><a href="#[7]">DebugMon_Handler</a>&nbsp;&nbsp;&nbsp;&rArr;&nbsp;&nbsp;&nbsp;<a href="#[7]">DebugMon_Handler</a><BR>
 <LI><a href="#[8]">PendSV_Handler</a>&nbsp;&nbsp;&nbsp;&rArr;&nbsp;&nbsp;&nbsp;<a href="#[8]">PendSV_Handler</a><BR>
 <LI><a href="#[9]">SysTick_Handler</a>&nbsp;&nbsp;&nbsp;&rArr;&nbsp;&nbsp;&nbsp;<a href="#[9]">SysTick_Handler</a><BR>
 <LI><a href="#[61]">ACMP_DriverIRQHandler</a>&nbsp;&nbsp;&nbsp;&rArr;&nbsp;&nbsp;&nbsp;<a href="#[61]">ACMP_DriverIRQHandler</a><BR>
 <LI><a href="#[bd]">DbgConsole_SendData</a>&nbsp;&nbsp;&nbsp;&rArr;&nbsp;&nbsp;&nbsp;<a href="#[ba]">__aeabi_assert</a><BR>
 <LI><a href="#[d2]">SerialManager_Write</a>&nbsp;&nbsp;&nbsp;&rArr;&nbsp;&nbsp;&nbsp;<a href="#[ba]">__aeabi_assert</a><BR>
 <LI><a href="#[cc]">USART_WriteBlocking</a>&nbsp;&nbsp;&nbsp;&rArr;&nbsp;&nbsp;&nbsp;<a href="#[ba]">__aeabi_assert</a><BR>
 <LI><a href="#[cb]">HAL_UartSendBlocking</a>&nbsp;&nbsp;&nbsp;&rArr;&nbsp;&nbsp;&nbsp;<a href="#[ba]">__aeabi_assert</a><BR>
 <LI><a href="#[d1]">Serial_UartWrite</a>&nbsp;&nbsp;&nbsp;&rArr;&nbsp;&nbsp;&nbsp;<a href="#[ba]">__aeabi_assert</a><BR>
</UL>
<P>
<H3>
Function Pointers
</H3><UL>
 <LI><a href="#[61]">ACMP_DriverIRQHandler</a> from startup_lpc55s69_cm33_core0.o(.text) referenced from startup_lpc55s69_cm33_core0.o(.text)
 <LI><a href="#[22]">ACMP_IRQHandler</a> from startup_lpc55s69_cm33_core0.o(.text) referenced from startup_lpc55s69_cm33_core0.o(RESET)
 <LI><a href="#[5f]">ADC0_DriverIRQHandler</a> from startup_lpc55s69_cm33_core0.o(.text) referenced from startup_lpc55s69_cm33_core0.o(.text)
 <LI><a href="#[20]">ADC0_IRQHandler</a> from startup_lpc55s69_cm33_core0.o(.text) referenced from startup_lpc55s69_cm33_core0.o(RESET)
 <LI><a href="#[4]">BusFault_Handler</a> from startup_lpc55s69_cm33_core0.o(.text) referenced from startup_lpc55s69_cm33_core0.o(RESET)
 <LI><a href="#[80]">CASER_DriverIRQHandler</a> from startup_lpc55s69_cm33_core0.o(.text) referenced from startup_lpc55s69_cm33_core0.o(.text)
 <LI><a href="#[41]">CASER_IRQHandler</a> from startup_lpc55s69_cm33_core0.o(.text) referenced from startup_lpc55s69_cm33_core0.o(RESET)
 <LI><a href="#[53]">CTIMER0_DriverIRQHandler</a> from startup_lpc55s69_cm33_core0.o(.text) referenced from startup_lpc55s69_cm33_core0.o(.text)
 <LI><a href="#[14]">CTIMER0_IRQHandler</a> from startup_lpc55s69_cm33_core0.o(.text) referenced from startup_lpc55s69_cm33_core0.o(RESET)
 <LI><a href="#[54]">CTIMER1_DriverIRQHandler</a> from startup_lpc55s69_cm33_core0.o(.text) referenced from startup_lpc55s69_cm33_core0.o(.text)
 <LI><a href="#[15]">CTIMER1_IRQHandler</a> from startup_lpc55s69_cm33_core0.o(.text) referenced from startup_lpc55s69_cm33_core0.o(RESET)
 <LI><a href="#[6d]">CTIMER2_DriverIRQHandler</a> from startup_lpc55s69_cm33_core0.o(.text) referenced from startup_lpc55s69_cm33_core0.o(.text)
 <LI><a href="#[2e]">CTIMER2_IRQHandler</a> from startup_lpc55s69_cm33_core0.o(.text) referenced from startup_lpc55s69_cm33_core0.o(RESET)
 <LI><a href="#[56]">CTIMER3_DriverIRQHandler</a> from startup_lpc55s69_cm33_core0.o(.text) referenced from startup_lpc55s69_cm33_core0.o(.text)
 <LI><a href="#[17]">CTIMER3_IRQHandler</a> from startup_lpc55s69_cm33_core0.o(.text) referenced from startup_lpc55s69_cm33_core0.o(RESET)
 <LI><a href="#[6e]">CTIMER4_DriverIRQHandler</a> from startup_lpc55s69_cm33_core0.o(.text) referenced from startup_lpc55s69_cm33_core0.o(.text)
 <LI><a href="#[2f]">CTIMER4_IRQHandler</a> from startup_lpc55s69_cm33_core0.o(.text) referenced from startup_lpc55s69_cm33_core0.o(RESET)
 <LI><a href="#[4a]">DMA0_DriverIRQHandler</a> from startup_lpc55s69_cm33_core0.o(.text) referenced from startup_lpc55s69_cm33_core0.o(.text)
 <LI><a href="#[b]">DMA0_IRQHandler</a> from startup_lpc55s69_cm33_core0.o(.text) referenced from startup_lpc55s69_cm33_core0.o(RESET)
 <LI><a href="#[83]">DMA1_DriverIRQHandler</a> from startup_lpc55s69_cm33_core0.o(.text) referenced from startup_lpc55s69_cm33_core0.o(.text)
 <LI><a href="#[44]">DMA1_IRQHandler</a> from startup_lpc55s69_cm33_core0.o(.text) referenced from startup_lpc55s69_cm33_core0.o(RESET)
 <LI><a href="#[85]">DbgConsole_PrintCallback</a> from fsl_debug_console.o(.text.DbgConsole_PrintCallback) referenced 2 times from fsl_debug_console.o(.text.DbgConsole_Printf)
 <LI><a href="#[7]">DebugMon_Handler</a> from startup_lpc55s69_cm33_core0.o(.text) referenced from startup_lpc55s69_cm33_core0.o(RESET)
 <LI><a href="#[57]">FLEXCOMM0_DriverIRQHandler</a> from fsl_flexcomm.o(.text.FLEXCOMM0_DriverIRQHandler) referenced from startup_lpc55s69_cm33_core0.o(.text)
 <LI><a href="#[18]">FLEXCOMM0_IRQHandler</a> from startup_lpc55s69_cm33_core0.o(.text) referenced from startup_lpc55s69_cm33_core0.o(RESET)
 <LI><a href="#[58]">FLEXCOMM1_DriverIRQHandler</a> from fsl_flexcomm.o(.text.FLEXCOMM1_DriverIRQHandler) referenced from startup_lpc55s69_cm33_core0.o(.text)
 <LI><a href="#[19]">FLEXCOMM1_IRQHandler</a> from startup_lpc55s69_cm33_core0.o(.text) referenced from startup_lpc55s69_cm33_core0.o(RESET)
 <LI><a href="#[59]">FLEXCOMM2_DriverIRQHandler</a> from fsl_flexcomm.o(.text.FLEXCOMM2_DriverIRQHandler) referenced from startup_lpc55s69_cm33_core0.o(.text)
 <LI><a href="#[1a]">FLEXCOMM2_IRQHandler</a> from startup_lpc55s69_cm33_core0.o(.text) referenced from startup_lpc55s69_cm33_core0.o(RESET)
 <LI><a href="#[5a]">FLEXCOMM3_DriverIRQHandler</a> from fsl_flexcomm.o(.text.FLEXCOMM3_DriverIRQHandler) referenced from startup_lpc55s69_cm33_core0.o(.text)
 <LI><a href="#[1b]">FLEXCOMM3_IRQHandler</a> from startup_lpc55s69_cm33_core0.o(.text) referenced from startup_lpc55s69_cm33_core0.o(RESET)
 <LI><a href="#[5b]">FLEXCOMM4_DriverIRQHandler</a> from fsl_flexcomm.o(.text.FLEXCOMM4_DriverIRQHandler) referenced from startup_lpc55s69_cm33_core0.o(.text)
 <LI><a href="#[1c]">FLEXCOMM4_IRQHandler</a> from startup_lpc55s69_cm33_core0.o(.text) referenced from startup_lpc55s69_cm33_core0.o(RESET)
 <LI><a href="#[5c]">FLEXCOMM5_DriverIRQHandler</a> from fsl_flexcomm.o(.text.FLEXCOMM5_DriverIRQHandler) referenced from startup_lpc55s69_cm33_core0.o(.text)
 <LI><a href="#[1d]">FLEXCOMM5_IRQHandler</a> from startup_lpc55s69_cm33_core0.o(.text) referenced from startup_lpc55s69_cm33_core0.o(RESET)
 <LI><a href="#[5d]">FLEXCOMM6_DriverIRQHandler</a> from fsl_flexcomm.o(.text.FLEXCOMM6_DriverIRQHandler) referenced from startup_lpc55s69_cm33_core0.o(.text)
 <LI><a href="#[1e]">FLEXCOMM6_IRQHandler</a> from startup_lpc55s69_cm33_core0.o(.text) referenced from startup_lpc55s69_cm33_core0.o(RESET)
 <LI><a href="#[5e]">FLEXCOMM7_DriverIRQHandler</a> from fsl_flexcomm.o(.text.FLEXCOMM7_DriverIRQHandler) referenced from startup_lpc55s69_cm33_core0.o(.text)
 <LI><a href="#[1f]">FLEXCOMM7_IRQHandler</a> from startup_lpc55s69_cm33_core0.o(.text) referenced from startup_lpc55s69_cm33_core0.o(RESET)
 <LI><a href="#[4b]">GINT0_DriverIRQHandler</a> from startup_lpc55s69_cm33_core0.o(.text) referenced from startup_lpc55s69_cm33_core0.o(.text)
 <LI><a href="#[c]">GINT0_IRQHandler</a> from startup_lpc55s69_cm33_core0.o(.text) referenced from startup_lpc55s69_cm33_core0.o(RESET)
 <LI><a href="#[4c]">GINT1_DriverIRQHandler</a> from startup_lpc55s69_cm33_core0.o(.text) referenced from startup_lpc55s69_cm33_core0.o(.text)
 <LI><a href="#[d]">GINT1_IRQHandler</a> from startup_lpc55s69_cm33_core0.o(.text) referenced from startup_lpc55s69_cm33_core0.o(RESET)
 <LI><a href="#[7f]">HASHCRYPT_DriverIRQHandler</a> from startup_lpc55s69_cm33_core0.o(.text) referenced from startup_lpc55s69_cm33_core0.o(.text)
 <LI><a href="#[40]">HASHCRYPT_IRQHandler</a> from startup_lpc55s69_cm33_core0.o(.text) referenced from startup_lpc55s69_cm33_core0.o(RESET)
 <LI><a href="#[2]">HardFault_Handler</a> from startup_lpc55s69_cm33_core0.o(.text) referenced from startup_lpc55s69_cm33_core0.o(RESET)
 <LI><a href="#[84]">LSPI_HS_DriverIRQHandler</a> from startup_lpc55s69_cm33_core0.o(.text) referenced from startup_lpc55s69_cm33_core0.o(.text)
 <LI><a href="#[45]">LSPI_HS_IRQHandler</a> from startup_lpc55s69_cm33_core0.o(.text) referenced from startup_lpc55s69_cm33_core0.o(RESET)
 <LI><a href="#[68]">MAILBOX_DriverIRQHandler</a> from startup_lpc55s69_cm33_core0.o(.text) referenced from startup_lpc55s69_cm33_core0.o(.text)
 <LI><a href="#[29]">MAILBOX_IRQHandler</a> from startup_lpc55s69_cm33_core0.o(.text) referenced from startup_lpc55s69_cm33_core0.o(RESET)
 <LI><a href="#[52]">MRT0_DriverIRQHandler</a> from startup_lpc55s69_cm33_core0.o(.text) referenced from startup_lpc55s69_cm33_core0.o(.text)
 <LI><a href="#[13]">MRT0_IRQHandler</a> from startup_lpc55s69_cm33_core0.o(.text) referenced from startup_lpc55s69_cm33_core0.o(RESET)
 <LI><a href="#[3]">MemManage_Handler</a> from startup_lpc55s69_cm33_core0.o(.text) referenced from startup_lpc55s69_cm33_core0.o(RESET)
 <LI><a href="#[1]">NMI_Handler</a> from startup_lpc55s69_cm33_core0.o(.text) referenced from startup_lpc55s69_cm33_core0.o(RESET)
 <LI><a href="#[6f]">OS_EVENT_DriverIRQHandler</a> from startup_lpc55s69_cm33_core0.o(.text) referenced from startup_lpc55s69_cm33_core0.o(.text)
 <LI><a href="#[30]">OS_EVENT_IRQHandler</a> from startup_lpc55s69_cm33_core0.o(.text) referenced from startup_lpc55s69_cm33_core0.o(RESET)
 <LI><a href="#[4d]">PIN_INT0_DriverIRQHandler</a> from startup_lpc55s69_cm33_core0.o(.text) referenced from startup_lpc55s69_cm33_core0.o(.text)
 <LI><a href="#[e]">PIN_INT0_IRQHandler</a> from startup_lpc55s69_cm33_core0.o(.text) referenced from startup_lpc55s69_cm33_core0.o(RESET)
 <LI><a href="#[4e]">PIN_INT1_DriverIRQHandler</a> from startup_lpc55s69_cm33_core0.o(.text) referenced from startup_lpc55s69_cm33_core0.o(.text)
 <LI><a href="#[f]">PIN_INT1_IRQHandler</a> from startup_lpc55s69_cm33_core0.o(.text) referenced from startup_lpc55s69_cm33_core0.o(RESET)
 <LI><a href="#[4f]">PIN_INT2_DriverIRQHandler</a> from startup_lpc55s69_cm33_core0.o(.text) referenced from startup_lpc55s69_cm33_core0.o(.text)
 <LI><a href="#[10]">PIN_INT2_IRQHandler</a> from startup_lpc55s69_cm33_core0.o(.text) referenced from startup_lpc55s69_cm33_core0.o(RESET)
 <LI><a href="#[50]">PIN_INT3_DriverIRQHandler</a> from startup_lpc55s69_cm33_core0.o(.text) referenced from startup_lpc55s69_cm33_core0.o(.text)
 <LI><a href="#[11]">PIN_INT3_IRQHandler</a> from startup_lpc55s69_cm33_core0.o(.text) referenced from startup_lpc55s69_cm33_core0.o(RESET)
 <LI><a href="#[69]">PIN_INT4_DriverIRQHandler</a> from startup_lpc55s69_cm33_core0.o(.text) referenced from startup_lpc55s69_cm33_core0.o(.text)
 <LI><a href="#[2a]">PIN_INT4_IRQHandler</a> from startup_lpc55s69_cm33_core0.o(.text) referenced from startup_lpc55s69_cm33_core0.o(RESET)
 <LI><a href="#[6a]">PIN_INT5_DriverIRQHandler</a> from startup_lpc55s69_cm33_core0.o(.text) referenced from startup_lpc55s69_cm33_core0.o(.text)
 <LI><a href="#[2b]">PIN_INT5_IRQHandler</a> from startup_lpc55s69_cm33_core0.o(.text) referenced from startup_lpc55s69_cm33_core0.o(RESET)
 <LI><a href="#[6b]">PIN_INT6_DriverIRQHandler</a> from startup_lpc55s69_cm33_core0.o(.text) referenced from startup_lpc55s69_cm33_core0.o(.text)
 <LI><a href="#[2c]">PIN_INT6_IRQHandler</a> from startup_lpc55s69_cm33_core0.o(.text) referenced from startup_lpc55s69_cm33_core0.o(RESET)
 <LI><a href="#[6c]">PIN_INT7_DriverIRQHandler</a> from startup_lpc55s69_cm33_core0.o(.text) referenced from startup_lpc55s69_cm33_core0.o(.text)
 <LI><a href="#[2d]">PIN_INT7_IRQHandler</a> from startup_lpc55s69_cm33_core0.o(.text) referenced from startup_lpc55s69_cm33_core0.o(RESET)
 <LI><a href="#[7d]">PLU_DriverIRQHandler</a> from startup_lpc55s69_cm33_core0.o(.text) referenced from startup_lpc55s69_cm33_core0.o(.text)
 <LI><a href="#[3e]">PLU_IRQHandler</a> from startup_lpc55s69_cm33_core0.o(.text) referenced from startup_lpc55s69_cm33_core0.o(RESET)
 <LI><a href="#[82]">PQ_DriverIRQHandler</a> from startup_lpc55s69_cm33_core0.o(.text) referenced from startup_lpc55s69_cm33_core0.o(.text)
 <LI><a href="#[43]">PQ_IRQHandler</a> from startup_lpc55s69_cm33_core0.o(.text) referenced from startup_lpc55s69_cm33_core0.o(RESET)
 <LI><a href="#[81]">PUF_DriverIRQHandler</a> from startup_lpc55s69_cm33_core0.o(.text) referenced from startup_lpc55s69_cm33_core0.o(.text)
 <LI><a href="#[42]">PUF_IRQHandler</a> from startup_lpc55s69_cm33_core0.o(.text) referenced from startup_lpc55s69_cm33_core0.o(RESET)
 <LI><a href="#[8]">PendSV_Handler</a> from startup_lpc55s69_cm33_core0.o(.text) referenced from startup_lpc55s69_cm33_core0.o(RESET)
 <LI><a href="#[66]">RTC_DriverIRQHandler</a> from startup_lpc55s69_cm33_core0.o(.text) referenced from startup_lpc55s69_cm33_core0.o(.text)
 <LI><a href="#[27]">RTC_IRQHandler</a> from startup_lpc55s69_cm33_core0.o(.text) referenced from startup_lpc55s69_cm33_core0.o(RESET)
 <LI><a href="#[60]">Reserved39_DriverIRQHandler</a> from startup_lpc55s69_cm33_core0.o(.text) referenced from startup_lpc55s69_cm33_core0.o(.text)
 <LI><a href="#[21]">Reserved39_IRQHandler</a> from startup_lpc55s69_cm33_core0.o(.text) referenced from startup_lpc55s69_cm33_core0.o(RESET)
 <LI><a href="#[62]">Reserved41_DriverIRQHandler</a> from startup_lpc55s69_cm33_core0.o(.text) referenced from startup_lpc55s69_cm33_core0.o(.text)
 <LI><a href="#[23]">Reserved41_IRQHandler</a> from startup_lpc55s69_cm33_core0.o(.text) referenced from startup_lpc55s69_cm33_core0.o(RESET)
 <LI><a href="#[63]">Reserved42_DriverIRQHandler</a> from startup_lpc55s69_cm33_core0.o(.text) referenced from startup_lpc55s69_cm33_core0.o(.text)
 <LI><a href="#[24]">Reserved42_IRQHandler</a> from startup_lpc55s69_cm33_core0.o(.text) referenced from startup_lpc55s69_cm33_core0.o(RESET)
 <LI><a href="#[67]">Reserved46_DriverIRQHandler</a> from startup_lpc55s69_cm33_core0.o(.text) referenced from startup_lpc55s69_cm33_core0.o(.text)
 <LI><a href="#[28]">Reserved46_IRQHandler</a> from startup_lpc55s69_cm33_core0.o(.text) referenced from startup_lpc55s69_cm33_core0.o(RESET)
 <LI><a href="#[70]">Reserved55_DriverIRQHandler</a> from startup_lpc55s69_cm33_core0.o(.text) referenced from startup_lpc55s69_cm33_core0.o(.text)
 <LI><a href="#[31]">Reserved55_IRQHandler</a> from startup_lpc55s69_cm33_core0.o(.text) referenced from startup_lpc55s69_cm33_core0.o(RESET)
 <LI><a href="#[71]">Reserved56_DriverIRQHandler</a> from startup_lpc55s69_cm33_core0.o(.text) referenced from startup_lpc55s69_cm33_core0.o(.text)
 <LI><a href="#[32]">Reserved56_IRQHandler</a> from startup_lpc55s69_cm33_core0.o(.text) referenced from startup_lpc55s69_cm33_core0.o(RESET)
 <LI><a href="#[72]">Reserved57_DriverIRQHandler</a> from startup_lpc55s69_cm33_core0.o(.text) referenced from startup_lpc55s69_cm33_core0.o(.text)
 <LI><a href="#[33]">Reserved57_IRQHandler</a> from startup_lpc55s69_cm33_core0.o(.text) referenced from startup_lpc55s69_cm33_core0.o(RESET)
 <LI><a href="#[74]">Reserved59_DriverIRQHandler</a> from startup_lpc55s69_cm33_core0.o(.text) referenced from startup_lpc55s69_cm33_core0.o(.text)
 <LI><a href="#[35]">Reserved59_IRQHandler</a> from startup_lpc55s69_cm33_core0.o(.text) referenced from startup_lpc55s69_cm33_core0.o(RESET)
 <LI><a href="#[75]">Reserved60_DriverIRQHandler</a> from startup_lpc55s69_cm33_core0.o(.text) referenced from startup_lpc55s69_cm33_core0.o(.text)
 <LI><a href="#[36]">Reserved60_IRQHandler</a> from startup_lpc55s69_cm33_core0.o(.text) referenced from startup_lpc55s69_cm33_core0.o(RESET)
 <LI><a href="#[76]">Reserved61_DriverIRQHandler</a> from startup_lpc55s69_cm33_core0.o(.text) referenced from startup_lpc55s69_cm33_core0.o(.text)
 <LI><a href="#[37]">Reserved61_IRQHandler</a> from startup_lpc55s69_cm33_core0.o(.text) referenced from startup_lpc55s69_cm33_core0.o(RESET)
 <LI><a href="#[0]">Reset_Handler</a> from startup_lpc55s69_cm33_core0.o(.text) referenced from startup_lpc55s69_cm33_core0.o(RESET)
 <LI><a href="#[55]">SCT0_DriverIRQHandler</a> from startup_lpc55s69_cm33_core0.o(.text) referenced from startup_lpc55s69_cm33_core0.o(.text)
 <LI><a href="#[16]">SCT0_IRQHandler</a> from startup_lpc55s69_cm33_core0.o(.text) referenced from startup_lpc55s69_cm33_core0.o(RESET)
 <LI><a href="#[73]">SDIO_DriverIRQHandler</a> from startup_lpc55s69_cm33_core0.o(.text) referenced from startup_lpc55s69_cm33_core0.o(.text)
 <LI><a href="#[34]">SDIO_IRQHandler</a> from startup_lpc55s69_cm33_core0.o(.text) referenced from startup_lpc55s69_cm33_core0.o(RESET)
 <LI><a href="#[7b]">SEC_GPIO_INT0_IRQ0_DriverIRQHandler</a> from startup_lpc55s69_cm33_core0.o(.text) referenced from startup_lpc55s69_cm33_core0.o(.text)
 <LI><a href="#[3c]">SEC_GPIO_INT0_IRQ0_IRQHandler</a> from startup_lpc55s69_cm33_core0.o(.text) referenced from startup_lpc55s69_cm33_core0.o(RESET)
 <LI><a href="#[7c]">SEC_GPIO_INT0_IRQ1_DriverIRQHandler</a> from startup_lpc55s69_cm33_core0.o(.text) referenced from startup_lpc55s69_cm33_core0.o(.text)
 <LI><a href="#[3d]">SEC_GPIO_INT0_IRQ1_IRQHandler</a> from startup_lpc55s69_cm33_core0.o(.text) referenced from startup_lpc55s69_cm33_core0.o(RESET)
 <LI><a href="#[7a]">SEC_HYPERVISOR_CALL_DriverIRQHandler</a> from startup_lpc55s69_cm33_core0.o(.text) referenced from startup_lpc55s69_cm33_core0.o(.text)
 <LI><a href="#[3b]">SEC_HYPERVISOR_CALL_IRQHandler</a> from startup_lpc55s69_cm33_core0.o(.text) referenced from startup_lpc55s69_cm33_core0.o(RESET)
 <LI><a href="#[7e]">SEC_VIO_DriverIRQHandler</a> from startup_lpc55s69_cm33_core0.o(.text) referenced from startup_lpc55s69_cm33_core0.o(.text)
 <LI><a href="#[3f]">SEC_VIO_IRQHandler</a> from startup_lpc55s69_cm33_core0.o(.text) referenced from startup_lpc55s69_cm33_core0.o(RESET)
 <LI><a href="#[6]">SVC_Handler</a> from startup_lpc55s69_cm33_core0.o(.text) referenced from startup_lpc55s69_cm33_core0.o(RESET)
 <LI><a href="#[9]">SysTick_Handler</a> from startup_lpc55s69_cm33_core0.o(.text) referenced from startup_lpc55s69_cm33_core0.o(RESET)
 <LI><a href="#[47]">SystemInit</a> from system_lpc55s69_cm33_core0.o(.text.SystemInit) referenced from startup_lpc55s69_cm33_core0.o(.text)
 <LI><a href="#[65]">USB0_DriverIRQHandler</a> from startup_lpc55s69_cm33_core0.o(.text) referenced from startup_lpc55s69_cm33_core0.o(.text)
 <LI><a href="#[26]">USB0_IRQHandler</a> from startup_lpc55s69_cm33_core0.o(.text) referenced from startup_lpc55s69_cm33_core0.o(RESET)
 <LI><a href="#[64]">USB0_NEEDCLK_DriverIRQHandler</a> from startup_lpc55s69_cm33_core0.o(.text) referenced from startup_lpc55s69_cm33_core0.o(.text)
 <LI><a href="#[25]">USB0_NEEDCLK_IRQHandler</a> from startup_lpc55s69_cm33_core0.o(.text) referenced from startup_lpc55s69_cm33_core0.o(RESET)
 <LI><a href="#[78]">USB1_DriverIRQHandler</a> from startup_lpc55s69_cm33_core0.o(.text) referenced from startup_lpc55s69_cm33_core0.o(.text)
 <LI><a href="#[39]">USB1_IRQHandler</a> from startup_lpc55s69_cm33_core0.o(.text) referenced from startup_lpc55s69_cm33_core0.o(RESET)
 <LI><a href="#[79]">USB1_NEEDCLK_DriverIRQHandler</a> from startup_lpc55s69_cm33_core0.o(.text) referenced from startup_lpc55s69_cm33_core0.o(.text)
 <LI><a href="#[3a]">USB1_NEEDCLK_IRQHandler</a> from startup_lpc55s69_cm33_core0.o(.text) referenced from startup_lpc55s69_cm33_core0.o(RESET)
 <LI><a href="#[77]">USB1_UTMI_DriverIRQHandler</a> from startup_lpc55s69_cm33_core0.o(.text) referenced from startup_lpc55s69_cm33_core0.o(.text)
 <LI><a href="#[38]">USB1_UTMI_IRQHandler</a> from startup_lpc55s69_cm33_core0.o(.text) referenced from startup_lpc55s69_cm33_core0.o(RESET)
 <LI><a href="#[51]">UTICK0_DriverIRQHandler</a> from startup_lpc55s69_cm33_core0.o(.text) referenced from startup_lpc55s69_cm33_core0.o(.text)
 <LI><a href="#[12]">UTICK0_IRQHandler</a> from startup_lpc55s69_cm33_core0.o(.text) referenced from startup_lpc55s69_cm33_core0.o(RESET)
 <LI><a href="#[5]">UsageFault_Handler</a> from startup_lpc55s69_cm33_core0.o(.text) referenced from startup_lpc55s69_cm33_core0.o(RESET)
 <LI><a href="#[49]">WDT_BOD_DriverIRQHandler</a> from startup_lpc55s69_cm33_core0.o(.text) referenced from startup_lpc55s69_cm33_core0.o(.text)
 <LI><a href="#[a]">WDT_BOD_IRQHandler</a> from startup_lpc55s69_cm33_core0.o(.text) referenced from startup_lpc55s69_cm33_core0.o(RESET)
 <LI><a href="#[48]">__main</a> from entry.o(.ARM.Collect$$$$00000000) referenced from startup_lpc55s69_cm33_core0.o(.text)
 <LI><a href="#[46]">main</a> from usart_polling.o(.text.main) referenced from entry9a.o(.ARM.Collect$$$$0000000B)
</UL>
<P>
<H3>
Global Symbols
</H3>
<P><STRONG><a name="[48]"></a>__main</STRONG> (Thumb, 0 bytes, Stack size unknown bytes, entry.o(.ARM.Collect$$$$00000000))
<BR>[Address Reference Count : 1]<UL><LI> startup_lpc55s69_cm33_core0.o(.text)
</UL>
<P><STRONG><a name="[d8]"></a>_main_stk</STRONG> (Thumb, 0 bytes, Stack size unknown bytes, entry4.o(.ARM.Collect$$$$00000003))

<P><STRONG><a name="[86]"></a>_main_scatterload</STRONG> (Thumb, 0 bytes, Stack size unknown bytes, entry5.o(.ARM.Collect$$$$00000004))
<BR><BR>[Calls]<UL><LI><a href="#[87]">&gt;&gt;</a>&nbsp;&nbsp;&nbsp;__scatterload
</UL>

<P><STRONG><a name="[92]"></a>__main_after_scatterload</STRONG> (Thumb, 0 bytes, Stack size unknown bytes, entry5.o(.ARM.Collect$$$$00000004))
<BR><BR>[Called By]<UL><LI><a href="#[87]">&gt;&gt;</a>&nbsp;&nbsp;&nbsp;__scatterload
</UL>

<P><STRONG><a name="[d9]"></a>_main_clock</STRONG> (Thumb, 0 bytes, Stack size unknown bytes, entry7b.o(.ARM.Collect$$$$00000008))

<P><STRONG><a name="[da]"></a>_main_cpp_init</STRONG> (Thumb, 0 bytes, Stack size unknown bytes, entry8b.o(.ARM.Collect$$$$0000000A))

<P><STRONG><a name="[db]"></a>_main_init</STRONG> (Thumb, 0 bytes, Stack size unknown bytes, entry9a.o(.ARM.Collect$$$$0000000B))

<P><STRONG><a name="[dc]"></a>__rt_final_cpp</STRONG> (Thumb, 0 bytes, Stack size unknown bytes, entry10a.o(.ARM.Collect$$$$0000000D))

<P><STRONG><a name="[dd]"></a>__rt_final_exit</STRONG> (Thumb, 0 bytes, Stack size unknown bytes, entry11a.o(.ARM.Collect$$$$0000000F))

<P><STRONG><a name="[0]"></a>Reset_Handler</STRONG> (Thumb, 18 bytes, Stack size 0 bytes, startup_lpc55s69_cm33_core0.o(.text))
<BR>[Address Reference Count : 1]<UL><LI> startup_lpc55s69_cm33_core0.o(RESET)
</UL>
<P><STRONG><a name="[1]"></a>NMI_Handler</STRONG> (Thumb, 2 bytes, Stack size 0 bytes, startup_lpc55s69_cm33_core0.o(.text))
<BR><BR>[Calls]<UL><LI><a href="#[1]">&gt;&gt;</a>&nbsp;&nbsp;&nbsp;NMI_Handler
</UL>
<BR>[Called By]<UL><LI><a href="#[1]">&gt;&gt;</a>&nbsp;&nbsp;&nbsp;NMI_Handler
</UL>
<BR>[Address Reference Count : 1]<UL><LI> startup_lpc55s69_cm33_core0.o(RESET)
</UL>
<P><STRONG><a name="[2]"></a>HardFault_Handler</STRONG> (Thumb, 2 bytes, Stack size 0 bytes, startup_lpc55s69_cm33_core0.o(.text))
<BR><BR>[Calls]<UL><LI><a href="#[2]">&gt;&gt;</a>&nbsp;&nbsp;&nbsp;HardFault_Handler
</UL>
<BR>[Called By]<UL><LI><a href="#[2]">&gt;&gt;</a>&nbsp;&nbsp;&nbsp;HardFault_Handler
</UL>
<BR>[Address Reference Count : 1]<UL><LI> startup_lpc55s69_cm33_core0.o(RESET)
</UL>
<P><STRONG><a name="[3]"></a>MemManage_Handler</STRONG> (Thumb, 2 bytes, Stack size 0 bytes, startup_lpc55s69_cm33_core0.o(.text))
<BR><BR>[Calls]<UL><LI><a href="#[3]">&gt;&gt;</a>&nbsp;&nbsp;&nbsp;MemManage_Handler
</UL>
<BR>[Called By]<UL><LI><a href="#[3]">&gt;&gt;</a>&nbsp;&nbsp;&nbsp;MemManage_Handler
</UL>
<BR>[Address Reference Count : 1]<UL><LI> startup_lpc55s69_cm33_core0.o(RESET)
</UL>
<P><STRONG><a name="[4]"></a>BusFault_Handler</STRONG> (Thumb, 2 bytes, Stack size 0 bytes, startup_lpc55s69_cm33_core0.o(.text))
<BR><BR>[Calls]<UL><LI><a href="#[4]">&gt;&gt;</a>&nbsp;&nbsp;&nbsp;BusFault_Handler
</UL>
<BR>[Called By]<UL><LI><a href="#[4]">&gt;&gt;</a>&nbsp;&nbsp;&nbsp;BusFault_Handler
</UL>
<BR>[Address Reference Count : 1]<UL><LI> startup_lpc55s69_cm33_core0.o(RESET)
</UL>
<P><STRONG><a name="[5]"></a>UsageFault_Handler</STRONG> (Thumb, 2 bytes, Stack size 0 bytes, startup_lpc55s69_cm33_core0.o(.text))
<BR><BR>[Calls]<UL><LI><a href="#[5]">&gt;&gt;</a>&nbsp;&nbsp;&nbsp;UsageFault_Handler
</UL>
<BR>[Called By]<UL><LI><a href="#[5]">&gt;&gt;</a>&nbsp;&nbsp;&nbsp;UsageFault_Handler
</UL>
<BR>[Address Reference Count : 1]<UL><LI> startup_lpc55s69_cm33_core0.o(RESET)
</UL>
<P><STRONG><a name="[6]"></a>SVC_Handler</STRONG> (Thumb, 2 bytes, Stack size 0 bytes, startup_lpc55s69_cm33_core0.o(.text))
<BR><BR>[Calls]<UL><LI><a href="#[6]">&gt;&gt;</a>&nbsp;&nbsp;&nbsp;SVC_Handler
</UL>
<BR>[Called By]<UL><LI><a href="#[6]">&gt;&gt;</a>&nbsp;&nbsp;&nbsp;SVC_Handler
</UL>
<BR>[Address Reference Count : 1]<UL><LI> startup_lpc55s69_cm33_core0.o(RESET)
</UL>
<P><STRONG><a name="[7]"></a>DebugMon_Handler</STRONG> (Thumb, 2 bytes, Stack size 0 bytes, startup_lpc55s69_cm33_core0.o(.text))
<BR><BR>[Calls]<UL><LI><a href="#[7]">&gt;&gt;</a>&nbsp;&nbsp;&nbsp;DebugMon_Handler
</UL>
<BR>[Called By]<UL><LI><a href="#[7]">&gt;&gt;</a>&nbsp;&nbsp;&nbsp;DebugMon_Handler
</UL>
<BR>[Address Reference Count : 1]<UL><LI> startup_lpc55s69_cm33_core0.o(RESET)
</UL>
<P><STRONG><a name="[8]"></a>PendSV_Handler</STRONG> (Thumb, 2 bytes, Stack size 0 bytes, startup_lpc55s69_cm33_core0.o(.text))
<BR><BR>[Calls]<UL><LI><a href="#[8]">&gt;&gt;</a>&nbsp;&nbsp;&nbsp;PendSV_Handler
</UL>
<BR>[Called By]<UL><LI><a href="#[8]">&gt;&gt;</a>&nbsp;&nbsp;&nbsp;PendSV_Handler
</UL>
<BR>[Address Reference Count : 1]<UL><LI> startup_lpc55s69_cm33_core0.o(RESET)
</UL>
<P><STRONG><a name="[9]"></a>SysTick_Handler</STRONG> (Thumb, 2 bytes, Stack size 0 bytes, startup_lpc55s69_cm33_core0.o(.text))
<BR><BR>[Calls]<UL><LI><a href="#[9]">&gt;&gt;</a>&nbsp;&nbsp;&nbsp;SysTick_Handler
</UL>
<BR>[Called By]<UL><LI><a href="#[9]">&gt;&gt;</a>&nbsp;&nbsp;&nbsp;SysTick_Handler
</UL>
<BR>[Address Reference Count : 1]<UL><LI> startup_lpc55s69_cm33_core0.o(RESET)
</UL>
<P><STRONG><a name="[a]"></a>WDT_BOD_IRQHandler</STRONG> (Thumb, 4 bytes, Stack size 0 bytes, startup_lpc55s69_cm33_core0.o(.text))
<BR>[Address Reference Count : 1]<UL><LI> startup_lpc55s69_cm33_core0.o(RESET)
</UL>
<P><STRONG><a name="[b]"></a>DMA0_IRQHandler</STRONG> (Thumb, 4 bytes, Stack size 0 bytes, startup_lpc55s69_cm33_core0.o(.text))
<BR>[Address Reference Count : 1]<UL><LI> startup_lpc55s69_cm33_core0.o(RESET)
</UL>
<P><STRONG><a name="[c]"></a>GINT0_IRQHandler</STRONG> (Thumb, 4 bytes, Stack size 0 bytes, startup_lpc55s69_cm33_core0.o(.text))
<BR>[Address Reference Count : 1]<UL><LI> startup_lpc55s69_cm33_core0.o(RESET)
</UL>
<P><STRONG><a name="[d]"></a>GINT1_IRQHandler</STRONG> (Thumb, 4 bytes, Stack size 0 bytes, startup_lpc55s69_cm33_core0.o(.text))
<BR>[Address Reference Count : 1]<UL><LI> startup_lpc55s69_cm33_core0.o(RESET)
</UL>
<P><STRONG><a name="[e]"></a>PIN_INT0_IRQHandler</STRONG> (Thumb, 4 bytes, Stack size 0 bytes, startup_lpc55s69_cm33_core0.o(.text))
<BR>[Address Reference Count : 1]<UL><LI> startup_lpc55s69_cm33_core0.o(RESET)
</UL>
<P><STRONG><a name="[f]"></a>PIN_INT1_IRQHandler</STRONG> (Thumb, 4 bytes, Stack size 0 bytes, startup_lpc55s69_cm33_core0.o(.text))
<BR>[Address Reference Count : 1]<UL><LI> startup_lpc55s69_cm33_core0.o(RESET)
</UL>
<P><STRONG><a name="[10]"></a>PIN_INT2_IRQHandler</STRONG> (Thumb, 4 bytes, Stack size 0 bytes, startup_lpc55s69_cm33_core0.o(.text))
<BR>[Address Reference Count : 1]<UL><LI> startup_lpc55s69_cm33_core0.o(RESET)
</UL>
<P><STRONG><a name="[11]"></a>PIN_INT3_IRQHandler</STRONG> (Thumb, 4 bytes, Stack size 0 bytes, startup_lpc55s69_cm33_core0.o(.text))
<BR>[Address Reference Count : 1]<UL><LI> startup_lpc55s69_cm33_core0.o(RESET)
</UL>
<P><STRONG><a name="[12]"></a>UTICK0_IRQHandler</STRONG> (Thumb, 4 bytes, Stack size 0 bytes, startup_lpc55s69_cm33_core0.o(.text))
<BR>[Address Reference Count : 1]<UL><LI> startup_lpc55s69_cm33_core0.o(RESET)
</UL>
<P><STRONG><a name="[13]"></a>MRT0_IRQHandler</STRONG> (Thumb, 4 bytes, Stack size 0 bytes, startup_lpc55s69_cm33_core0.o(.text))
<BR>[Address Reference Count : 1]<UL><LI> startup_lpc55s69_cm33_core0.o(RESET)
</UL>
<P><STRONG><a name="[14]"></a>CTIMER0_IRQHandler</STRONG> (Thumb, 4 bytes, Stack size 0 bytes, startup_lpc55s69_cm33_core0.o(.text))
<BR>[Address Reference Count : 1]<UL><LI> startup_lpc55s69_cm33_core0.o(RESET)
</UL>
<P><STRONG><a name="[15]"></a>CTIMER1_IRQHandler</STRONG> (Thumb, 4 bytes, Stack size 0 bytes, startup_lpc55s69_cm33_core0.o(.text))
<BR>[Address Reference Count : 1]<UL><LI> startup_lpc55s69_cm33_core0.o(RESET)
</UL>
<P><STRONG><a name="[16]"></a>SCT0_IRQHandler</STRONG> (Thumb, 4 bytes, Stack size 0 bytes, startup_lpc55s69_cm33_core0.o(.text))
<BR>[Address Reference Count : 1]<UL><LI> startup_lpc55s69_cm33_core0.o(RESET)
</UL>
<P><STRONG><a name="[17]"></a>CTIMER3_IRQHandler</STRONG> (Thumb, 4 bytes, Stack size 0 bytes, startup_lpc55s69_cm33_core0.o(.text))
<BR>[Address Reference Count : 1]<UL><LI> startup_lpc55s69_cm33_core0.o(RESET)
</UL>
<P><STRONG><a name="[18]"></a>FLEXCOMM0_IRQHandler</STRONG> (Thumb, 4 bytes, Stack size 0 bytes, startup_lpc55s69_cm33_core0.o(.text))
<BR>[Address Reference Count : 1]<UL><LI> startup_lpc55s69_cm33_core0.o(RESET)
</UL>
<P><STRONG><a name="[19]"></a>FLEXCOMM1_IRQHandler</STRONG> (Thumb, 4 bytes, Stack size 0 bytes, startup_lpc55s69_cm33_core0.o(.text))
<BR>[Address Reference Count : 1]<UL><LI> startup_lpc55s69_cm33_core0.o(RESET)
</UL>
<P><STRONG><a name="[1a]"></a>FLEXCOMM2_IRQHandler</STRONG> (Thumb, 4 bytes, Stack size 0 bytes, startup_lpc55s69_cm33_core0.o(.text))
<BR>[Address Reference Count : 1]<UL><LI> startup_lpc55s69_cm33_core0.o(RESET)
</UL>
<P><STRONG><a name="[1b]"></a>FLEXCOMM3_IRQHandler</STRONG> (Thumb, 4 bytes, Stack size 0 bytes, startup_lpc55s69_cm33_core0.o(.text))
<BR>[Address Reference Count : 1]<UL><LI> startup_lpc55s69_cm33_core0.o(RESET)
</UL>
<P><STRONG><a name="[1c]"></a>FLEXCOMM4_IRQHandler</STRONG> (Thumb, 4 bytes, Stack size 0 bytes, startup_lpc55s69_cm33_core0.o(.text))
<BR>[Address Reference Count : 1]<UL><LI> startup_lpc55s69_cm33_core0.o(RESET)
</UL>
<P><STRONG><a name="[1d]"></a>FLEXCOMM5_IRQHandler</STRONG> (Thumb, 4 bytes, Stack size 0 bytes, startup_lpc55s69_cm33_core0.o(.text))
<BR>[Address Reference Count : 1]<UL><LI> startup_lpc55s69_cm33_core0.o(RESET)
</UL>
<P><STRONG><a name="[1e]"></a>FLEXCOMM6_IRQHandler</STRONG> (Thumb, 4 bytes, Stack size 0 bytes, startup_lpc55s69_cm33_core0.o(.text))
<BR>[Address Reference Count : 1]<UL><LI> startup_lpc55s69_cm33_core0.o(RESET)
</UL>
<P><STRONG><a name="[1f]"></a>FLEXCOMM7_IRQHandler</STRONG> (Thumb, 4 bytes, Stack size 0 bytes, startup_lpc55s69_cm33_core0.o(.text))
<BR>[Address Reference Count : 1]<UL><LI> startup_lpc55s69_cm33_core0.o(RESET)
</UL>
<P><STRONG><a name="[20]"></a>ADC0_IRQHandler</STRONG> (Thumb, 4 bytes, Stack size 0 bytes, startup_lpc55s69_cm33_core0.o(.text))
<BR>[Address Reference Count : 1]<UL><LI> startup_lpc55s69_cm33_core0.o(RESET)
</UL>
<P><STRONG><a name="[21]"></a>Reserved39_IRQHandler</STRONG> (Thumb, 4 bytes, Stack size 0 bytes, startup_lpc55s69_cm33_core0.o(.text))
<BR>[Address Reference Count : 1]<UL><LI> startup_lpc55s69_cm33_core0.o(RESET)
</UL>
<P><STRONG><a name="[22]"></a>ACMP_IRQHandler</STRONG> (Thumb, 4 bytes, Stack size 0 bytes, startup_lpc55s69_cm33_core0.o(.text))
<BR>[Address Reference Count : 1]<UL><LI> startup_lpc55s69_cm33_core0.o(RESET)
</UL>
<P><STRONG><a name="[23]"></a>Reserved41_IRQHandler</STRONG> (Thumb, 4 bytes, Stack size 0 bytes, startup_lpc55s69_cm33_core0.o(.text))
<BR>[Address Reference Count : 1]<UL><LI> startup_lpc55s69_cm33_core0.o(RESET)
</UL>
<P><STRONG><a name="[24]"></a>Reserved42_IRQHandler</STRONG> (Thumb, 4 bytes, Stack size 0 bytes, startup_lpc55s69_cm33_core0.o(.text))
<BR>[Address Reference Count : 1]<UL><LI> startup_lpc55s69_cm33_core0.o(RESET)
</UL>
<P><STRONG><a name="[25]"></a>USB0_NEEDCLK_IRQHandler</STRONG> (Thumb, 4 bytes, Stack size 0 bytes, startup_lpc55s69_cm33_core0.o(.text))
<BR>[Address Reference Count : 1]<UL><LI> startup_lpc55s69_cm33_core0.o(RESET)
</UL>
<P><STRONG><a name="[26]"></a>USB0_IRQHandler</STRONG> (Thumb, 4 bytes, Stack size 0 bytes, startup_lpc55s69_cm33_core0.o(.text))
<BR>[Address Reference Count : 1]<UL><LI> startup_lpc55s69_cm33_core0.o(RESET)
</UL>
<P><STRONG><a name="[27]"></a>RTC_IRQHandler</STRONG> (Thumb, 4 bytes, Stack size 0 bytes, startup_lpc55s69_cm33_core0.o(.text))
<BR>[Address Reference Count : 1]<UL><LI> startup_lpc55s69_cm33_core0.o(RESET)
</UL>
<P><STRONG><a name="[28]"></a>Reserved46_IRQHandler</STRONG> (Thumb, 4 bytes, Stack size 0 bytes, startup_lpc55s69_cm33_core0.o(.text))
<BR>[Address Reference Count : 1]<UL><LI> startup_lpc55s69_cm33_core0.o(RESET)
</UL>
<P><STRONG><a name="[29]"></a>MAILBOX_IRQHandler</STRONG> (Thumb, 4 bytes, Stack size 0 bytes, startup_lpc55s69_cm33_core0.o(.text))
<BR>[Address Reference Count : 1]<UL><LI> startup_lpc55s69_cm33_core0.o(RESET)
</UL>
<P><STRONG><a name="[2a]"></a>PIN_INT4_IRQHandler</STRONG> (Thumb, 4 bytes, Stack size 0 bytes, startup_lpc55s69_cm33_core0.o(.text))
<BR>[Address Reference Count : 1]<UL><LI> startup_lpc55s69_cm33_core0.o(RESET)
</UL>
<P><STRONG><a name="[2b]"></a>PIN_INT5_IRQHandler</STRONG> (Thumb, 4 bytes, Stack size 0 bytes, startup_lpc55s69_cm33_core0.o(.text))
<BR>[Address Reference Count : 1]<UL><LI> startup_lpc55s69_cm33_core0.o(RESET)
</UL>
<P><STRONG><a name="[2c]"></a>PIN_INT6_IRQHandler</STRONG> (Thumb, 4 bytes, Stack size 0 bytes, startup_lpc55s69_cm33_core0.o(.text))
<BR>[Address Reference Count : 1]<UL><LI> startup_lpc55s69_cm33_core0.o(RESET)
</UL>
<P><STRONG><a name="[2d]"></a>PIN_INT7_IRQHandler</STRONG> (Thumb, 4 bytes, Stack size 0 bytes, startup_lpc55s69_cm33_core0.o(.text))
<BR>[Address Reference Count : 1]<UL><LI> startup_lpc55s69_cm33_core0.o(RESET)
</UL>
<P><STRONG><a name="[2e]"></a>CTIMER2_IRQHandler</STRONG> (Thumb, 4 bytes, Stack size 0 bytes, startup_lpc55s69_cm33_core0.o(.text))
<BR>[Address Reference Count : 1]<UL><LI> startup_lpc55s69_cm33_core0.o(RESET)
</UL>
<P><STRONG><a name="[2f]"></a>CTIMER4_IRQHandler</STRONG> (Thumb, 4 bytes, Stack size 0 bytes, startup_lpc55s69_cm33_core0.o(.text))
<BR>[Address Reference Count : 1]<UL><LI> startup_lpc55s69_cm33_core0.o(RESET)
</UL>
<P><STRONG><a name="[30]"></a>OS_EVENT_IRQHandler</STRONG> (Thumb, 4 bytes, Stack size 0 bytes, startup_lpc55s69_cm33_core0.o(.text))
<BR>[Address Reference Count : 1]<UL><LI> startup_lpc55s69_cm33_core0.o(RESET)
</UL>
<P><STRONG><a name="[31]"></a>Reserved55_IRQHandler</STRONG> (Thumb, 4 bytes, Stack size 0 bytes, startup_lpc55s69_cm33_core0.o(.text))
<BR>[Address Reference Count : 1]<UL><LI> startup_lpc55s69_cm33_core0.o(RESET)
</UL>
<P><STRONG><a name="[32]"></a>Reserved56_IRQHandler</STRONG> (Thumb, 4 bytes, Stack size 0 bytes, startup_lpc55s69_cm33_core0.o(.text))
<BR>[Address Reference Count : 1]<UL><LI> startup_lpc55s69_cm33_core0.o(RESET)
</UL>
<P><STRONG><a name="[33]"></a>Reserved57_IRQHandler</STRONG> (Thumb, 4 bytes, Stack size 0 bytes, startup_lpc55s69_cm33_core0.o(.text))
<BR>[Address Reference Count : 1]<UL><LI> startup_lpc55s69_cm33_core0.o(RESET)
</UL>
<P><STRONG><a name="[34]"></a>SDIO_IRQHandler</STRONG> (Thumb, 4 bytes, Stack size 0 bytes, startup_lpc55s69_cm33_core0.o(.text))
<BR>[Address Reference Count : 1]<UL><LI> startup_lpc55s69_cm33_core0.o(RESET)
</UL>
<P><STRONG><a name="[35]"></a>Reserved59_IRQHandler</STRONG> (Thumb, 4 bytes, Stack size 0 bytes, startup_lpc55s69_cm33_core0.o(.text))
<BR>[Address Reference Count : 1]<UL><LI> startup_lpc55s69_cm33_core0.o(RESET)
</UL>
<P><STRONG><a name="[36]"></a>Reserved60_IRQHandler</STRONG> (Thumb, 4 bytes, Stack size 0 bytes, startup_lpc55s69_cm33_core0.o(.text))
<BR>[Address Reference Count : 1]<UL><LI> startup_lpc55s69_cm33_core0.o(RESET)
</UL>
<P><STRONG><a name="[37]"></a>Reserved61_IRQHandler</STRONG> (Thumb, 4 bytes, Stack size 0 bytes, startup_lpc55s69_cm33_core0.o(.text))
<BR>[Address Reference Count : 1]<UL><LI> startup_lpc55s69_cm33_core0.o(RESET)
</UL>
<P><STRONG><a name="[38]"></a>USB1_UTMI_IRQHandler</STRONG> (Thumb, 4 bytes, Stack size 0 bytes, startup_lpc55s69_cm33_core0.o(.text))
<BR>[Address Reference Count : 1]<UL><LI> startup_lpc55s69_cm33_core0.o(RESET)
</UL>
<P><STRONG><a name="[39]"></a>USB1_IRQHandler</STRONG> (Thumb, 4 bytes, Stack size 0 bytes, startup_lpc55s69_cm33_core0.o(.text))
<BR>[Address Reference Count : 1]<UL><LI> startup_lpc55s69_cm33_core0.o(RESET)
</UL>
<P><STRONG><a name="[3a]"></a>USB1_NEEDCLK_IRQHandler</STRONG> (Thumb, 4 bytes, Stack size 0 bytes, startup_lpc55s69_cm33_core0.o(.text))
<BR>[Address Reference Count : 1]<UL><LI> startup_lpc55s69_cm33_core0.o(RESET)
</UL>
<P><STRONG><a name="[3b]"></a>SEC_HYPERVISOR_CALL_IRQHandler</STRONG> (Thumb, 4 bytes, Stack size 0 bytes, startup_lpc55s69_cm33_core0.o(.text))
<BR>[Address Reference Count : 1]<UL><LI> startup_lpc55s69_cm33_core0.o(RESET)
</UL>
<P><STRONG><a name="[3c]"></a>SEC_GPIO_INT0_IRQ0_IRQHandler</STRONG> (Thumb, 4 bytes, Stack size 0 bytes, startup_lpc55s69_cm33_core0.o(.text))
<BR>[Address Reference Count : 1]<UL><LI> startup_lpc55s69_cm33_core0.o(RESET)
</UL>
<P><STRONG><a name="[3d]"></a>SEC_GPIO_INT0_IRQ1_IRQHandler</STRONG> (Thumb, 4 bytes, Stack size 0 bytes, startup_lpc55s69_cm33_core0.o(.text))
<BR>[Address Reference Count : 1]<UL><LI> startup_lpc55s69_cm33_core0.o(RESET)
</UL>
<P><STRONG><a name="[3e]"></a>PLU_IRQHandler</STRONG> (Thumb, 4 bytes, Stack size 0 bytes, startup_lpc55s69_cm33_core0.o(.text))
<BR>[Address Reference Count : 1]<UL><LI> startup_lpc55s69_cm33_core0.o(RESET)
</UL>
<P><STRONG><a name="[3f]"></a>SEC_VIO_IRQHandler</STRONG> (Thumb, 4 bytes, Stack size 0 bytes, startup_lpc55s69_cm33_core0.o(.text))
<BR>[Address Reference Count : 1]<UL><LI> startup_lpc55s69_cm33_core0.o(RESET)
</UL>
<P><STRONG><a name="[40]"></a>HASHCRYPT_IRQHandler</STRONG> (Thumb, 4 bytes, Stack size 0 bytes, startup_lpc55s69_cm33_core0.o(.text))
<BR>[Address Reference Count : 1]<UL><LI> startup_lpc55s69_cm33_core0.o(RESET)
</UL>
<P><STRONG><a name="[41]"></a>CASER_IRQHandler</STRONG> (Thumb, 4 bytes, Stack size 0 bytes, startup_lpc55s69_cm33_core0.o(.text))
<BR>[Address Reference Count : 1]<UL><LI> startup_lpc55s69_cm33_core0.o(RESET)
</UL>
<P><STRONG><a name="[42]"></a>PUF_IRQHandler</STRONG> (Thumb, 4 bytes, Stack size 0 bytes, startup_lpc55s69_cm33_core0.o(.text))
<BR>[Address Reference Count : 1]<UL><LI> startup_lpc55s69_cm33_core0.o(RESET)
</UL>
<P><STRONG><a name="[43]"></a>PQ_IRQHandler</STRONG> (Thumb, 4 bytes, Stack size 0 bytes, startup_lpc55s69_cm33_core0.o(.text))
<BR>[Address Reference Count : 1]<UL><LI> startup_lpc55s69_cm33_core0.o(RESET)
</UL>
<P><STRONG><a name="[44]"></a>DMA1_IRQHandler</STRONG> (Thumb, 4 bytes, Stack size 0 bytes, startup_lpc55s69_cm33_core0.o(.text))
<BR>[Address Reference Count : 1]<UL><LI> startup_lpc55s69_cm33_core0.o(RESET)
</UL>
<P><STRONG><a name="[45]"></a>LSPI_HS_IRQHandler</STRONG> (Thumb, 4 bytes, Stack size 0 bytes, startup_lpc55s69_cm33_core0.o(.text))
<BR>[Address Reference Count : 1]<UL><LI> startup_lpc55s69_cm33_core0.o(RESET)
</UL>
<P><STRONG><a name="[61]"></a>ACMP_DriverIRQHandler</STRONG> (Thumb, 0 bytes, Stack size 0 bytes, startup_lpc55s69_cm33_core0.o(.text))
<BR><BR>[Calls]<UL><LI><a href="#[61]">&gt;&gt;</a>&nbsp;&nbsp;&nbsp;ACMP_DriverIRQHandler
</UL>
<BR>[Called By]<UL><LI><a href="#[61]">&gt;&gt;</a>&nbsp;&nbsp;&nbsp;ACMP_DriverIRQHandler
</UL>
<BR>[Address Reference Count : 1]<UL><LI> startup_lpc55s69_cm33_core0.o(.text)
</UL>
<P><STRONG><a name="[5f]"></a>ADC0_DriverIRQHandler</STRONG> (Thumb, 0 bytes, Stack size 0 bytes, startup_lpc55s69_cm33_core0.o(.text))
<BR>[Address Reference Count : 1]<UL><LI> startup_lpc55s69_cm33_core0.o(.text)
</UL>
<P><STRONG><a name="[80]"></a>CASER_DriverIRQHandler</STRONG> (Thumb, 0 bytes, Stack size 0 bytes, startup_lpc55s69_cm33_core0.o(.text))
<BR>[Address Reference Count : 1]<UL><LI> startup_lpc55s69_cm33_core0.o(.text)
</UL>
<P><STRONG><a name="[53]"></a>CTIMER0_DriverIRQHandler</STRONG> (Thumb, 0 bytes, Stack size 0 bytes, startup_lpc55s69_cm33_core0.o(.text))
<BR>[Address Reference Count : 1]<UL><LI> startup_lpc55s69_cm33_core0.o(.text)
</UL>
<P><STRONG><a name="[54]"></a>CTIMER1_DriverIRQHandler</STRONG> (Thumb, 0 bytes, Stack size 0 bytes, startup_lpc55s69_cm33_core0.o(.text))
<BR>[Address Reference Count : 1]<UL><LI> startup_lpc55s69_cm33_core0.o(.text)
</UL>
<P><STRONG><a name="[6d]"></a>CTIMER2_DriverIRQHandler</STRONG> (Thumb, 0 bytes, Stack size 0 bytes, startup_lpc55s69_cm33_core0.o(.text))
<BR>[Address Reference Count : 1]<UL><LI> startup_lpc55s69_cm33_core0.o(.text)
</UL>
<P><STRONG><a name="[56]"></a>CTIMER3_DriverIRQHandler</STRONG> (Thumb, 0 bytes, Stack size 0 bytes, startup_lpc55s69_cm33_core0.o(.text))
<BR>[Address Reference Count : 1]<UL><LI> startup_lpc55s69_cm33_core0.o(.text)
</UL>
<P><STRONG><a name="[6e]"></a>CTIMER4_DriverIRQHandler</STRONG> (Thumb, 0 bytes, Stack size 0 bytes, startup_lpc55s69_cm33_core0.o(.text))
<BR>[Address Reference Count : 1]<UL><LI> startup_lpc55s69_cm33_core0.o(.text)
</UL>
<P><STRONG><a name="[4a]"></a>DMA0_DriverIRQHandler</STRONG> (Thumb, 0 bytes, Stack size 0 bytes, startup_lpc55s69_cm33_core0.o(.text))
<BR>[Address Reference Count : 1]<UL><LI> startup_lpc55s69_cm33_core0.o(.text)
</UL>
<P><STRONG><a name="[83]"></a>DMA1_DriverIRQHandler</STRONG> (Thumb, 0 bytes, Stack size 0 bytes, startup_lpc55s69_cm33_core0.o(.text))
<BR>[Address Reference Count : 1]<UL><LI> startup_lpc55s69_cm33_core0.o(.text)
</UL>
<P><STRONG><a name="[4b]"></a>GINT0_DriverIRQHandler</STRONG> (Thumb, 0 bytes, Stack size 0 bytes, startup_lpc55s69_cm33_core0.o(.text))
<BR>[Address Reference Count : 1]<UL><LI> startup_lpc55s69_cm33_core0.o(.text)
</UL>
<P><STRONG><a name="[4c]"></a>GINT1_DriverIRQHandler</STRONG> (Thumb, 0 bytes, Stack size 0 bytes, startup_lpc55s69_cm33_core0.o(.text))
<BR>[Address Reference Count : 1]<UL><LI> startup_lpc55s69_cm33_core0.o(.text)
</UL>
<P><STRONG><a name="[7f]"></a>HASHCRYPT_DriverIRQHandler</STRONG> (Thumb, 0 bytes, Stack size 0 bytes, startup_lpc55s69_cm33_core0.o(.text))
<BR>[Address Reference Count : 1]<UL><LI> startup_lpc55s69_cm33_core0.o(.text)
</UL>
<P><STRONG><a name="[84]"></a>LSPI_HS_DriverIRQHandler</STRONG> (Thumb, 0 bytes, Stack size 0 bytes, startup_lpc55s69_cm33_core0.o(.text))
<BR>[Address Reference Count : 1]<UL><LI> startup_lpc55s69_cm33_core0.o(.text)
</UL>
<P><STRONG><a name="[68]"></a>MAILBOX_DriverIRQHandler</STRONG> (Thumb, 0 bytes, Stack size 0 bytes, startup_lpc55s69_cm33_core0.o(.text))
<BR>[Address Reference Count : 1]<UL><LI> startup_lpc55s69_cm33_core0.o(.text)
</UL>
<P><STRONG><a name="[52]"></a>MRT0_DriverIRQHandler</STRONG> (Thumb, 0 bytes, Stack size 0 bytes, startup_lpc55s69_cm33_core0.o(.text))
<BR>[Address Reference Count : 1]<UL><LI> startup_lpc55s69_cm33_core0.o(.text)
</UL>
<P><STRONG><a name="[6f]"></a>OS_EVENT_DriverIRQHandler</STRONG> (Thumb, 0 bytes, Stack size 0 bytes, startup_lpc55s69_cm33_core0.o(.text))
<BR>[Address Reference Count : 1]<UL><LI> startup_lpc55s69_cm33_core0.o(.text)
</UL>
<P><STRONG><a name="[4d]"></a>PIN_INT0_DriverIRQHandler</STRONG> (Thumb, 0 bytes, Stack size 0 bytes, startup_lpc55s69_cm33_core0.o(.text))
<BR>[Address Reference Count : 1]<UL><LI> startup_lpc55s69_cm33_core0.o(.text)
</UL>
<P><STRONG><a name="[4e]"></a>PIN_INT1_DriverIRQHandler</STRONG> (Thumb, 0 bytes, Stack size 0 bytes, startup_lpc55s69_cm33_core0.o(.text))
<BR>[Address Reference Count : 1]<UL><LI> startup_lpc55s69_cm33_core0.o(.text)
</UL>
<P><STRONG><a name="[4f]"></a>PIN_INT2_DriverIRQHandler</STRONG> (Thumb, 0 bytes, Stack size 0 bytes, startup_lpc55s69_cm33_core0.o(.text))
<BR>[Address Reference Count : 1]<UL><LI> startup_lpc55s69_cm33_core0.o(.text)
</UL>
<P><STRONG><a name="[50]"></a>PIN_INT3_DriverIRQHandler</STRONG> (Thumb, 0 bytes, Stack size 0 bytes, startup_lpc55s69_cm33_core0.o(.text))
<BR>[Address Reference Count : 1]<UL><LI> startup_lpc55s69_cm33_core0.o(.text)
</UL>
<P><STRONG><a name="[69]"></a>PIN_INT4_DriverIRQHandler</STRONG> (Thumb, 0 bytes, Stack size 0 bytes, startup_lpc55s69_cm33_core0.o(.text))
<BR>[Address Reference Count : 1]<UL><LI> startup_lpc55s69_cm33_core0.o(.text)
</UL>
<P><STRONG><a name="[6a]"></a>PIN_INT5_DriverIRQHandler</STRONG> (Thumb, 0 bytes, Stack size 0 bytes, startup_lpc55s69_cm33_core0.o(.text))
<BR>[Address Reference Count : 1]<UL><LI> startup_lpc55s69_cm33_core0.o(.text)
</UL>
<P><STRONG><a name="[6b]"></a>PIN_INT6_DriverIRQHandler</STRONG> (Thumb, 0 bytes, Stack size 0 bytes, startup_lpc55s69_cm33_core0.o(.text))
<BR>[Address Reference Count : 1]<UL><LI> startup_lpc55s69_cm33_core0.o(.text)
</UL>
<P><STRONG><a name="[6c]"></a>PIN_INT7_DriverIRQHandler</STRONG> (Thumb, 0 bytes, Stack size 0 bytes, startup_lpc55s69_cm33_core0.o(.text))
<BR>[Address Reference Count : 1]<UL><LI> startup_lpc55s69_cm33_core0.o(.text)
</UL>
<P><STRONG><a name="[7d]"></a>PLU_DriverIRQHandler</STRONG> (Thumb, 0 bytes, Stack size 0 bytes, startup_lpc55s69_cm33_core0.o(.text))
<BR>[Address Reference Count : 1]<UL><LI> startup_lpc55s69_cm33_core0.o(.text)
</UL>
<P><STRONG><a name="[82]"></a>PQ_DriverIRQHandler</STRONG> (Thumb, 0 bytes, Stack size 0 bytes, startup_lpc55s69_cm33_core0.o(.text))
<BR>[Address Reference Count : 1]<UL><LI> startup_lpc55s69_cm33_core0.o(.text)
</UL>
<P><STRONG><a name="[81]"></a>PUF_DriverIRQHandler</STRONG> (Thumb, 0 bytes, Stack size 0 bytes, startup_lpc55s69_cm33_core0.o(.text))
<BR>[Address Reference Count : 1]<UL><LI> startup_lpc55s69_cm33_core0.o(.text)
</UL>
<P><STRONG><a name="[66]"></a>RTC_DriverIRQHandler</STRONG> (Thumb, 0 bytes, Stack size 0 bytes, startup_lpc55s69_cm33_core0.o(.text))
<BR>[Address Reference Count : 1]<UL><LI> startup_lpc55s69_cm33_core0.o(.text)
</UL>
<P><STRONG><a name="[60]"></a>Reserved39_DriverIRQHandler</STRONG> (Thumb, 0 bytes, Stack size 0 bytes, startup_lpc55s69_cm33_core0.o(.text))
<BR>[Address Reference Count : 1]<UL><LI> startup_lpc55s69_cm33_core0.o(.text)
</UL>
<P><STRONG><a name="[62]"></a>Reserved41_DriverIRQHandler</STRONG> (Thumb, 0 bytes, Stack size 0 bytes, startup_lpc55s69_cm33_core0.o(.text))
<BR>[Address Reference Count : 1]<UL><LI> startup_lpc55s69_cm33_core0.o(.text)
</UL>
<P><STRONG><a name="[63]"></a>Reserved42_DriverIRQHandler</STRONG> (Thumb, 0 bytes, Stack size 0 bytes, startup_lpc55s69_cm33_core0.o(.text))
<BR>[Address Reference Count : 1]<UL><LI> startup_lpc55s69_cm33_core0.o(.text)
</UL>
<P><STRONG><a name="[67]"></a>Reserved46_DriverIRQHandler</STRONG> (Thumb, 0 bytes, Stack size 0 bytes, startup_lpc55s69_cm33_core0.o(.text))
<BR>[Address Reference Count : 1]<UL><LI> startup_lpc55s69_cm33_core0.o(.text)
</UL>
<P><STRONG><a name="[70]"></a>Reserved55_DriverIRQHandler</STRONG> (Thumb, 0 bytes, Stack size 0 bytes, startup_lpc55s69_cm33_core0.o(.text))
<BR>[Address Reference Count : 1]<UL><LI> startup_lpc55s69_cm33_core0.o(.text)
</UL>
<P><STRONG><a name="[71]"></a>Reserved56_DriverIRQHandler</STRONG> (Thumb, 0 bytes, Stack size 0 bytes, startup_lpc55s69_cm33_core0.o(.text))
<BR>[Address Reference Count : 1]<UL><LI> startup_lpc55s69_cm33_core0.o(.text)
</UL>
<P><STRONG><a name="[72]"></a>Reserved57_DriverIRQHandler</STRONG> (Thumb, 0 bytes, Stack size 0 bytes, startup_lpc55s69_cm33_core0.o(.text))
<BR>[Address Reference Count : 1]<UL><LI> startup_lpc55s69_cm33_core0.o(.text)
</UL>
<P><STRONG><a name="[74]"></a>Reserved59_DriverIRQHandler</STRONG> (Thumb, 0 bytes, Stack size 0 bytes, startup_lpc55s69_cm33_core0.o(.text))
<BR>[Address Reference Count : 1]<UL><LI> startup_lpc55s69_cm33_core0.o(.text)
</UL>
<P><STRONG><a name="[75]"></a>Reserved60_DriverIRQHandler</STRONG> (Thumb, 0 bytes, Stack size 0 bytes, startup_lpc55s69_cm33_core0.o(.text))
<BR>[Address Reference Count : 1]<UL><LI> startup_lpc55s69_cm33_core0.o(.text)
</UL>
<P><STRONG><a name="[76]"></a>Reserved61_DriverIRQHandler</STRONG> (Thumb, 0 bytes, Stack size 0 bytes, startup_lpc55s69_cm33_core0.o(.text))
<BR>[Address Reference Count : 1]<UL><LI> startup_lpc55s69_cm33_core0.o(.text)
</UL>
<P><STRONG><a name="[55]"></a>SCT0_DriverIRQHandler</STRONG> (Thumb, 0 bytes, Stack size 0 bytes, startup_lpc55s69_cm33_core0.o(.text))
<BR>[Address Reference Count : 1]<UL><LI> startup_lpc55s69_cm33_core0.o(.text)
</UL>
<P><STRONG><a name="[73]"></a>SDIO_DriverIRQHandler</STRONG> (Thumb, 0 bytes, Stack size 0 bytes, startup_lpc55s69_cm33_core0.o(.text))
<BR>[Address Reference Count : 1]<UL><LI> startup_lpc55s69_cm33_core0.o(.text)
</UL>
<P><STRONG><a name="[7b]"></a>SEC_GPIO_INT0_IRQ0_DriverIRQHandler</STRONG> (Thumb, 0 bytes, Stack size 0 bytes, startup_lpc55s69_cm33_core0.o(.text))
<BR>[Address Reference Count : 1]<UL><LI> startup_lpc55s69_cm33_core0.o(.text)
</UL>
<P><STRONG><a name="[7c]"></a>SEC_GPIO_INT0_IRQ1_DriverIRQHandler</STRONG> (Thumb, 0 bytes, Stack size 0 bytes, startup_lpc55s69_cm33_core0.o(.text))
<BR>[Address Reference Count : 1]<UL><LI> startup_lpc55s69_cm33_core0.o(.text)
</UL>
<P><STRONG><a name="[7a]"></a>SEC_HYPERVISOR_CALL_DriverIRQHandler</STRONG> (Thumb, 0 bytes, Stack size 0 bytes, startup_lpc55s69_cm33_core0.o(.text))
<BR>[Address Reference Count : 1]<UL><LI> startup_lpc55s69_cm33_core0.o(.text)
</UL>
<P><STRONG><a name="[7e]"></a>SEC_VIO_DriverIRQHandler</STRONG> (Thumb, 0 bytes, Stack size 0 bytes, startup_lpc55s69_cm33_core0.o(.text))
<BR>[Address Reference Count : 1]<UL><LI> startup_lpc55s69_cm33_core0.o(.text)
</UL>
<P><STRONG><a name="[65]"></a>USB0_DriverIRQHandler</STRONG> (Thumb, 0 bytes, Stack size 0 bytes, startup_lpc55s69_cm33_core0.o(.text))
<BR>[Address Reference Count : 1]<UL><LI> startup_lpc55s69_cm33_core0.o(.text)
</UL>
<P><STRONG><a name="[64]"></a>USB0_NEEDCLK_DriverIRQHandler</STRONG> (Thumb, 0 bytes, Stack size 0 bytes, startup_lpc55s69_cm33_core0.o(.text))
<BR>[Address Reference Count : 1]<UL><LI> startup_lpc55s69_cm33_core0.o(.text)
</UL>
<P><STRONG><a name="[78]"></a>USB1_DriverIRQHandler</STRONG> (Thumb, 0 bytes, Stack size 0 bytes, startup_lpc55s69_cm33_core0.o(.text))
<BR>[Address Reference Count : 1]<UL><LI> startup_lpc55s69_cm33_core0.o(.text)
</UL>
<P><STRONG><a name="[79]"></a>USB1_NEEDCLK_DriverIRQHandler</STRONG> (Thumb, 0 bytes, Stack size 0 bytes, startup_lpc55s69_cm33_core0.o(.text))
<BR>[Address Reference Count : 1]<UL><LI> startup_lpc55s69_cm33_core0.o(.text)
</UL>
<P><STRONG><a name="[77]"></a>USB1_UTMI_DriverIRQHandler</STRONG> (Thumb, 0 bytes, Stack size 0 bytes, startup_lpc55s69_cm33_core0.o(.text))
<BR>[Address Reference Count : 1]<UL><LI> startup_lpc55s69_cm33_core0.o(.text)
</UL>
<P><STRONG><a name="[51]"></a>UTICK0_DriverIRQHandler</STRONG> (Thumb, 0 bytes, Stack size 0 bytes, startup_lpc55s69_cm33_core0.o(.text))
<BR>[Address Reference Count : 1]<UL><LI> startup_lpc55s69_cm33_core0.o(.text)
</UL>
<P><STRONG><a name="[49]"></a>WDT_BOD_DriverIRQHandler</STRONG> (Thumb, 0 bytes, Stack size 0 bytes, startup_lpc55s69_cm33_core0.o(.text))
<BR>[Address Reference Count : 1]<UL><LI> startup_lpc55s69_cm33_core0.o(.text)
</UL>
<P><STRONG><a name="[89]"></a>__aeabi_memset</STRONG> (Thumb, 14 bytes, Stack size 0 bytes, memseta.o(.text))
<BR><BR>[Called By]<UL><LI><a href="#[8a]">&gt;&gt;</a>&nbsp;&nbsp;&nbsp;memset
<LI><a href="#[88]">&gt;&gt;</a>&nbsp;&nbsp;&nbsp;__aeabi_memclr
</UL>

<P><STRONG><a name="[de]"></a>__aeabi_memset4</STRONG> (Thumb, 0 bytes, Stack size 0 bytes, memseta.o(.text), UNUSED)

<P><STRONG><a name="[df]"></a>__aeabi_memset8</STRONG> (Thumb, 0 bytes, Stack size 0 bytes, memseta.o(.text), UNUSED)

<P><STRONG><a name="[88]"></a>__aeabi_memclr</STRONG> (Thumb, 4 bytes, Stack size 0 bytes, memseta.o(.text))
<BR><BR>[Calls]<UL><LI><a href="#[89]">&gt;&gt;</a>&nbsp;&nbsp;&nbsp;__aeabi_memset
</UL>
<BR>[Called By]<UL><LI><a href="#[be]">&gt;&gt;</a>&nbsp;&nbsp;&nbsp;DbgConsole_Printf
</UL>

<P><STRONG><a name="[e0]"></a>__aeabi_memclr4</STRONG> (Thumb, 0 bytes, Stack size 0 bytes, memseta.o(.text), UNUSED)

<P><STRONG><a name="[e1]"></a>__aeabi_memclr8</STRONG> (Thumb, 0 bytes, Stack size 0 bytes, memseta.o(.text), UNUSED)

<P><STRONG><a name="[8a]"></a>memset</STRONG> (Thumb, 18 bytes, Stack size 8 bytes, memseta.o(.text))
<BR><BR>[Stack]<UL><LI>Max Depth = 8<LI>Call Chain = memset
</UL>
<BR>[Calls]<UL><LI><a href="#[89]">&gt;&gt;</a>&nbsp;&nbsp;&nbsp;__aeabi_memset
</UL>
<BR>[Called By]<UL><LI><a href="#[9c]">&gt;&gt;</a>&nbsp;&nbsp;&nbsp;DbgConsole_Init
<LI><a href="#[c8]">&gt;&gt;</a>&nbsp;&nbsp;&nbsp;USART_GetDefaultConfig
<LI><a href="#[bb]">&gt;&gt;</a>&nbsp;&nbsp;&nbsp;SerialManager_OpenWriteHandle
<LI><a href="#[bc]">&gt;&gt;</a>&nbsp;&nbsp;&nbsp;SerialManager_OpenReadHandle
<LI><a href="#[b9]">&gt;&gt;</a>&nbsp;&nbsp;&nbsp;SerialManager_Init
</UL>

<P><STRONG><a name="[d4]"></a>strlen</STRONG> (Thumb, 14 bytes, Stack size 0 bytes, strlen.o(.text))
<BR><BR>[Called By]<UL><LI><a href="#[bf]">&gt;&gt;</a>&nbsp;&nbsp;&nbsp;StrFormatPrintf
</UL>

<P><STRONG><a name="[8b]"></a>__aeabi_dmul</STRONG> (Thumb, 228 bytes, Stack size 48 bytes, dmul.o(.text))
<BR><BR>[Stack]<UL><LI>Max Depth = 88<LI>Call Chain = __aeabi_dmul &rArr; _double_epilogue &rArr; _double_round
</UL>
<BR>[Calls]<UL><LI><a href="#[8c]">&gt;&gt;</a>&nbsp;&nbsp;&nbsp;_double_epilogue
</UL>
<BR>[Called By]<UL><LI><a href="#[98]">&gt;&gt;</a>&nbsp;&nbsp;&nbsp;CLOCK_SetFLASHAccessCyclesForFreq
</UL>

<P><STRONG><a name="[b7]"></a>__aeabi_f2d</STRONG> (Thumb, 38 bytes, Stack size 0 bytes, f2d.o(.text))
<BR><BR>[Called By]<UL><LI><a href="#[98]">&gt;&gt;</a>&nbsp;&nbsp;&nbsp;CLOCK_SetFLASHAccessCyclesForFreq
</UL>

<P><STRONG><a name="[8d]"></a>__aeabi_d2f</STRONG> (Thumb, 56 bytes, Stack size 8 bytes, d2f.o(.text))
<BR><BR>[Stack]<UL><LI>Max Depth = 8<LI>Call Chain = __aeabi_d2f
</UL>
<BR>[Calls]<UL><LI><a href="#[8e]">&gt;&gt;</a>&nbsp;&nbsp;&nbsp;_float_round
</UL>
<BR>[Called By]<UL><LI><a href="#[98]">&gt;&gt;</a>&nbsp;&nbsp;&nbsp;CLOCK_SetFLASHAccessCyclesForFreq
</UL>

<P><STRONG><a name="[8f]"></a>__aeabi_llsl</STRONG> (Thumb, 30 bytes, Stack size 0 bytes, llshl.o(.text))
<BR><BR>[Called By]<UL><LI><a href="#[8c]">&gt;&gt;</a>&nbsp;&nbsp;&nbsp;_double_epilogue
</UL>

<P><STRONG><a name="[e2]"></a>_ll_shift_l</STRONG> (Thumb, 0 bytes, Stack size 0 bytes, llshl.o(.text), UNUSED)

<P><STRONG><a name="[90]"></a>__aeabi_llsr</STRONG> (Thumb, 32 bytes, Stack size 0 bytes, llushr.o(.text))
<BR><BR>[Called By]<UL><LI><a href="#[8c]">&gt;&gt;</a>&nbsp;&nbsp;&nbsp;_double_epilogue
</UL>

<P><STRONG><a name="[e3]"></a>_ll_ushift_r</STRONG> (Thumb, 0 bytes, Stack size 0 bytes, llushr.o(.text), UNUSED)

<P><STRONG><a name="[e4]"></a>__I$use$fp</STRONG> (Thumb, 0 bytes, Stack size 0 bytes, iusefp.o(.text), UNUSED)

<P><STRONG><a name="[8e]"></a>_float_round</STRONG> (Thumb, 18 bytes, Stack size 0 bytes, fepilogue.o(.text))
<BR><BR>[Called By]<UL><LI><a href="#[8d]">&gt;&gt;</a>&nbsp;&nbsp;&nbsp;__aeabi_d2f
</UL>

<P><STRONG><a name="[e5]"></a>_float_epilogue</STRONG> (Thumb, 92 bytes, Stack size 4 bytes, fepilogue.o(.text), UNUSED)

<P><STRONG><a name="[91]"></a>_double_round</STRONG> (Thumb, 30 bytes, Stack size 8 bytes, depilogue.o(.text))
<BR><BR>[Stack]<UL><LI>Max Depth = 8<LI>Call Chain = _double_round
</UL>
<BR>[Called By]<UL><LI><a href="#[8c]">&gt;&gt;</a>&nbsp;&nbsp;&nbsp;_double_epilogue
</UL>

<P><STRONG><a name="[8c]"></a>_double_epilogue</STRONG> (Thumb, 156 bytes, Stack size 32 bytes, depilogue.o(.text))
<BR><BR>[Stack]<UL><LI>Max Depth = 40<LI>Call Chain = _double_epilogue &rArr; _double_round
</UL>
<BR>[Calls]<UL><LI><a href="#[91]">&gt;&gt;</a>&nbsp;&nbsp;&nbsp;_double_round
<LI><a href="#[90]">&gt;&gt;</a>&nbsp;&nbsp;&nbsp;__aeabi_llsr
<LI><a href="#[8f]">&gt;&gt;</a>&nbsp;&nbsp;&nbsp;__aeabi_llsl
</UL>
<BR>[Called By]<UL><LI><a href="#[8b]">&gt;&gt;</a>&nbsp;&nbsp;&nbsp;__aeabi_dmul
</UL>

<P><STRONG><a name="[87]"></a>__scatterload</STRONG> (Thumb, 28 bytes, Stack size 0 bytes, init.o(.text))
<BR><BR>[Calls]<UL><LI><a href="#[92]">&gt;&gt;</a>&nbsp;&nbsp;&nbsp;__main_after_scatterload
</UL>
<BR>[Called By]<UL><LI><a href="#[86]">&gt;&gt;</a>&nbsp;&nbsp;&nbsp;_main_scatterload
</UL>

<P><STRONG><a name="[e6]"></a>__scatterload_rt2</STRONG> (Thumb, 0 bytes, Stack size 0 bytes, init.o(.text), UNUSED)

<P><STRONG><a name="[93]"></a>BOARD_BootClockFROHF96M</STRONG> (Thumb, 110 bytes, Stack size 24 bytes, clock_config.o(.text.BOARD_BootClockFROHF96M))
<BR><BR>[Stack]<UL><LI>Max Depth = 136 + Unknown Stack Size
<LI>Call Chain = BOARD_BootClockFROHF96M &rArr; CLOCK_SetFLASHAccessCyclesForFreq &rArr; __aeabi_dmul &rArr; _double_epilogue &rArr; _double_round
</UL>
<BR>[Calls]<UL><LI><a href="#[97]">&gt;&gt;</a>&nbsp;&nbsp;&nbsp;POWER_SetVoltageForFreq
<LI><a href="#[95]">&gt;&gt;</a>&nbsp;&nbsp;&nbsp;CLOCK_SetupFROClocking
<LI><a href="#[98]">&gt;&gt;</a>&nbsp;&nbsp;&nbsp;CLOCK_SetFLASHAccessCyclesForFreq
<LI><a href="#[99]">&gt;&gt;</a>&nbsp;&nbsp;&nbsp;CLOCK_SetClkDiv
<LI><a href="#[94]">&gt;&gt;</a>&nbsp;&nbsp;&nbsp;POWER_DisablePD
<LI><a href="#[96]">&gt;&gt;</a>&nbsp;&nbsp;&nbsp;CLOCK_AttachClk
</UL>
<BR>[Called By]<UL><LI><a href="#[46]">&gt;&gt;</a>&nbsp;&nbsp;&nbsp;main
</UL>

<P><STRONG><a name="[9a]"></a>BOARD_InitDebugConsole</STRONG> (Thumb, 52 bytes, Stack size 16 bytes, board.o(.text.BOARD_InitDebugConsole))
<BR><BR>[Stack]<UL><LI>Max Depth = 888<LI>Call Chain = BOARD_InitDebugConsole &rArr; DbgConsole_Init &rArr; SerialManager_Init &rArr; Serial_UartInit &rArr; HAL_UartInit &rArr; USART_Init &rArr; USART_SetBaudRate &rArr; __aeabi_assert &rArr; DbgConsole_Printf &rArr; DbgConsole_SendData &rArr;  __aeabi_assert (Cycle)
</UL>
<BR>[Calls]<UL><LI><a href="#[9b]">&gt;&gt;</a>&nbsp;&nbsp;&nbsp;RESET_ClearPeripheralReset
<LI><a href="#[9c]">&gt;&gt;</a>&nbsp;&nbsp;&nbsp;DbgConsole_Init
<LI><a href="#[96]">&gt;&gt;</a>&nbsp;&nbsp;&nbsp;CLOCK_AttachClk
</UL>
<BR>[Called By]<UL><LI><a href="#[46]">&gt;&gt;</a>&nbsp;&nbsp;&nbsp;main
</UL>

<P><STRONG><a name="[9d]"></a>BOARD_InitPins</STRONG> (Thumb, 64 bytes, Stack size 32 bytes, pin_mux.o(.text.BOARD_InitPins))
<BR><BR>[Stack]<UL><LI>Max Depth = 76<LI>Call Chain = BOARD_InitPins &rArr; IOCON_PinMuxSet
</UL>
<BR>[Calls]<UL><LI><a href="#[9f]">&gt;&gt;</a>&nbsp;&nbsp;&nbsp;IOCON_PinMuxSet
<LI><a href="#[9e]">&gt;&gt;</a>&nbsp;&nbsp;&nbsp;CLOCK_EnableClock
</UL>
<BR>[Called By]<UL><LI><a href="#[46]">&gt;&gt;</a>&nbsp;&nbsp;&nbsp;main
</UL>

<P><STRONG><a name="[96]"></a>CLOCK_AttachClk</STRONG> (Thumb, 168 bytes, Stack size 20 bytes, fsl_clock.o(.text.CLOCK_AttachClk))
<BR><BR>[Stack]<UL><LI>Max Depth = 20<LI>Call Chain = CLOCK_AttachClk
</UL>
<BR>[Called By]<UL><LI><a href="#[93]">&gt;&gt;</a>&nbsp;&nbsp;&nbsp;BOARD_BootClockFROHF96M
<LI><a href="#[9a]">&gt;&gt;</a>&nbsp;&nbsp;&nbsp;BOARD_InitDebugConsole
<LI><a href="#[46]">&gt;&gt;</a>&nbsp;&nbsp;&nbsp;main
</UL>

<P><STRONG><a name="[a0]"></a>CLOCK_GetAdcClkFreq</STRONG> (Thumb, 96 bytes, Stack size 16 bytes, fsl_clock.o(.text.CLOCK_GetAdcClkFreq))
<BR><BR>[Stack]<UL><LI>Max Depth = 44<LI>Call Chain = CLOCK_GetAdcClkFreq &rArr; CLOCK_GetCoreSysClkFreq &rArr; CLOCK_GetOsc32KFreq
</UL>
<BR>[Calls]<UL><LI><a href="#[a2]">&gt;&gt;</a>&nbsp;&nbsp;&nbsp;CLOCK_GetPll0OutFreq
<LI><a href="#[a3]">&gt;&gt;</a>&nbsp;&nbsp;&nbsp;CLOCK_GetFroHfFreq
<LI><a href="#[a1]">&gt;&gt;</a>&nbsp;&nbsp;&nbsp;CLOCK_GetCoreSysClkFreq
</UL>
<BR>[Called By]<UL><LI><a href="#[ae]">&gt;&gt;</a>&nbsp;&nbsp;&nbsp;CLOCK_GetFreq
</UL>

<P><STRONG><a name="[a4]"></a>CLOCK_GetCTimerClkFreq</STRONG> (Thumb, 110 bytes, Stack size 24 bytes, fsl_clock.o(.text.CLOCK_GetCTimerClkFreq))
<BR><BR>[Stack]<UL><LI>Max Depth = 52<LI>Call Chain = CLOCK_GetCTimerClkFreq &rArr; CLOCK_GetCoreSysClkFreq &rArr; CLOCK_GetOsc32KFreq
</UL>
<BR>[Calls]<UL><LI><a href="#[a2]">&gt;&gt;</a>&nbsp;&nbsp;&nbsp;CLOCK_GetPll0OutFreq
<LI><a href="#[a7]">&gt;&gt;</a>&nbsp;&nbsp;&nbsp;CLOCK_GetOsc32KFreq
<LI><a href="#[a6]">&gt;&gt;</a>&nbsp;&nbsp;&nbsp;CLOCK_GetI2SMClkFreq
<LI><a href="#[a3]">&gt;&gt;</a>&nbsp;&nbsp;&nbsp;CLOCK_GetFroHfFreq
<LI><a href="#[a5]">&gt;&gt;</a>&nbsp;&nbsp;&nbsp;CLOCK_GetFro1MFreq
<LI><a href="#[a1]">&gt;&gt;</a>&nbsp;&nbsp;&nbsp;CLOCK_GetCoreSysClkFreq
</UL>
<BR>[Called By]<UL><LI><a href="#[ae]">&gt;&gt;</a>&nbsp;&nbsp;&nbsp;CLOCK_GetFreq
</UL>

<P><STRONG><a name="[a8]"></a>CLOCK_GetClockOutClkFreq</STRONG> (Thumb, 128 bytes, Stack size 16 bytes, fsl_clock.o(.text.CLOCK_GetClockOutClkFreq))
<BR><BR>[Stack]<UL><LI>Max Depth = 44<LI>Call Chain = CLOCK_GetClockOutClkFreq &rArr; CLOCK_GetCoreSysClkFreq &rArr; CLOCK_GetOsc32KFreq
</UL>
<BR>[Calls]<UL><LI><a href="#[aa]">&gt;&gt;</a>&nbsp;&nbsp;&nbsp;CLOCK_GetPll1OutFreq
<LI><a href="#[a2]">&gt;&gt;</a>&nbsp;&nbsp;&nbsp;CLOCK_GetPll0OutFreq
<LI><a href="#[a7]">&gt;&gt;</a>&nbsp;&nbsp;&nbsp;CLOCK_GetOsc32KFreq
<LI><a href="#[a3]">&gt;&gt;</a>&nbsp;&nbsp;&nbsp;CLOCK_GetFroHfFreq
<LI><a href="#[a5]">&gt;&gt;</a>&nbsp;&nbsp;&nbsp;CLOCK_GetFro1MFreq
<LI><a href="#[a9]">&gt;&gt;</a>&nbsp;&nbsp;&nbsp;CLOCK_GetExtClkFreq
<LI><a href="#[a1]">&gt;&gt;</a>&nbsp;&nbsp;&nbsp;CLOCK_GetCoreSysClkFreq
</UL>
<BR>[Called By]<UL><LI><a href="#[ae]">&gt;&gt;</a>&nbsp;&nbsp;&nbsp;CLOCK_GetFreq
</UL>

<P><STRONG><a name="[a1]"></a>CLOCK_GetCoreSysClkFreq</STRONG> (Thumb, 172 bytes, Stack size 16 bytes, fsl_clock.o(.text.CLOCK_GetCoreSysClkFreq))
<BR><BR>[Stack]<UL><LI>Max Depth = 28<LI>Call Chain = CLOCK_GetCoreSysClkFreq &rArr; CLOCK_GetOsc32KFreq
</UL>
<BR>[Calls]<UL><LI><a href="#[aa]">&gt;&gt;</a>&nbsp;&nbsp;&nbsp;CLOCK_GetPll1OutFreq
<LI><a href="#[a2]">&gt;&gt;</a>&nbsp;&nbsp;&nbsp;CLOCK_GetPll0OutFreq
<LI><a href="#[a7]">&gt;&gt;</a>&nbsp;&nbsp;&nbsp;CLOCK_GetOsc32KFreq
<LI><a href="#[a3]">&gt;&gt;</a>&nbsp;&nbsp;&nbsp;CLOCK_GetFroHfFreq
<LI><a href="#[a5]">&gt;&gt;</a>&nbsp;&nbsp;&nbsp;CLOCK_GetFro1MFreq
<LI><a href="#[ab]">&gt;&gt;</a>&nbsp;&nbsp;&nbsp;CLOCK_GetFro12MFreq
<LI><a href="#[a9]">&gt;&gt;</a>&nbsp;&nbsp;&nbsp;CLOCK_GetExtClkFreq
</UL>
<BR>[Called By]<UL><LI><a href="#[af]">&gt;&gt;</a>&nbsp;&nbsp;&nbsp;CLOCK_GetUsb0ClkFreq
<LI><a href="#[b6]">&gt;&gt;</a>&nbsp;&nbsp;&nbsp;CLOCK_GetSystickClkFreq
<LI><a href="#[b4]">&gt;&gt;</a>&nbsp;&nbsp;&nbsp;CLOCK_GetSdioClkFreq
<LI><a href="#[b3]">&gt;&gt;</a>&nbsp;&nbsp;&nbsp;CLOCK_GetSctClkFreq
<LI><a href="#[b5]">&gt;&gt;</a>&nbsp;&nbsp;&nbsp;CLOCK_GetHsLspiClkFreq
<LI><a href="#[ae]">&gt;&gt;</a>&nbsp;&nbsp;&nbsp;CLOCK_GetFreq
<LI><a href="#[ad]">&gt;&gt;</a>&nbsp;&nbsp;&nbsp;CLOCK_GetFlexCommInputClock
<LI><a href="#[a8]">&gt;&gt;</a>&nbsp;&nbsp;&nbsp;CLOCK_GetClockOutClkFreq
<LI><a href="#[a4]">&gt;&gt;</a>&nbsp;&nbsp;&nbsp;CLOCK_GetCTimerClkFreq
<LI><a href="#[a0]">&gt;&gt;</a>&nbsp;&nbsp;&nbsp;CLOCK_GetAdcClkFreq
</UL>

<P><STRONG><a name="[a9]"></a>CLOCK_GetExtClkFreq</STRONG> (Thumb, 46 bytes, Stack size 4 bytes, fsl_clock.o(.text.CLOCK_GetExtClkFreq))
<BR><BR>[Stack]<UL><LI>Max Depth = 4<LI>Call Chain = CLOCK_GetExtClkFreq
</UL>
<BR>[Called By]<UL><LI><a href="#[b3]">&gt;&gt;</a>&nbsp;&nbsp;&nbsp;CLOCK_GetSctClkFreq
<LI><a href="#[ae]">&gt;&gt;</a>&nbsp;&nbsp;&nbsp;CLOCK_GetFreq
<LI><a href="#[a1]">&gt;&gt;</a>&nbsp;&nbsp;&nbsp;CLOCK_GetCoreSysClkFreq
<LI><a href="#[a8]">&gt;&gt;</a>&nbsp;&nbsp;&nbsp;CLOCK_GetClockOutClkFreq
</UL>

<P><STRONG><a name="[ac]"></a>CLOCK_GetFlexCommClkFreq</STRONG> (Thumb, 70 bytes, Stack size 24 bytes, fsl_clock.o(.text.CLOCK_GetFlexCommClkFreq))
<BR><BR>[Stack]<UL><LI>Max Depth = 76<LI>Call Chain = CLOCK_GetFlexCommClkFreq &rArr; CLOCK_GetFlexCommInputClock &rArr; CLOCK_GetCoreSysClkFreq &rArr; CLOCK_GetOsc32KFreq
</UL>
<BR>[Calls]<UL><LI><a href="#[ad]">&gt;&gt;</a>&nbsp;&nbsp;&nbsp;CLOCK_GetFlexCommInputClock
</UL>
<BR>[Called By]<UL><LI><a href="#[ae]">&gt;&gt;</a>&nbsp;&nbsp;&nbsp;CLOCK_GetFreq
</UL>

<P><STRONG><a name="[ad]"></a>CLOCK_GetFlexCommInputClock</STRONG> (Thumb, 162 bytes, Stack size 24 bytes, fsl_clock.o(.text.CLOCK_GetFlexCommInputClock))
<BR><BR>[Stack]<UL><LI>Max Depth = 52<LI>Call Chain = CLOCK_GetFlexCommInputClock &rArr; CLOCK_GetCoreSysClkFreq &rArr; CLOCK_GetOsc32KFreq
</UL>
<BR>[Calls]<UL><LI><a href="#[a2]">&gt;&gt;</a>&nbsp;&nbsp;&nbsp;CLOCK_GetPll0OutFreq
<LI><a href="#[a7]">&gt;&gt;</a>&nbsp;&nbsp;&nbsp;CLOCK_GetOsc32KFreq
<LI><a href="#[a6]">&gt;&gt;</a>&nbsp;&nbsp;&nbsp;CLOCK_GetI2SMClkFreq
<LI><a href="#[a3]">&gt;&gt;</a>&nbsp;&nbsp;&nbsp;CLOCK_GetFroHfFreq
<LI><a href="#[a5]">&gt;&gt;</a>&nbsp;&nbsp;&nbsp;CLOCK_GetFro1MFreq
<LI><a href="#[ab]">&gt;&gt;</a>&nbsp;&nbsp;&nbsp;CLOCK_GetFro12MFreq
<LI><a href="#[a1]">&gt;&gt;</a>&nbsp;&nbsp;&nbsp;CLOCK_GetCoreSysClkFreq
</UL>
<BR>[Called By]<UL><LI><a href="#[ac]">&gt;&gt;</a>&nbsp;&nbsp;&nbsp;CLOCK_GetFlexCommClkFreq
</UL>

<P><STRONG><a name="[ae]"></a>CLOCK_GetFreq</STRONG> (Thumb, 384 bytes, Stack size 24 bytes, fsl_clock.o(.text.CLOCK_GetFreq))
<BR><BR>[Stack]<UL><LI>Max Depth = 100<LI>Call Chain = CLOCK_GetFreq &rArr; CLOCK_GetFlexCommClkFreq &rArr; CLOCK_GetFlexCommInputClock &rArr; CLOCK_GetCoreSysClkFreq &rArr; CLOCK_GetOsc32KFreq
</UL>
<BR>[Calls]<UL><LI><a href="#[b2]">&gt;&gt;</a>&nbsp;&nbsp;&nbsp;CLOCK_GetWdtClkFreq
<LI><a href="#[b0]">&gt;&gt;</a>&nbsp;&nbsp;&nbsp;CLOCK_GetUsb1ClkFreq
<LI><a href="#[af]">&gt;&gt;</a>&nbsp;&nbsp;&nbsp;CLOCK_GetUsb0ClkFreq
<LI><a href="#[b6]">&gt;&gt;</a>&nbsp;&nbsp;&nbsp;CLOCK_GetSystickClkFreq
<LI><a href="#[b4]">&gt;&gt;</a>&nbsp;&nbsp;&nbsp;CLOCK_GetSdioClkFreq
<LI><a href="#[b3]">&gt;&gt;</a>&nbsp;&nbsp;&nbsp;CLOCK_GetSctClkFreq
<LI><a href="#[aa]">&gt;&gt;</a>&nbsp;&nbsp;&nbsp;CLOCK_GetPll1OutFreq
<LI><a href="#[a2]">&gt;&gt;</a>&nbsp;&nbsp;&nbsp;CLOCK_GetPll0OutFreq
<LI><a href="#[b1]">&gt;&gt;</a>&nbsp;&nbsp;&nbsp;CLOCK_GetMclkClkFreq
<LI><a href="#[a6]">&gt;&gt;</a>&nbsp;&nbsp;&nbsp;CLOCK_GetI2SMClkFreq
<LI><a href="#[b5]">&gt;&gt;</a>&nbsp;&nbsp;&nbsp;CLOCK_GetHsLspiClkFreq
<LI><a href="#[a3]">&gt;&gt;</a>&nbsp;&nbsp;&nbsp;CLOCK_GetFroHfFreq
<LI><a href="#[ab]">&gt;&gt;</a>&nbsp;&nbsp;&nbsp;CLOCK_GetFro12MFreq
<LI><a href="#[ac]">&gt;&gt;</a>&nbsp;&nbsp;&nbsp;CLOCK_GetFlexCommClkFreq
<LI><a href="#[a9]">&gt;&gt;</a>&nbsp;&nbsp;&nbsp;CLOCK_GetExtClkFreq
<LI><a href="#[a1]">&gt;&gt;</a>&nbsp;&nbsp;&nbsp;CLOCK_GetCoreSysClkFreq
<LI><a href="#[a8]">&gt;&gt;</a>&nbsp;&nbsp;&nbsp;CLOCK_GetClockOutClkFreq
<LI><a href="#[a4]">&gt;&gt;</a>&nbsp;&nbsp;&nbsp;CLOCK_GetCTimerClkFreq
<LI><a href="#[a0]">&gt;&gt;</a>&nbsp;&nbsp;&nbsp;CLOCK_GetAdcClkFreq
</UL>
<BR>[Called By]<UL><LI><a href="#[46]">&gt;&gt;</a>&nbsp;&nbsp;&nbsp;main
</UL>

<P><STRONG><a name="[ab]"></a>CLOCK_GetFro12MFreq</STRONG> (Thumb, 60 bytes, Stack size 4 bytes, fsl_clock.o(.text.CLOCK_GetFro12MFreq))
<BR><BR>[Stack]<UL><LI>Max Depth = 4<LI>Call Chain = CLOCK_GetFro12MFreq
</UL>
<BR>[Called By]<UL><LI><a href="#[b5]">&gt;&gt;</a>&nbsp;&nbsp;&nbsp;CLOCK_GetHsLspiClkFreq
<LI><a href="#[ae]">&gt;&gt;</a>&nbsp;&nbsp;&nbsp;CLOCK_GetFreq
<LI><a href="#[ad]">&gt;&gt;</a>&nbsp;&nbsp;&nbsp;CLOCK_GetFlexCommInputClock
<LI><a href="#[a1]">&gt;&gt;</a>&nbsp;&nbsp;&nbsp;CLOCK_GetCoreSysClkFreq
</UL>

<P><STRONG><a name="[a5]"></a>CLOCK_GetFro1MFreq</STRONG> (Thumb, 28 bytes, Stack size 0 bytes, fsl_clock.o(.text.CLOCK_GetFro1MFreq))
<BR><BR>[Called By]<UL><LI><a href="#[b2]">&gt;&gt;</a>&nbsp;&nbsp;&nbsp;CLOCK_GetWdtClkFreq
<LI><a href="#[b6]">&gt;&gt;</a>&nbsp;&nbsp;&nbsp;CLOCK_GetSystickClkFreq
<LI><a href="#[b5]">&gt;&gt;</a>&nbsp;&nbsp;&nbsp;CLOCK_GetHsLspiClkFreq
<LI><a href="#[ad]">&gt;&gt;</a>&nbsp;&nbsp;&nbsp;CLOCK_GetFlexCommInputClock
<LI><a href="#[a1]">&gt;&gt;</a>&nbsp;&nbsp;&nbsp;CLOCK_GetCoreSysClkFreq
<LI><a href="#[a8]">&gt;&gt;</a>&nbsp;&nbsp;&nbsp;CLOCK_GetClockOutClkFreq
<LI><a href="#[a4]">&gt;&gt;</a>&nbsp;&nbsp;&nbsp;CLOCK_GetCTimerClkFreq
</UL>

<P><STRONG><a name="[a3]"></a>CLOCK_GetFroHfFreq</STRONG> (Thumb, 60 bytes, Stack size 4 bytes, fsl_clock.o(.text.CLOCK_GetFroHfFreq))
<BR><BR>[Stack]<UL><LI>Max Depth = 4<LI>Call Chain = CLOCK_GetFroHfFreq
</UL>
<BR>[Called By]<UL><LI><a href="#[af]">&gt;&gt;</a>&nbsp;&nbsp;&nbsp;CLOCK_GetUsb0ClkFreq
<LI><a href="#[b4]">&gt;&gt;</a>&nbsp;&nbsp;&nbsp;CLOCK_GetSdioClkFreq
<LI><a href="#[b3]">&gt;&gt;</a>&nbsp;&nbsp;&nbsp;CLOCK_GetSctClkFreq
<LI><a href="#[b1]">&gt;&gt;</a>&nbsp;&nbsp;&nbsp;CLOCK_GetMclkClkFreq
<LI><a href="#[b5]">&gt;&gt;</a>&nbsp;&nbsp;&nbsp;CLOCK_GetHsLspiClkFreq
<LI><a href="#[ae]">&gt;&gt;</a>&nbsp;&nbsp;&nbsp;CLOCK_GetFreq
<LI><a href="#[ad]">&gt;&gt;</a>&nbsp;&nbsp;&nbsp;CLOCK_GetFlexCommInputClock
<LI><a href="#[a1]">&gt;&gt;</a>&nbsp;&nbsp;&nbsp;CLOCK_GetCoreSysClkFreq
<LI><a href="#[a8]">&gt;&gt;</a>&nbsp;&nbsp;&nbsp;CLOCK_GetClockOutClkFreq
<LI><a href="#[a4]">&gt;&gt;</a>&nbsp;&nbsp;&nbsp;CLOCK_GetCTimerClkFreq
<LI><a href="#[a0]">&gt;&gt;</a>&nbsp;&nbsp;&nbsp;CLOCK_GetAdcClkFreq
</UL>

<P><STRONG><a name="[b5]"></a>CLOCK_GetHsLspiClkFreq</STRONG> (Thumb, 144 bytes, Stack size 16 bytes, fsl_clock.o(.text.CLOCK_GetHsLspiClkFreq))
<BR><BR>[Stack]<UL><LI>Max Depth = 44<LI>Call Chain = CLOCK_GetHsLspiClkFreq &rArr; CLOCK_GetCoreSysClkFreq &rArr; CLOCK_GetOsc32KFreq
</UL>
<BR>[Calls]<UL><LI><a href="#[a2]">&gt;&gt;</a>&nbsp;&nbsp;&nbsp;CLOCK_GetPll0OutFreq
<LI><a href="#[a7]">&gt;&gt;</a>&nbsp;&nbsp;&nbsp;CLOCK_GetOsc32KFreq
<LI><a href="#[a3]">&gt;&gt;</a>&nbsp;&nbsp;&nbsp;CLOCK_GetFroHfFreq
<LI><a href="#[a5]">&gt;&gt;</a>&nbsp;&nbsp;&nbsp;CLOCK_GetFro1MFreq
<LI><a href="#[ab]">&gt;&gt;</a>&nbsp;&nbsp;&nbsp;CLOCK_GetFro12MFreq
<LI><a href="#[a1]">&gt;&gt;</a>&nbsp;&nbsp;&nbsp;CLOCK_GetCoreSysClkFreq
</UL>
<BR>[Called By]<UL><LI><a href="#[ae]">&gt;&gt;</a>&nbsp;&nbsp;&nbsp;CLOCK_GetFreq
</UL>

<P><STRONG><a name="[a6]"></a>CLOCK_GetI2SMClkFreq</STRONG> (Thumb, 12 bytes, Stack size 0 bytes, fsl_clock.o(.text.CLOCK_GetI2SMClkFreq))
<BR><BR>[Called By]<UL><LI><a href="#[b3]">&gt;&gt;</a>&nbsp;&nbsp;&nbsp;CLOCK_GetSctClkFreq
<LI><a href="#[ae]">&gt;&gt;</a>&nbsp;&nbsp;&nbsp;CLOCK_GetFreq
<LI><a href="#[ad]">&gt;&gt;</a>&nbsp;&nbsp;&nbsp;CLOCK_GetFlexCommInputClock
<LI><a href="#[a4]">&gt;&gt;</a>&nbsp;&nbsp;&nbsp;CLOCK_GetCTimerClkFreq
</UL>

<P><STRONG><a name="[b1]"></a>CLOCK_GetMclkClkFreq</STRONG> (Thumb, 92 bytes, Stack size 16 bytes, fsl_clock.o(.text.CLOCK_GetMclkClkFreq))
<BR><BR>[Stack]<UL><LI>Max Depth = 20<LI>Call Chain = CLOCK_GetMclkClkFreq &rArr; CLOCK_GetFroHfFreq
</UL>
<BR>[Calls]<UL><LI><a href="#[a2]">&gt;&gt;</a>&nbsp;&nbsp;&nbsp;CLOCK_GetPll0OutFreq
<LI><a href="#[a3]">&gt;&gt;</a>&nbsp;&nbsp;&nbsp;CLOCK_GetFroHfFreq
</UL>
<BR>[Called By]<UL><LI><a href="#[ae]">&gt;&gt;</a>&nbsp;&nbsp;&nbsp;CLOCK_GetFreq
</UL>

<P><STRONG><a name="[a7]"></a>CLOCK_GetOsc32KFreq</STRONG> (Thumb, 112 bytes, Stack size 12 bytes, fsl_clock.o(.text.CLOCK_GetOsc32KFreq))
<BR><BR>[Stack]<UL><LI>Max Depth = 12<LI>Call Chain = CLOCK_GetOsc32KFreq
</UL>
<BR>[Called By]<UL><LI><a href="#[b6]">&gt;&gt;</a>&nbsp;&nbsp;&nbsp;CLOCK_GetSystickClkFreq
<LI><a href="#[b5]">&gt;&gt;</a>&nbsp;&nbsp;&nbsp;CLOCK_GetHsLspiClkFreq
<LI><a href="#[ad]">&gt;&gt;</a>&nbsp;&nbsp;&nbsp;CLOCK_GetFlexCommInputClock
<LI><a href="#[a1]">&gt;&gt;</a>&nbsp;&nbsp;&nbsp;CLOCK_GetCoreSysClkFreq
<LI><a href="#[a8]">&gt;&gt;</a>&nbsp;&nbsp;&nbsp;CLOCK_GetClockOutClkFreq
<LI><a href="#[a4]">&gt;&gt;</a>&nbsp;&nbsp;&nbsp;CLOCK_GetCTimerClkFreq
</UL>

<P><STRONG><a name="[a2]"></a>CLOCK_GetPll0OutFreq</STRONG> (Thumb, 12 bytes, Stack size 0 bytes, fsl_clock.o(.text.CLOCK_GetPll0OutFreq))
<BR><BR>[Called By]<UL><LI><a href="#[af]">&gt;&gt;</a>&nbsp;&nbsp;&nbsp;CLOCK_GetUsb0ClkFreq
<LI><a href="#[b4]">&gt;&gt;</a>&nbsp;&nbsp;&nbsp;CLOCK_GetSdioClkFreq
<LI><a href="#[b3]">&gt;&gt;</a>&nbsp;&nbsp;&nbsp;CLOCK_GetSctClkFreq
<LI><a href="#[b1]">&gt;&gt;</a>&nbsp;&nbsp;&nbsp;CLOCK_GetMclkClkFreq
<LI><a href="#[b5]">&gt;&gt;</a>&nbsp;&nbsp;&nbsp;CLOCK_GetHsLspiClkFreq
<LI><a href="#[ae]">&gt;&gt;</a>&nbsp;&nbsp;&nbsp;CLOCK_GetFreq
<LI><a href="#[ad]">&gt;&gt;</a>&nbsp;&nbsp;&nbsp;CLOCK_GetFlexCommInputClock
<LI><a href="#[a1]">&gt;&gt;</a>&nbsp;&nbsp;&nbsp;CLOCK_GetCoreSysClkFreq
<LI><a href="#[a8]">&gt;&gt;</a>&nbsp;&nbsp;&nbsp;CLOCK_GetClockOutClkFreq
<LI><a href="#[a4]">&gt;&gt;</a>&nbsp;&nbsp;&nbsp;CLOCK_GetCTimerClkFreq
<LI><a href="#[a0]">&gt;&gt;</a>&nbsp;&nbsp;&nbsp;CLOCK_GetAdcClkFreq
</UL>

<P><STRONG><a name="[aa]"></a>CLOCK_GetPll1OutFreq</STRONG> (Thumb, 12 bytes, Stack size 0 bytes, fsl_clock.o(.text.CLOCK_GetPll1OutFreq))
<BR><BR>[Called By]<UL><LI><a href="#[af]">&gt;&gt;</a>&nbsp;&nbsp;&nbsp;CLOCK_GetUsb0ClkFreq
<LI><a href="#[b4]">&gt;&gt;</a>&nbsp;&nbsp;&nbsp;CLOCK_GetSdioClkFreq
<LI><a href="#[ae]">&gt;&gt;</a>&nbsp;&nbsp;&nbsp;CLOCK_GetFreq
<LI><a href="#[a1]">&gt;&gt;</a>&nbsp;&nbsp;&nbsp;CLOCK_GetCoreSysClkFreq
<LI><a href="#[a8]">&gt;&gt;</a>&nbsp;&nbsp;&nbsp;CLOCK_GetClockOutClkFreq
</UL>

<P><STRONG><a name="[b3]"></a>CLOCK_GetSctClkFreq</STRONG> (Thumb, 112 bytes, Stack size 16 bytes, fsl_clock.o(.text.CLOCK_GetSctClkFreq))
<BR><BR>[Stack]<UL><LI>Max Depth = 44<LI>Call Chain = CLOCK_GetSctClkFreq &rArr; CLOCK_GetCoreSysClkFreq &rArr; CLOCK_GetOsc32KFreq
</UL>
<BR>[Calls]<UL><LI><a href="#[a2]">&gt;&gt;</a>&nbsp;&nbsp;&nbsp;CLOCK_GetPll0OutFreq
<LI><a href="#[a6]">&gt;&gt;</a>&nbsp;&nbsp;&nbsp;CLOCK_GetI2SMClkFreq
<LI><a href="#[a3]">&gt;&gt;</a>&nbsp;&nbsp;&nbsp;CLOCK_GetFroHfFreq
<LI><a href="#[a9]">&gt;&gt;</a>&nbsp;&nbsp;&nbsp;CLOCK_GetExtClkFreq
<LI><a href="#[a1]">&gt;&gt;</a>&nbsp;&nbsp;&nbsp;CLOCK_GetCoreSysClkFreq
</UL>
<BR>[Called By]<UL><LI><a href="#[ae]">&gt;&gt;</a>&nbsp;&nbsp;&nbsp;CLOCK_GetFreq
</UL>

<P><STRONG><a name="[b4]"></a>CLOCK_GetSdioClkFreq</STRONG> (Thumb, 104 bytes, Stack size 16 bytes, fsl_clock.o(.text.CLOCK_GetSdioClkFreq))
<BR><BR>[Stack]<UL><LI>Max Depth = 44<LI>Call Chain = CLOCK_GetSdioClkFreq &rArr; CLOCK_GetCoreSysClkFreq &rArr; CLOCK_GetOsc32KFreq
</UL>
<BR>[Calls]<UL><LI><a href="#[aa]">&gt;&gt;</a>&nbsp;&nbsp;&nbsp;CLOCK_GetPll1OutFreq
<LI><a href="#[a2]">&gt;&gt;</a>&nbsp;&nbsp;&nbsp;CLOCK_GetPll0OutFreq
<LI><a href="#[a3]">&gt;&gt;</a>&nbsp;&nbsp;&nbsp;CLOCK_GetFroHfFreq
<LI><a href="#[a1]">&gt;&gt;</a>&nbsp;&nbsp;&nbsp;CLOCK_GetCoreSysClkFreq
</UL>
<BR>[Called By]<UL><LI><a href="#[ae]">&gt;&gt;</a>&nbsp;&nbsp;&nbsp;CLOCK_GetFreq
</UL>

<P><STRONG><a name="[b6]"></a>CLOCK_GetSystickClkFreq</STRONG> (Thumb, 118 bytes, Stack size 32 bytes, fsl_clock.o(.text.CLOCK_GetSystickClkFreq))
<BR><BR>[Stack]<UL><LI>Max Depth = 60<LI>Call Chain = CLOCK_GetSystickClkFreq &rArr; CLOCK_GetCoreSysClkFreq &rArr; CLOCK_GetOsc32KFreq
</UL>
<BR>[Calls]<UL><LI><a href="#[a7]">&gt;&gt;</a>&nbsp;&nbsp;&nbsp;CLOCK_GetOsc32KFreq
<LI><a href="#[a5]">&gt;&gt;</a>&nbsp;&nbsp;&nbsp;CLOCK_GetFro1MFreq
<LI><a href="#[a1]">&gt;&gt;</a>&nbsp;&nbsp;&nbsp;CLOCK_GetCoreSysClkFreq
</UL>
<BR>[Called By]<UL><LI><a href="#[ae]">&gt;&gt;</a>&nbsp;&nbsp;&nbsp;CLOCK_GetFreq
</UL>

<P><STRONG><a name="[af]"></a>CLOCK_GetUsb0ClkFreq</STRONG> (Thumb, 104 bytes, Stack size 16 bytes, fsl_clock.o(.text.CLOCK_GetUsb0ClkFreq))
<BR><BR>[Stack]<UL><LI>Max Depth = 44<LI>Call Chain = CLOCK_GetUsb0ClkFreq &rArr; CLOCK_GetCoreSysClkFreq &rArr; CLOCK_GetOsc32KFreq
</UL>
<BR>[Calls]<UL><LI><a href="#[aa]">&gt;&gt;</a>&nbsp;&nbsp;&nbsp;CLOCK_GetPll1OutFreq
<LI><a href="#[a2]">&gt;&gt;</a>&nbsp;&nbsp;&nbsp;CLOCK_GetPll0OutFreq
<LI><a href="#[a3]">&gt;&gt;</a>&nbsp;&nbsp;&nbsp;CLOCK_GetFroHfFreq
<LI><a href="#[a1]">&gt;&gt;</a>&nbsp;&nbsp;&nbsp;CLOCK_GetCoreSysClkFreq
</UL>
<BR>[Called By]<UL><LI><a href="#[ae]">&gt;&gt;</a>&nbsp;&nbsp;&nbsp;CLOCK_GetFreq
</UL>

<P><STRONG><a name="[b0]"></a>CLOCK_GetUsb1ClkFreq</STRONG> (Thumb, 46 bytes, Stack size 4 bytes, fsl_clock.o(.text.CLOCK_GetUsb1ClkFreq))
<BR><BR>[Stack]<UL><LI>Max Depth = 4<LI>Call Chain = CLOCK_GetUsb1ClkFreq
</UL>
<BR>[Called By]<UL><LI><a href="#[ae]">&gt;&gt;</a>&nbsp;&nbsp;&nbsp;CLOCK_GetFreq
</UL>

<P><STRONG><a name="[b2]"></a>CLOCK_GetWdtClkFreq</STRONG> (Thumb, 32 bytes, Stack size 8 bytes, fsl_clock.o(.text.CLOCK_GetWdtClkFreq))
<BR><BR>[Stack]<UL><LI>Max Depth = 8<LI>Call Chain = CLOCK_GetWdtClkFreq
</UL>
<BR>[Calls]<UL><LI><a href="#[a5]">&gt;&gt;</a>&nbsp;&nbsp;&nbsp;CLOCK_GetFro1MFreq
</UL>
<BR>[Called By]<UL><LI><a href="#[ae]">&gt;&gt;</a>&nbsp;&nbsp;&nbsp;CLOCK_GetFreq
</UL>

<P><STRONG><a name="[99]"></a>CLOCK_SetClkDiv</STRONG> (Thumb, 112 bytes, Stack size 36 bytes, fsl_clock.o(.text.CLOCK_SetClkDiv))
<BR><BR>[Stack]<UL><LI>Max Depth = 36<LI>Call Chain = CLOCK_SetClkDiv
</UL>
<BR>[Called By]<UL><LI><a href="#[93]">&gt;&gt;</a>&nbsp;&nbsp;&nbsp;BOARD_BootClockFROHF96M
</UL>

<P><STRONG><a name="[98]"></a>CLOCK_SetFLASHAccessCyclesForFreq</STRONG> (Thumb, 120 bytes, Stack size 24 bytes, fsl_clock.o(.text.CLOCK_SetFLASHAccessCyclesForFreq))
<BR><BR>[Stack]<UL><LI>Max Depth = 112<LI>Call Chain = CLOCK_SetFLASHAccessCyclesForFreq &rArr; __aeabi_dmul &rArr; _double_epilogue &rArr; _double_round
</UL>
<BR>[Calls]<UL><LI><a href="#[b7]">&gt;&gt;</a>&nbsp;&nbsp;&nbsp;__aeabi_f2d
<LI><a href="#[8b]">&gt;&gt;</a>&nbsp;&nbsp;&nbsp;__aeabi_dmul
<LI><a href="#[8d]">&gt;&gt;</a>&nbsp;&nbsp;&nbsp;__aeabi_d2f
</UL>
<BR>[Called By]<UL><LI><a href="#[93]">&gt;&gt;</a>&nbsp;&nbsp;&nbsp;BOARD_BootClockFROHF96M
</UL>

<P><STRONG><a name="[95]"></a>CLOCK_SetupFROClocking</STRONG> (Thumb, 194 bytes, Stack size 24 bytes, fsl_clock.o(.text.CLOCK_SetupFROClocking))
<BR><BR>[Stack]<UL><LI>Max Depth = 32<LI>Call Chain = CLOCK_SetupFROClocking &rArr; POWER_DisablePD
</UL>
<BR>[Calls]<UL><LI><a href="#[b8]">&gt;&gt;</a>&nbsp;&nbsp;&nbsp;POWER_DisablePD
</UL>
<BR>[Called By]<UL><LI><a href="#[93]">&gt;&gt;</a>&nbsp;&nbsp;&nbsp;BOARD_BootClockFROHF96M
</UL>

<P><STRONG><a name="[9c]"></a>DbgConsole_Init</STRONG> (Thumb, 352 bytes, Stack size 104 bytes, fsl_debug_console.o(.text.DbgConsole_Init))
<BR><BR>[Stack]<UL><LI>Max Depth = 872<LI>Call Chain = DbgConsole_Init &rArr; SerialManager_Init &rArr; Serial_UartInit &rArr; HAL_UartInit &rArr; USART_Init &rArr; USART_SetBaudRate &rArr; __aeabi_assert &rArr; DbgConsole_Printf &rArr; DbgConsole_SendData &rArr;  __aeabi_assert (Cycle)
</UL>
<BR>[Calls]<UL><LI><a href="#[ba]">&gt;&gt;</a>&nbsp;&nbsp;&nbsp;__aeabi_assert
<LI><a href="#[bb]">&gt;&gt;</a>&nbsp;&nbsp;&nbsp;SerialManager_OpenWriteHandle
<LI><a href="#[bc]">&gt;&gt;</a>&nbsp;&nbsp;&nbsp;SerialManager_OpenReadHandle
<LI><a href="#[b9]">&gt;&gt;</a>&nbsp;&nbsp;&nbsp;SerialManager_Init
<LI><a href="#[8a]">&gt;&gt;</a>&nbsp;&nbsp;&nbsp;memset
</UL>
<BR>[Called By]<UL><LI><a href="#[9a]">&gt;&gt;</a>&nbsp;&nbsp;&nbsp;BOARD_InitDebugConsole
</UL>

<P><STRONG><a name="[be]"></a>DbgConsole_Printf</STRONG> (Thumb, 110 bytes, Stack size 176 bytes, fsl_debug_console.o(.text.DbgConsole_Printf))
<BR><BR>[Stack]<UL><LI>Max Depth = 456<LI>Call Chain = DbgConsole_Printf &rArr; DbgConsole_SendData &rArr;  __aeabi_assert (Cycle)
</UL>
<BR>[Calls]<UL><LI><a href="#[88]">&gt;&gt;</a>&nbsp;&nbsp;&nbsp;__aeabi_memclr
<LI><a href="#[bf]">&gt;&gt;</a>&nbsp;&nbsp;&nbsp;StrFormatPrintf
<LI><a href="#[bd]">&gt;&gt;</a>&nbsp;&nbsp;&nbsp;DbgConsole_SendData
</UL>
[...]
</UL>
<BR>[Calls]<UL><LI><a href="#[c4]">&gt;&gt;</a>&nbsp;&nbsp;&nbsp;RESET_PeripheralReset
<LI><a href="#[c1]">&gt;&gt;</a>&nbsp;&nbsp;&nbsp;FLEXCOMM_GetInstance
<LI><a href="#[c5]">&gt;&gt;</a>&nbsp;&nbsp;&nbsp;FLEXCOMM_SetPeriph
<LI><a href="#[c3]">&gt;&gt;</a>&nbsp;&nbsp;&nbsp;CLOCK_EnableClock
</UL>
<BR>[Called By]<UL><LI><a href="#[c9]">&gt;&gt;</a>&nbsp;&nbsp;&nbsp;USART_Init
</UL>

<P><STRONG><a name="[c7]"></a>HAL_UartInit</STRONG> (Thumb, 364 bytes, Stack size 56 bytes, usart_adapter.o(.text.HAL_UartInit))
<BR><BR>[Stack]<UL><LI>Max Depth = 672<LI>Call Chain = HAL_UartInit &rArr; USART_Init &rArr; USART_SetBaudRate &rArr; __aeabi_assert &rArr; DbgConsole_Printf &rArr; DbgConsole_SendData &rArr;  __aeabi_assert (Cycle)
</UL>
<BR>[Calls]<UL><LI><a href="#[c9]">&gt;&gt;</a>&nbsp;&nbsp;&nbsp;USART_Init
<LI><a href="#[c8]">&gt;&gt;</a>&nbsp;&nbsp;&nbsp;USART_GetDefaultConfig
<LI><a href="#[ca]">&gt;&gt;</a>&nbsp;&nbsp;&nbsp;HAL_UartGetStatus
<LI><a href="#[ba]">&gt;&gt;</a>&nbsp;&nbsp;&nbsp;__aeabi_assert
</UL>
<BR>[Called By]<UL><LI><a href="#[cf]">&gt;&gt;</a>&nbsp;&nbsp;&nbsp;Serial_UartInit
</UL>

<P><STRONG><a name="[cb]"></a>HAL_UartSendBlocking</STRONG> (Thumb, 162 bytes, Stack size 40 bytes, usart_adapter.o(.text.HAL_UartSendBlocking))
<BR><BR>[Stack]<UL><LI>Max Depth = 80 + In Cycle
<LI>Call Chain = HAL_UartSendBlocking &rArr;  __aeabi_assert (Cycle)
</UL>
<BR>[Calls]<UL><LI><a href="#[cc]">&gt;&gt;</a>&nbsp;&nbsp;&nbsp;USART_WriteBlocking
<LI><a href="#[ba]">&gt;&gt;</a>&nbsp;&nbsp;&nbsp;__aeabi_assert
</UL>
<BR>[Called By]<UL><LI><a href="#[d1]">&gt;&gt;</a>&nbsp;&nbsp;&nbsp;Serial_UartWrite
</UL>

<P><STRONG><a name="[97]"></a>POWER_SetVoltageForFreq</STRONG> (Thumb, 40 bytes, Stack size unknown bytes, fsl_power_lib.o(.text.POWER_SetVoltageForFreq))
<BR><BR>[Calls]<UL><LI><a href="#[cd]">&gt;&gt;</a>&nbsp;&nbsp;&nbsp;nio_set_system_voltage
</UL>
<BR>[Called By]<UL><LI><a href="#[93]">&gt;&gt;</a>&nbsp;&nbsp;&nbsp;BOARD_BootClockFROHF96M
</UL>

<P><STRONG><a name="[9b]"></a>RESET_ClearPeripheralReset</STRONG> (Thumb, 112 bytes, Stack size 24 bytes, fsl_reset.o(.text.RESET_ClearPeripheralReset))
<BR><BR>[Stack]<UL><LI>Max Depth = 512<LI>Call Chain = RESET_ClearPeripheralReset &rArr; __aeabi_assert &rArr; DbgConsole_Printf &rArr; DbgConsole_SendData &rArr;  __aeabi_assert (Cycle)
</UL>
<BR>[Calls]<UL><LI><a href="#[ba]">&gt;&gt;</a>&nbsp;&nbsp;&nbsp;__aeabi_assert
</UL>
<BR>[Called By]<UL><LI><a href="#[9a]">&gt;&gt;</a>&nbsp;&nbsp;&nbsp;BOARD_InitDebugConsole
<LI><a href="#[c4]">&gt;&gt;</a>&nbsp;&nbsp;&nbsp;RESET_PeripheralReset
</UL>

<P><STRONG><a name="[c4]"></a>RESET_PeripheralReset</STRONG> (Thumb, 26 bytes, Stack size 16 bytes, fsl_reset.o(.text.RESET_PeripheralReset))
<BR><BR>[Stack]<UL><LI>Max Depth = 528<LI>Call Chain = RESET_PeripheralReset &rArr; RESET_ClearPeripheralReset &rArr; __aeabi_assert &rArr; DbgConsole_Printf &rArr; DbgConsole_SendData &rArr;  __aeabi_assert (Cycle)
</UL>
<BR>[Calls]<UL><LI><a href="#[9b]">&gt;&gt;</a>&nbsp;&nbsp;&nbsp;RESET_ClearPeripheralReset
<LI><a href="#[ce]">&gt;&gt;</a>&nbsp;&nbsp;&nbsp;RESET_SetPeripheralReset
</UL>
<BR>[Called By]<UL><LI><a href="#[c2]">&gt;&gt;</a>&nbsp;&nbsp;&nbsp;FLEXCOMM_Init
</UL>

<P><STRONG><a name="[ce]"></a>RESET_SetPeripheralReset</STRONG> (Thumb, 108 bytes, Stack size 24 bytes, fsl_reset.o(.text.RESET_SetPeripheralReset))
<BR><BR>[Stack]<UL><LI>Max Depth = 512<LI>Call Chain = RESET_SetPeripheralReset &rArr; __aeabi_assert &rArr; DbgConsole_Printf &rArr; DbgConsole_SendData &rArr;  __aeabi_assert (Cycle)
</UL>
<BR>[Calls]<UL><LI><a href="#[ba]">&gt;&gt;</a>&nbsp;&nbsp;&nbsp;__aeabi_assert
</UL>
<BR>[Called By]<UL><LI><a href="#[c4]">&gt;&gt;</a>&nbsp;&nbsp;&nbsp;RESET_PeripheralReset
</UL>

<P><STRONG><a name="[b9]"></a>SerialManager_Init</STRONG> (Thumb, 154 bytes, Stack size 40 bytes, serial_manager.o(.text.SerialManager_Init))
<BR><BR>[Stack]<UL><LI>Max Depth = 768<LI>Call Chain = SerialManager_Init &rArr; Serial_UartInit &rArr; HAL_UartInit &rArr; USART_Init &rArr; USART_SetBaudRate &rArr; __aeabi_assert &rArr; DbgConsole_Printf &rArr; DbgConsole_SendData &rArr;  __aeabi_assert (Cycle)
</UL>
<BR>[Calls]<UL><LI><a href="#[ba]">&gt;&gt;</a>&nbsp;&nbsp;&nbsp;__aeabi_assert
<LI><a href="#[cf]">&gt;&gt;</a>&nbsp;&nbsp;&nbsp;Serial_UartInit
<LI><a href="#[8a]">&gt;&gt;</a>&nbsp;&nbsp;&nbsp;memset
</UL>
<BR>[Called By]<UL><LI><a href="#[9c]">&gt;&gt;</a>&nbsp;&nbsp;&nbsp;DbgConsole_Init
</UL>

<P><STRONG><a name="[bc]"></a>SerialManager_OpenReadHandle</STRONG> (Thumb, 154 bytes, Stack size 48 bytes, serial_manager.o(.text.SerialManager_OpenReadHandle))
<BR><BR>[Stack]<UL><LI>Max Depth = 536<LI>Call Chain = SerialManager_OpenReadHandle &rArr; __aeabi_assert &rArr; DbgConsole_Printf &rArr; DbgConsole_SendData &rArr;  __aeabi_assert (Cycle)
</UL>
<BR>[Calls]<UL><LI><a href="#[ba]">&gt;&gt;</a>&nbsp;&nbsp;&nbsp;__aeabi_assert
<LI><a href="#[8a]">&gt;&gt;</a>&nbsp;&nbsp;&nbsp;memset
</UL>
<BR>[Called By]<UL><LI><a href="#[9c]">&gt;&gt;</a>&nbsp;&nbsp;&nbsp;DbgConsole_Init
</UL>

<P><STRONG><a name="[bb]"></a>SerialManager_OpenWriteHandle</STRONG> (Thumb, 128 bytes, Stack size 40 bytes, serial_manager.o(.text.SerialManager_OpenWriteHandle))
<BR><BR>[Stack]<UL><LI>Max Depth = 528<LI>Call Chain = SerialManager_OpenWriteHandle &rArr; __aeabi_assert &rArr; DbgConsole_Printf &rArr; DbgConsole_SendData &rArr;  __aeabi_assert (Cycle)
</UL>
<BR>[Calls]<UL><LI><a href="#[ba]">&gt;&gt;</a>&nbsp;&nbsp;&nbsp;__aeabi_assert
<LI><a href="#[8a]">&gt;&gt;</a>&nbsp;&nbsp;&nbsp;memset
</UL>
<BR>[Called By]<UL><LI><a href="#[9c]">&gt;&gt;</a>&nbsp;&nbsp;&nbsp;DbgConsole_Init
</UL>

<P><STRONG><a name="[c0]"></a>SerialManager_WriteBlocking</STRONG> (Thumb, 40 bytes, Stack size 32 bytes, serial_manager.o(.text.SerialManager_WriteBlocking))
<BR><BR>[Stack]<UL><LI>Max Depth = 248<LI>Call Chain = SerialManager_WriteBlocking &rArr; SerialManager_Write &rArr;  __aeabi_assert (Cycle)
</UL>
<BR>[Calls]<UL><LI><a href="#[d2]">&gt;&gt;</a>&nbsp;&nbsp;&nbsp;SerialManager_Write
</UL>
<BR>[Called By]<UL><LI><a href="#[bd]">&gt;&gt;</a>&nbsp;&nbsp;&nbsp;DbgConsole_SendData
</UL>

<P><STRONG><a name="[cf]"></a>Serial_UartInit</STRONG> (Thumb, 180 bytes, Stack size 56 bytes, serial_port_uart.o(.text.Serial_UartInit))
<BR><BR>[Stack]<UL><LI>Max Depth = 728<LI>Call Chain = Serial_UartInit &rArr; HAL_UartInit &rArr; USART_Init &rArr; USART_SetBaudRate &rArr; __aeabi_assert &rArr; DbgConsole_Printf &rArr; DbgConsole_SendData &rArr;  __aeabi_assert (Cycle)
</UL>
<BR>[Calls]<UL><LI><a href="#[c7]">&gt;&gt;</a>&nbsp;&nbsp;&nbsp;HAL_UartInit
<LI><a href="#[ba]">&gt;&gt;</a>&nbsp;&nbsp;&nbsp;__aeabi_assert
</UL>
<BR>[Called By]<UL><LI><a href="#[b9]">&gt;&gt;</a>&nbsp;&nbsp;&nbsp;SerialManager_Init
</UL>

<P><STRONG><a name="[d1]"></a>Serial_UartWrite</STRONG> (Thumb, 146 bytes, Stack size 40 bytes, serial_port_uart.o(.text.Serial_UartWrite))
<BR><BR>[Stack]<UL><LI>Max Depth = 120 + In Cycle
<LI>Call Chain = Serial_UartWrite &rArr;  __aeabi_assert (Cycle)
</UL>
<BR>[Calls]<UL><LI><a href="#[cb]">&gt;&gt;</a>&nbsp;&nbsp;&nbsp;HAL_UartSendBlocking
<LI><a href="#[ba]">&gt;&gt;</a>&nbsp;&nbsp;&nbsp;__aeabi_assert
</UL>
<BR>[Called By]<UL><LI><a href="#[d0]">&gt;&gt;</a>&nbsp;&nbsp;&nbsp;SerialManager_StartWriting
</UL>

<P><STRONG><a name="[bf]"></a>StrFormatPrintf</STRONG> (Thumb, 966 bytes, Stack size 184 bytes, fsl_str.o(.text.StrFormatPrintf))
<BR><BR>[Stack]<UL><LI>Max Depth = 272<LI>Call Chain = StrFormatPrintf &rArr; ConvertRadixNumToString
</UL>
<BR>[Calls]<UL><LI><a href="#[d4]">&gt;&gt;</a>&nbsp;&nbsp;&nbsp;strlen
<LI><a href="#[d3]">&gt;&gt;</a>&nbsp;&nbsp;&nbsp;ConvertRadixNumToString
</UL>
<BR>[Called By]<UL><LI><a href="#[be]">&gt;&gt;</a>&nbsp;&nbsp;&nbsp;DbgConsole_Printf
</UL>

<P><STRONG><a name="[47]"></a>SystemInit</STRONG> (Thumb, 92 bytes, Stack size 8 bytes, system_lpc55s69_cm33_core0.o(.text.SystemInit))
<BR><BR>[Stack]<UL><LI>Max Depth = 8<LI>Call Chain = SystemInit
</UL>
<BR>[Calls]<UL><LI><a href="#[d5]">&gt;&gt;</a>&nbsp;&nbsp;&nbsp;SystemInitHook
</UL>
<BR>[Address Reference Count : 1]<UL><LI> startup_lpc55s69_cm33_core0.o(.text)
</UL>
<P><STRONG><a name="[d5]"></a>SystemInitHook</STRONG> (Thumb, 2 bytes, Stack size 0 bytes, system_lpc55s69_cm33_core0.o(.text.SystemInitHook))
<BR><BR>[Called By]<UL><LI><a href="#[47]">&gt;&gt;</a>&nbsp;&nbsp;&nbsp;SystemInit
</UL>

<P><STRONG><a name="[c8]"></a>USART_GetDefaultConfig</STRONG> (Thumb, 110 bytes, Stack size 24 bytes, fsl_usart.o(.text.USART_GetDefaultConfig))
<BR><BR>[Stack]<UL><LI>Max Depth = 512<LI>Call Chain = USART_GetDefaultConfig &rArr; __aeabi_assert &rArr; DbgConsole_Printf &rArr; DbgConsole_SendData &rArr;  __aeabi_assert (Cycle)
</UL>
<BR>[Calls]<UL><LI><a href="#[ba]">&gt;&gt;</a>&nbsp;&nbsp;&nbsp;__aeabi_assert
<LI><a href="#[8a]">&gt;&gt;</a>&nbsp;&nbsp;&nbsp;memset
</UL>
<BR>[Called By]<UL><LI><a href="#[c7]">&gt;&gt;</a>&nbsp;&nbsp;&nbsp;HAL_UartInit
<LI><a href="#[46]">&gt;&gt;</a>&nbsp;&nbsp;&nbsp;main
</UL>

<P><STRONG><a name="[c9]"></a>USART_Init</STRONG> (Thumb, 408 bytes, Stack size 48 bytes, fsl_usart.o(.text.USART_Init))
<BR><BR>[Stack]<UL><LI>Max Depth = 616<LI>Call Chain = USART_Init &rArr; USART_SetBaudRate &rArr; __aeabi_assert &rArr; DbgConsole_Printf &rArr; DbgConsole_SendData &rArr;  __aeabi_assert (Cycle)
</UL>
<BR>[Calls]<UL><LI><a href="#[ba]">&gt;&gt;</a>&nbsp;&nbsp;&nbsp;__aeabi_assert
<LI><a href="#[c2]">&gt;&gt;</a>&nbsp;&nbsp;&nbsp;FLEXCOMM_Init
<LI><a href="#[d6]">&gt;&gt;</a>&nbsp;&nbsp;&nbsp;USART_SetBaudRate
</UL>
<BR>[Called By]<UL><LI><a href="#[c7]">&gt;&gt;</a>&nbsp;&nbsp;&nbsp;HAL_UartInit
<LI><a href="#[46]">&gt;&gt;</a>&nbsp;&nbsp;&nbsp;main
</UL>

<P><STRONG><a name="[d7]"></a>USART_ReadBlocking</STRONG> (Thumb, 350 bytes, Stack size 48 bytes, fsl_usart.o(.text.USART_ReadBlocking))
<BR><BR>[Stack]<UL><LI>Max Depth = 536<LI>Call Chain = USART_ReadBlocking &rArr; __aeabi_assert &rArr; DbgConsole_Printf &rArr; DbgConsole_SendData &rArr;  __aeabi_assert (Cycle)
</UL>
<BR>[Calls]<UL><LI><a href="#[ba]">&gt;&gt;</a>&nbsp;&nbsp;&nbsp;__aeabi_assert
</UL>
<BR>[Called By]<UL><LI><a href="#[46]">&gt;&gt;</a>&nbsp;&nbsp;&nbsp;main
</UL>

<P><STRONG><a name="[d6]"></a>USART_SetBaudRate</STRONG> (Thumb, 334 bytes, Stack size 80 bytes, fsl_usart.o(.text.USART_SetBaudRate))
<BR><BR>[Stack]<UL><LI>Max Depth = 568<LI>Call Chain = USART_SetBaudRate &rArr; __aeabi_assert &rArr; DbgConsole_Printf &rArr; DbgConsole_SendData &rArr;  __aeabi_assert (Cycle)
</UL>
<BR>[Calls]<UL><LI><a href="#[ba]">&gt;&gt;</a>&nbsp;&nbsp;&nbsp;__aeabi_assert
</UL>
<BR>[Called By]<UL><LI><a href="#[c9]">&gt;&gt;</a>&nbsp;&nbsp;&nbsp;USART_Init
</UL>

<P><STRONG><a name="[cc]"></a>USART_WriteBlocking</STRONG> (Thumb, 204 bytes, Stack size 40 bytes, fsl_usart.o(.text.USART_WriteBlocking))
<BR><BR>[Stack]<UL><LI>Max Depth = 40 + In Cycle
<LI>Call Chain = USART_WriteBlocking &rArr;  __aeabi_assert (Cycle)
</UL>
<BR>[Calls]<UL><LI><a href="#[ba]">&gt;&gt;</a>&nbsp;&nbsp;&nbsp;__aeabi_assert
</UL>
<BR>[Called By]<UL><LI><a href="#[cb]">&gt;&gt;</a>&nbsp;&nbsp;&nbsp;HAL_UartSendBlocking
<LI><a href="#[46]">&gt;&gt;</a>&nbsp;&nbsp;&nbsp;main
</UL>

<P><STRONG><a name="[ba]"></a>__aeabi_assert</STRONG> (Thumb, 58 bytes, Stack size 32 bytes, fsl_assert.o(.text.__aeabi_assert))
<BR><BR>[Stack]<UL><LI>Max Depth = 488<LI>Call Chain = __aeabi_assert &rArr; DbgConsole_Printf &rArr; DbgConsole_SendData &rArr;  __aeabi_assert (Cycle)
</UL>
<BR>[Calls]<UL><LI><a href="#[be]">&gt;&gt;</a>&nbsp;&nbsp;&nbsp;DbgConsole_Printf
</UL>
<BR>[Called By]<UL><LI><a href="#[9b]">&gt;&gt;</a>&nbsp;&nbsp;&nbsp;RESET_ClearPeripheralReset
<LI><a href="#[9c]">&gt;&gt;</a>&nbsp;&nbsp;&nbsp;DbgConsole_Init
<LI><a href="#[cc]">&gt;&gt;</a>&nbsp;&nbsp;&nbsp;USART_WriteBlocking
<LI><a href="#[d7]">&gt;&gt;</a>&nbsp;&nbsp;&nbsp;USART_ReadBlocking
<LI><a href="#[c9]">&gt;&gt;</a>&nbsp;&nbsp;&nbsp;USART_Init
<LI><a href="#[c8]">&gt;&gt;</a>&nbsp;&nbsp;&nbsp;USART_GetDefaultConfig
<LI><a href="#[cb]">&gt;&gt;</a>&nbsp;&nbsp;&nbsp;HAL_UartSendBlocking
<LI><a href="#[c7]">&gt;&gt;</a>&nbsp;&nbsp;&nbsp;HAL_UartInit
<LI><a href="#[d1]">&gt;&gt;</a>&nbsp;&nbsp;&nbsp;Serial_UartWrite
<LI><a href="#[cf]">&gt;&gt;</a>&nbsp;&nbsp;&nbsp;Serial_UartInit
<LI><a href="#[bb]">&gt;&gt;</a>&nbsp;&nbsp;&nbsp;SerialManager_OpenWriteHandle
<LI><a href="#[bc]">&gt;&gt;</a>&nbsp;&nbsp;&nbsp;SerialManager_OpenReadHandle
<LI><a href="#[b9]">&gt;&gt;</a>&nbsp;&nbsp;&nbsp;SerialManager_Init
<LI><a href="#[d2]">&gt;&gt;</a>&nbsp;&nbsp;&nbsp;SerialManager_Write
<LI><a href="#[c1]">&gt;&gt;</a>&nbsp;&nbsp;&nbsp;FLEXCOMM_GetInstance
<LI><a href="#[5e]">&gt;&gt;</a>&nbsp;&nbsp;&nbsp;FLEXCOMM7_DriverIRQHandler
<LI><a href="#[5d]">&gt;&gt;</a>&nbsp;&nbsp;&nbsp;FLEXCOMM6_DriverIRQHandler
<LI><a href="#[5c]">&gt;&gt;</a>&nbsp;&nbsp;&nbsp;FLEXCOMM5_DriverIRQHandler
<LI><a href="#[5b]">&gt;&gt;</a>&nbsp;&nbsp;&nbsp;FLEXCOMM4_DriverIRQHandler
<LI><a href="#[5a]">&gt;&gt;</a>&nbsp;&nbsp;&nbsp;FLEXCOMM3_DriverIRQHandler
<LI><a href="#[59]">&gt;&gt;</a>&nbsp;&nbsp;&nbsp;FLEXCOMM2_DriverIRQHandler
<LI><a href="#[58]">&gt;&gt;</a>&nbsp;&nbsp;&nbsp;FLEXCOMM1_DriverIRQHandler
<LI><a href="#[57]">&gt;&gt;</a>&nbsp;&nbsp;&nbsp;FLEXCOMM0_DriverIRQHandler
<LI><a href="#[d6]">&gt;&gt;</a>&nbsp;&nbsp;&nbsp;USART_SetBaudRate
<LI><a href="#[ce]">&gt;&gt;</a>&nbsp;&nbsp;&nbsp;RESET_SetPeripheralReset
<LI><a href="#[bd]">&gt;&gt;</a>&nbsp;&nbsp;&nbsp;DbgConsole_SendData
</UL>

<P><STRONG><a name="[46]"></a>main</STRONG> (Thumb, 142 bytes, Stack size 64 bytes, usart_polling.o(.text.main))
<BR><BR>[Stack]<UL><LI>Max Depth = 952 + Unknown Stack Size
<LI>Call Chain = main &rArr; BOARD_InitDebugConsole &rArr; DbgConsole_Init &rArr; SerialManager_Init &rArr; Serial_UartInit &rArr; HAL_UartInit &rArr; USART_Init &rArr; USART_SetBaudRate &rArr; __aeabi_assert &rArr; DbgConsole_Printf &rArr; DbgConsole_SendData &rArr;  __aeabi_assert (Cycle)
</UL>
<BR>[Calls]<UL><LI><a href="#[93]">&gt;&gt;</a>&nbsp;&nbsp;&nbsp;BOARD_BootClockFROHF96M
<LI><a href="#[96]">&gt;&gt;</a>&nbsp;&nbsp;&nbsp;CLOCK_AttachClk
<LI><a href="#[9a]">&gt;&gt;</a>&nbsp;&nbsp;&nbsp;BOARD_InitDebugConsole
<LI><a href="#[cc]">&gt;&gt;</a>&nbsp;&nbsp;&nbsp;USART_WriteBlocking
<LI><a href="#[d7]">&gt;&gt;</a>&nbsp;&nbsp;&nbsp;USART_ReadBlocking
<LI><a href="#[c9]">&gt;&gt;</a>&nbsp;&nbsp;&nbsp;USART_Init
<LI><a href="#[c8]">&gt;&gt;</a>&nbsp;&nbsp;&nbsp;USART_GetDefaultConfig
<LI><a href="#[9d]">&gt;&gt;</a>&nbsp;&nbsp;&nbsp;BOARD_InitPins
<LI><a href="#[ae]">&gt;&gt;</a>&nbsp;&nbsp;&nbsp;CLOCK_GetFreq
</UL>
<BR>[Address Reference Count : 1]<UL><LI> entry9a.o(.ARM.Collect$$$$0000000B)
</UL>
<P><STRONG><a name="[cd]"></a>nio_set_system_voltage</STRONG> (Thumb, 232 bytes, Stack size unknown bytes, fsl_power_lib.o(.text.nio_set_system_voltage))
<BR><BR>[Called By]<UL><LI><a href="#[97]">&gt;&gt;</a>&nbsp;&nbsp;&nbsp;POWER_SetVoltageForFreq
</UL>

<P><STRONG><a name="[e7]"></a>__scatterload_copy</STRONG> (Thumb, 14 bytes, Stack size unknown bytes, handlers.o(i.__scatterload_copy), UNUSED)

<P><STRONG><a name="[e8]"></a>__scatterload_null</STRONG> (Thumb, 2 bytes, Stack size unknown bytes, handlers.o(i.__scatterload_null), UNUSED)

<P><STRONG><a name="[e9]"></a>__scatterload_zeroinit</STRONG> (Thumb, 14 bytes, Stack size unknown bytes, handlers.o(i.__scatterload_zeroinit), UNUSED)
<P>
<H3>
Local Symbols
</H3>
<P><STRONG><a name="[94]"></a>POWER_DisablePD</STRONG> (Thumb, 22 bytes, Stack size 8 bytes, clock_config.o(.text.POWER_DisablePD))
<BR><BR>[Stack]<UL><LI>Max Depth = 8<LI>Call Chain = POWER_DisablePD
</UL>
<BR>[Called By]<UL><LI><a href="#[93]">&gt;&gt;</a>&nbsp;&nbsp;&nbsp;BOARD_BootClockFROHF96M
</UL>

<P><STRONG><a name="[9e]"></a>CLOCK_EnableClock</STRONG> (Thumb, 44 bytes, Stack size 12 bytes, pin_mux.o(.text.CLOCK_EnableClock))
<BR><BR>[Stack]<UL><LI>Max Depth = 12<LI>Call Chain = CLOCK_EnableClock
</UL>
<BR>[Called By]<UL><LI><a href="#[9d]">&gt;&gt;</a>&nbsp;&nbsp;&nbsp;BOARD_InitPins
</UL>

<P><STRONG><a name="[9f]"></a>IOCON_PinMuxSet</STRONG> (Thumb, 60 bytes, Stack size 44 bytes, pin_mux.o(.text.IOCON_PinMuxSet))
<BR><BR>[Stack]<UL><LI>Max Depth = 44<LI>Call Chain = IOCON_PinMuxSet
</UL>
<BR>[Called By]<UL><LI><a href="#[9d]">&gt;&gt;</a>&nbsp;&nbsp;&nbsp;BOARD_InitPins
</UL>

<P><STRONG><a name="[d0]"></a>SerialManager_StartWriting</STRONG> (Thumb, 88 bytes, Stack size 56 bytes, serial_manager.o(.text.SerialManager_StartWriting))
<BR><BR>[Stack]<UL><LI>Max Depth = 176<LI>Call Chain = SerialManager_StartWriting &rArr; Serial_UartWrite &rArr;  __aeabi_assert (Cycle)
</UL>
<BR>[Calls]<UL><LI><a href="#[d1]">&gt;&gt;</a>&nbsp;&nbsp;&nbsp;Serial_UartWrite
</UL>
<BR>[Called By]<UL><LI><a href="#[d2]">&gt;&gt;</a>&nbsp;&nbsp;&nbsp;SerialManager_Write
</UL>

<P><STRONG><a name="[d2]"></a>SerialManager_Write</STRONG> (Thumb, 188 bytes, Stack size 40 bytes, serial_manager.o(.text.SerialManager_Write))
<BR><BR>[Stack]<UL><LI>Max Depth = 216 + In Cycle
<LI>Call Chain = SerialManager_Write &rArr;  __aeabi_assert (Cycle)
</UL>
<BR>[Calls]<UL><LI><a href="#[ba]">&gt;&gt;</a>&nbsp;&nbsp;&nbsp;__aeabi_assert
<LI><a href="#[d0]">&gt;&gt;</a>&nbsp;&nbsp;&nbsp;SerialManager_StartWriting
</UL>
<BR>[Called By]<UL><LI><a href="#[c0]">&gt;&gt;</a>&nbsp;&nbsp;&nbsp;SerialManager_WriteBlocking
</UL>

<P><STRONG><a name="[ca]"></a>HAL_UartGetStatus</STRONG> (Thumb, 42 bytes, Stack size 12 bytes, usart_adapter.o(.text.HAL_UartGetStatus))
<BR><BR>[Stack]<UL><LI>Max Depth = 12<LI>Call Chain = HAL_UartGetStatus
</UL>
<BR>[Called By]<UL><LI><a href="#[c7]">&gt;&gt;</a>&nbsp;&nbsp;&nbsp;HAL_UartInit
</UL>

<P><STRONG><a name="[b8]"></a>POWER_DisablePD</STRONG> (Thumb, 22 bytes, Stack size 8 bytes, fsl_clock.o(.text.POWER_DisablePD))
<BR><BR>[Stack]<UL><LI>Max Depth = 8<LI>Call Chain = POWER_DisablePD
</UL>
<BR>[Called By]<UL><LI><a href="#[95]">&gt;&gt;</a>&nbsp;&nbsp;&nbsp;CLOCK_SetupFROClocking
</UL>

<P><STRONG><a name="[c3]"></a>CLOCK_EnableClock</STRONG> (Thumb, 44 bytes, Stack size 12 bytes, fsl_flexcomm.o(.text.CLOCK_EnableClock))
<BR><BR>[Stack]<UL><LI>Max Depth = 12<LI>Call Chain = CLOCK_EnableClock
</UL>
<BR>[Called By]<UL><LI><a href="#[c2]">&gt;&gt;</a>&nbsp;&nbsp;&nbsp;FLEXCOMM_Init
</UL>

<P><STRONG><a name="[c6]"></a>FLEXCOMM_PeripheralIsPresent</STRONG> (Thumb, 118 bytes, Stack size 20 bytes, fsl_flexcomm.o(.text.FLEXCOMM_PeripheralIsPresent))
<BR><BR>[Stack]<UL><LI>Max Depth = 20<LI>Call Chain = FLEXCOMM_PeripheralIsPresent
</UL>
<BR>[Called By]<UL><LI><a href="#[c5]">&gt;&gt;</a>&nbsp;&nbsp;&nbsp;FLEXCOMM_SetPeriph
</UL>

<P><STRONG><a name="[c5]"></a>FLEXCOMM_SetPeriph</STRONG> (Thumb, 138 bytes, Stack size 40 bytes, fsl_flexcomm.o(.text.FLEXCOMM_SetPeriph))
<BR><BR>[Stack]<UL><LI>Max Depth = 60<LI>Call Chain = FLEXCOMM_SetPeriph &rArr; FLEXCOMM_PeripheralIsPresent
</UL>
<BR>[Calls]<UL><LI><a href="#[c6]">&gt;&gt;</a>&nbsp;&nbsp;&nbsp;FLEXCOMM_PeripheralIsPresent
</UL>
<BR>[Called By]<UL><LI><a href="#[c2]">&gt;&gt;</a>&nbsp;&nbsp;&nbsp;FLEXCOMM_Init
</UL>

<P><STRONG><a name="[85]"></a>DbgConsole_PrintCallback</STRONG> (Thumb, 120 bytes, Stack size 56 bytes, fsl_debug_console.o(.text.DbgConsole_PrintCallback))
<BR><BR>[Stack]<UL><LI>Max Depth = 336<LI>Call Chain = DbgConsole_PrintCallback &rArr; DbgConsole_SendData &rArr;  __aeabi_assert (Cycle)
</UL>
<BR>[Calls]<UL><LI><a href="#[bd]">&gt;&gt;</a>&nbsp;&nbsp;&nbsp;DbgConsole_SendData
</UL>
<BR>[Address Reference Count : 1]<UL><LI> fsl_debug_console.o(.text.DbgConsole_Printf)
</UL>
<P><STRONG><a name="[d3]"></a>ConvertRadixNumToString</STRONG> (Thumb, 324 bytes, Stack size 88 bytes, fsl_str.o(.text.ConvertRadixNumToString))
<BR><BR>[Stack]<UL><LI>Max Depth = 88<LI>Call Chain = ConvertRadixNumToString
</UL>
<BR>[Called By]<UL><LI><a href="#[bf]">&gt;&gt;</a>&nbsp;&nbsp;&nbsp;StrFormatPrintf
</UL>
<P>
<H3>
Undefined Global Symbols
</H3><HR></body></html>
