Component: ARM Compiler 6.11 Tool: armlink [5d3b3900]

==============================================================================

Section Cross References

    board.o(.text.BOARD_InitDebugConsole) refers to fsl_clock.o(.text.CLOCK_AttachClk) for CLOCK_AttachClk
    board.o(.text.BOARD_InitDebugConsole) refers to fsl_reset.o(.text.RESET_ClearPeripheralReset) for RESET_ClearPeripheralReset
    board.o(.text.BOARD_InitDebugConsole) refers to fsl_debug_console.o(.text.DbgConsole_Init) for DbgConsole_Init
    board.o(.ARM.exidx.text.BOARD_InitDebugConsole) refers to board.o(.text.BOARD_InitDebugConsole) for [Anonymous Symbol]
    board.o(.text.BOARD_InitDebugConsole_Core1) refers to fsl_reset.o(.text.RESET_ClearPeripheralReset) for RESET_ClearPeripheralReset
    board.o(.text.BOARD_InitDebugConsole_Core1) refers to fsl_debug_console.o(.text.DbgConsole_Init) for DbgConsole_Init
    board.o(.ARM.exidx.text.BOARD_InitDebugConsole_Core1) refers to board.o(.text.BOARD_InitDebugConsole_Core1) for [Anonymous Symbol]
    clock_config.o(.text.BOARD_InitBootClocks) refers to clock_config.o(.text.BOARD_BootClockFROHF96M) for BOARD_BootClockFROHF96M
    clock_config.o(.ARM.exidx.text.BOARD_InitBootClocks) refers to clock_config.o(.text.BOARD_InitBootClocks) for [Anonymous Symbol]
    clock_config.o(.text.BOARD_BootClockFROHF96M) refers to clock_config.o(.text.POWER_DisablePD) for POWER_DisablePD
    clock_config.o(.text.BOARD_BootClockFROHF96M) refers to fsl_clock.o(.text.CLOCK_SetupFROClocking) for CLOCK_SetupFROClocking
    clock_config.o(.text.BOARD_BootClockFROHF96M) refers to fsl_clock.o(.text.CLOCK_AttachClk) for CLOCK_AttachClk
    clock_config.o(.text.BOARD_BootClockFROHF96M) refers to fsl_power_lib.o(.text.POWER_SetVoltageForFreq) for POWER_SetVoltageForFreq
    clock_config.o(.text.BOARD_BootClockFROHF96M) refers to fsl_clock.o(.text.CLOCK_SetFLASHAccessCyclesForFreq) for CLOCK_SetFLASHAccessCyclesForFreq
    clock_config.o(.text.BOARD_BootClockFROHF96M) refers to fsl_clock.o(.text.CLOCK_SetClkDiv) for CLOCK_SetClkDiv
    clock_config.o(.text.BOARD_BootClockFROHF96M) refers to system_lpc55s69_cm33_core0.o(.data.SystemCoreClock) for SystemCoreClock
    clock_config.o(.ARM.exidx.text.BOARD_BootClockFROHF96M) refers to clock_config.o(.text.BOARD_BootClockFROHF96M) for [Anonymous Symbol]
    clock_config.o(.text.BOARD_BootClockFRO12M) refers to clock_config.o(.text.POWER_DisablePD) for POWER_DisablePD
    clock_config.o(.text.BOARD_BootClockFRO12M) refers to fsl_clock.o(.text.CLOCK_SetupFROClocking) for CLOCK_SetupFROClocking
    clock_config.o(.text.BOARD_BootClockFRO12M) refers to fsl_clock.o(.text.CLOCK_AttachClk) for CLOCK_AttachClk
    clock_config.o(.text.BOARD_BootClockFRO12M) refers to fsl_power_lib.o(.text.POWER_SetVoltageForFreq) for POWER_SetVoltageForFreq
    clock_config.o(.text.BOARD_BootClockFRO12M) refers to fsl_clock.o(.text.CLOCK_SetFLASHAccessCyclesForFreq) for CLOCK_SetFLASHAccessCyclesForFreq
    clock_config.o(.text.BOARD_BootClockFRO12M) refers to fsl_clock.o(.text.CLOCK_SetClkDiv) for CLOCK_SetClkDiv
    clock_config.o(.text.BOARD_BootClockFRO12M) refers to system_lpc55s69_cm33_core0.o(.data.SystemCoreClock) for SystemCoreClock
    clock_config.o(.ARM.exidx.text.BOARD_BootClockFRO12M) refers to clock_config.o(.text.BOARD_BootClockFRO12M) for [Anonymous Symbol]
    clock_config.o(.ARM.exidx.text.POWER_DisablePD) refers to clock_config.o(.text.POWER_DisablePD) for [Anonymous Symbol]
    clock_config.o(.text.BOARD_BootClockPLL100M) refers to clock_config.o(.text.POWER_DisablePD) for POWER_DisablePD
    clock_config.o(.text.BOARD_BootClockPLL100M) refers to fsl_clock.o(.text.CLOCK_SetupFROClocking) for CLOCK_SetupFROClocking
    clock_config.o(.text.BOARD_BootClockPLL100M) refers to fsl_clock.o(.text.CLOCK_AttachClk) for CLOCK_AttachClk
    clock_config.o(.text.BOARD_BootClockPLL100M) refers to fsl_clock.o(.text.CLOCK_SetupExtClocking) for CLOCK_SetupExtClocking
    clock_config.o(.text.BOARD_BootClockPLL100M) refers to fsl_power_lib.o(.text.POWER_SetVoltageForFreq) for POWER_SetVoltageForFreq
    clock_config.o(.text.BOARD_BootClockPLL100M) refers to fsl_clock.o(.text.CLOCK_SetFLASHAccessCyclesForFreq) for CLOCK_SetFLASHAccessCyclesForFreq
    clock_config.o(.text.BOARD_BootClockPLL100M) refers to clock_config.o(.rodata.cst32) for .LBOARD_BootClockPLL100M.pll0Setup
    clock_config.o(.text.BOARD_BootClockPLL100M) refers to fsl_clock.o(.text.CLOCK_SetPLL0Freq) for CLOCK_SetPLL0Freq
    clock_config.o(.text.BOARD_BootClockPLL100M) refers to fsl_clock.o(.text.CLOCK_SetClkDiv) for CLOCK_SetClkDiv
    clock_config.o(.text.BOARD_BootClockPLL100M) refers to system_lpc55s69_cm33_core0.o(.data.SystemCoreClock) for SystemCoreClock
    clock_config.o(.ARM.exidx.text.BOARD_BootClockPLL100M) refers to clock_config.o(.text.BOARD_BootClockPLL100M) for [Anonymous Symbol]
    pin_mux.o(.text.BOARD_InitBootPins) refers to pin_mux.o(.text.BOARD_InitPins) for BOARD_InitPins
[...]
    Removing fsl_clock.o(.ARM.exidx.text.CLOCK_SetStoredPLL0ClockRate), (8 bytes).
    Removing fsl_clock.o(.text.CLOCK_GetPLL0OutClockRate), (126 bytes).
    Removing fsl_clock.o(.ARM.exidx.text.CLOCK_GetPLL0OutClockRate), (8 bytes).
    Removing fsl_clock.o(.text.CLOCK_GetPLL0OutFromSetupUpdate), (30 bytes).
    Removing fsl_clock.o(.ARM.exidx.text.CLOCK_GetPLL0OutFromSetupUpdate), (8 bytes).
    Removing fsl_clock.o(.text.CLOCK_SetupPLL0Data), (162 bytes).
    Removing fsl_clock.o(.ARM.exidx.text.CLOCK_SetupPLL0Data), (8 bytes).
    Removing fsl_clock.o(.text.CLOCK_GetPll0Config), (400 bytes).
    Removing fsl_clock.o(.ARM.exidx.text.CLOCK_GetPll0Config), (8 bytes).
    Removing fsl_clock.o(.text.CLOCK_SetupPLL0Prec), (284 bytes).
    Removing fsl_clock.o(.ARM.exidx.text.CLOCK_SetupPLL0Prec), (8 bytes).
    Removing fsl_clock.o(.text.POWER_EnablePD), (22 bytes).
    Removing fsl_clock.o(.ARM.exidx.text.POWER_EnablePD), (8 bytes).
    Removing fsl_clock.o(.text.CLOCK_IsPLL0Locked), (16 bytes).
    Removing fsl_clock.o(.ARM.exidx.text.CLOCK_IsPLL0Locked), (8 bytes).
    Removing fsl_clock.o(.text.CLOCK_SetPLL0Freq), (256 bytes).
    Removing fsl_clock.o(.ARM.exidx.text.CLOCK_SetPLL0Freq), (8 bytes).
    Removing fsl_clock.o(.text.CLOCK_SetPLL1Freq), (218 bytes).
    Removing fsl_clock.o(.ARM.exidx.text.CLOCK_SetPLL1Freq), (8 bytes).
    Removing fsl_clock.o(.text.findPll1PreDiv), (60 bytes).
    Removing fsl_clock.o(.ARM.exidx.text.findPll1PreDiv), (8 bytes).
    Removing fsl_clock.o(.text.CLOCK_IsPLL1Locked), (16 bytes).
    Removing fsl_clock.o(.ARM.exidx.text.CLOCK_IsPLL1Locked), (8 bytes).
    Removing fsl_clock.o(.text.CLOCK_SetupPLL0Mult), (340 bytes).
    Removing fsl_clock.o(.ARM.exidx.text.CLOCK_SetupPLL0Mult), (8 bytes).
    Removing fsl_clock.o(.text.CLOCK_EnableUsbfs0DeviceClock), (324 bytes).
    Removing fsl_clock.o(.ARM.exidx.text.CLOCK_EnableUsbfs0DeviceClock), (8 bytes).
    Removing fsl_clock.o(.text.CLOCK_DisableClock), (44 bytes).
    Removing fsl_clock.o(.ARM.exidx.text.CLOCK_DisableClock), (8 bytes).
    Removing fsl_clock.o(.text.CLOCK_EnableClock), (44 bytes).
    Removing fsl_clock.o(.ARM.exidx.text.CLOCK_EnableClock), (8 bytes).
    Removing fsl_clock.o(.text.CLOCK_EnableUsbfs0HostClock), (340 bytes).
    Removing fsl_clock.o(.ARM.exidx.text.CLOCK_EnableUsbfs0HostClock), (8 bytes).
    Removing fsl_clock.o(.text.CLOCK_EnableUsbhs0PhyPllClock), (206 bytes).
    Removing fsl_clock.o(.ARM.exidx.text.CLOCK_EnableUsbhs0PhyPllClock), (8 bytes).
    Removing fsl_clock.o(.text.CLOCK_EnableUsbhs0DeviceClock), (68 bytes).
    Removing fsl_clock.o(.ARM.exidx.text.CLOCK_EnableUsbhs0DeviceClock), (8 bytes).
    Removing fsl_clock.o(.text.CLOCK_EnableUsbhs0HostClock), (68 bytes).
    Removing fsl_clock.o(.ARM.exidx.text.CLOCK_EnableUsbhs0HostClock), (8 bytes).
    Removing fsl_clock.o(.text.CLOCK_GetPll0ConfigInternal), (608 bytes).
    Removing fsl_clock.o(.ARM.exidx.text.CLOCK_GetPll0ConfigInternal), (8 bytes).
    Removing fsl_clock.o(.text.FindGreatestCommonDivisor), (54 bytes).
    Removing fsl_clock.o(.ARM.exidx.text.FindGreatestCommonDivisor), (8 bytes).
    Removing fsl_clock.o(.text.pllFindSel), (260 bytes).
    Removing fsl_clock.o(.ARM.exidx.text.pllFindSel), (8 bytes).
    Removing fsl_clock.o(.rodata.cst32), (64 bytes).
    Removing fsl_clock.o(.bss.s_FinHzCache), (8 bytes).
    Removing fsl_clock.o(.bss.s_FoutHzCache), (8 bytes).
    Removing fsl_clock.o(.bss.s_UseSSCache), (2 bytes).
    Removing fsl_clock.o(.bss.s_PllSetupCacheStruct), (64 bytes).
    Removing fsl_clock.o(.bss.s_PllSetupCacheIdx), (4 bytes).
    Removing fsl_common.o(.text), (0 bytes).
    Removing fsl_common.o(.text.EnableDeepSleepIRQ), (82 bytes).
    Removing fsl_common.o(.ARM.exidx.text.EnableDeepSleepIRQ), (8 bytes).
    Removing fsl_common.o(.text.EnableIRQ), (50 bytes).
    Removing fsl_common.o(.ARM.exidx.text.EnableIRQ), (8 bytes).
    Removing fsl_common.o(.text.DisableDeepSleepIRQ), (82 bytes).
    Removing fsl_common.o(.ARM.exidx.text.DisableDeepSleepIRQ), (8 bytes).
    Removing fsl_common.o(.text.DisableIRQ), (50 bytes).
    Removing fsl_common.o(.ARM.exidx.text.DisableIRQ), (8 bytes).
    Removing fsl_common.o(.text.SDK_Malloc), (112 bytes).
    Removing fsl_common.o(.ARM.exidx.text.SDK_Malloc), (8 bytes).
    Removing fsl_common.o(.text.SDK_Free), (50 bytes).
    Removing fsl_common.o(.ARM.exidx.text.SDK_Free), (8 bytes).
    Removing fsl_common.o(.text.__NVIC_EnableIRQ), (54 bytes).
    Removing fsl_common.o(.ARM.exidx.text.__NVIC_EnableIRQ), (8 bytes).
    Removing fsl_common.o(.text.__NVIC_DisableIRQ), (62 bytes).
    Removing fsl_common.o(.ARM.exidx.text.__NVIC_DisableIRQ), (8 bytes).
    Removing fsl_flexcomm.o(.text), (0 bytes).
    Removing fsl_flexcomm.o(.ARM.exidx.text.FLEXCOMM_GetInstance), (8 bytes).
    Removing fsl_flexcomm.o(.ARM.exidx.text.FLEXCOMM_Init), (8 bytes).
    Removing fsl_flexcomm.o(.ARM.exidx.text.CLOCK_EnableClock), (8 bytes).
    Removing fsl_flexcomm.o(.ARM.exidx.text.FLEXCOMM_SetPeriph), (8 bytes).
    Removing fsl_flexcomm.o(.text.FLEXCOMM_SetIRQHandler), (78 bytes).
    Removing fsl_flexcomm.o(.ARM.exidx.text.FLEXCOMM_SetIRQHandler), (8 bytes).
    Removing fsl_flexcomm.o(.ARM.exidx.text.FLEXCOMM0_DriverIRQHandler), (8 bytes).
    Removing fsl_flexcomm.o(.ARM.exidx.text.FLEXCOMM1_DriverIRQHandler), (8 bytes).
    Removing fsl_flexcomm.o(.ARM.exidx.text.FLEXCOMM2_DriverIRQHandler), (8 bytes).
    Removing fsl_flexcomm.o(.ARM.exidx.text.FLEXCOMM3_DriverIRQHandler), (8 bytes).
    Removing fsl_flexcomm.o(.ARM.exidx.text.FLEXCOMM4_DriverIRQHandler), (8 bytes).
    Removing fsl_flexcomm.o(.ARM.exidx.text.FLEXCOMM5_DriverIRQHandler), (8 bytes).
    Removing fsl_flexcomm.o(.ARM.exidx.text.FLEXCOMM6_DriverIRQHandler), (8 bytes).
    Removing fsl_flexcomm.o(.ARM.exidx.text.FLEXCOMM7_DriverIRQHandler), (8 bytes).
    Removing fsl_flexcomm.o(.text.FLEXCOMM8_DriverIRQHandler), (90 bytes).
    Removing fsl_flexcomm.o(.ARM.exidx.text.FLEXCOMM8_DriverIRQHandler), (8 bytes).
    Removing fsl_flexcomm.o(.ARM.exidx.text.FLEXCOMM_PeripheralIsPresent), (8 bytes).
    Removing fsl_flexcomm.o(.rodata.kFlexcommIrqs), (9 bytes).
    Removing fsl_gpio.o(.text), (0 bytes).
    Removing fsl_gpio.o(.text.GPIO_PortInit), (88 bytes).
    Removing fsl_gpio.o(.ARM.exidx.text.GPIO_PortInit), (8 bytes).
    Removing fsl_gpio.o(.text.CLOCK_EnableClock), (44 bytes).
    Removing fsl_gpio.o(.ARM.exidx.text.CLOCK_EnableClock), (8 bytes).
    Removing fsl_gpio.o(.text.GPIO_PinInit), (162 bytes).
    Removing fsl_gpio.o(.ARM.exidx.text.GPIO_PinInit), (8 bytes).
    Removing fsl_gpio.o(.rodata.str1.1), (54 bytes).
    Removing fsl_gpio.o(.rodata.s_gpioClockName), (12 bytes).
    Removing fsl_gpio.o(.rodata.s_gpioResets), (24 bytes).
    Removing fsl_inputmux.o(.text), (0 bytes).
    Removing fsl_inputmux.o(.text.INPUTMUX_Init), (20 bytes).
    Removing fsl_inputmux.o(.ARM.exidx.text.INPUTMUX_Init), (8 bytes).
    Removing fsl_inputmux.o(.text.CLOCK_EnableClock), (44 bytes).
    Removing fsl_inputmux.o(.ARM.exidx.text.CLOCK_EnableClock), (8 bytes).
    Removing fsl_inputmux.o(.text.INPUTMUX_AttachSignal), (56 bytes).
    Removing fsl_inputmux.o(.ARM.exidx.text.INPUTMUX_AttachSignal), (8 bytes).
    Removing fsl_inputmux.o(.text.INPUTMUX_Deinit), (20 bytes).
    Removing fsl_inputmux.o(.ARM.exidx.text.INPUTMUX_Deinit), (8 bytes).
    Removing fsl_inputmux.o(.text.CLOCK_DisableClock), (44 bytes).
    Removing fsl_inputmux.o(.ARM.exidx.text.CLOCK_DisableClock), (8 bytes).
    Removing fsl_power.o(.text), (0 bytes).
    Removing fsl_reset.o(.text), (0 bytes).
    Removing fsl_reset.o(.ARM.exidx.text.RESET_SetPeripheralReset), (8 bytes).
    Removing fsl_reset.o(.ARM.exidx.text.RESET_ClearPeripheralReset), (8 bytes).
    Removing fsl_reset.o(.ARM.exidx.text.RESET_PeripheralReset), (8 bytes).
    Removing fsl_usart.o(.text), (0 bytes).
    Removing fsl_usart.o(.text.USART_GetInstance), (82 bytes).
    Removing fsl_usart.o(.ARM.exidx.text.USART_GetInstance), (8 bytes).
    Removing fsl_usart.o(.text.USART_TransferGetRxRingBufferLength), (92 bytes).
    Removing fsl_usart.o(.ARM.exidx.text.USART_TransferGetRxRingBufferLength), (8 bytes).
    Removing fsl_usart.o(.text.USART_TransferStartRingBuffer), (168 bytes).
    Removing fsl_usart.o(.ARM.exidx.text.USART_TransferStartRingBuffer), (8 bytes).
    Removing fsl_usart.o(.text.USART_TransferStopRingBuffer), (122 bytes).
    Removing fsl_usart.o(.ARM.exidx.text.USART_TransferStopRingBuffer), (8 bytes).
    Removing fsl_usart.o(.ARM.exidx.text.USART_Init), (8 bytes).
    Removing fsl_usart.o(.ARM.exidx.text.USART_SetBaudRate), (8 bytes).
    Removing fsl_usart.o(.text.USART_Deinit), (92 bytes).
    Removing fsl_usart.o(.ARM.exidx.text.USART_Deinit), (8 bytes).
    Removing fsl_usart.o(.ARM.exidx.text.USART_GetDefaultConfig), (8 bytes).
    Removing fsl_usart.o(.ARM.exidx.text.USART_WriteBlocking), (8 bytes).
    Removing fsl_usart.o(.ARM.exidx.text.USART_ReadBlocking), (8 bytes).
    Removing fsl_usart.o(.text.USART_TransferCreateHandle), (278 bytes).
    Removing fsl_usart.o(.ARM.exidx.text.USART_TransferCreateHandle), (8 bytes).
    Removing fsl_usart.o(.text.USART_TransferHandleIRQ), (946 bytes).
    Removing fsl_usart.o(.ARM.exidx.text.USART_TransferHandleIRQ), (8 bytes).
    Removing fsl_usart.o(.text.EnableIRQ), (50 bytes).
    Removing fsl_usart.o(.ARM.exidx.text.EnableIRQ), (8 bytes).
    Removing fsl_usart.o(.text.USART_TransferSendNonBlocking), (330 bytes).
    Removing fsl_usart.o(.ARM.exidx.text.USART_TransferSendNonBlocking), (8 bytes).
    Removing fsl_usart.o(.text.USART_TransferAbortSend), (88 bytes).
    Removing fsl_usart.o(.ARM.exidx.text.USART_TransferAbortSend), (8 bytes).
    Removing fsl_usart.o(.text.USART_DisableInterrupts), (30 bytes).
    Removing fsl_usart.o(.ARM.exidx.text.USART_DisableInterrupts), (8 bytes).
    Removing fsl_usart.o(.text.USART_TransferGetSendCount), (136 bytes).
    Removing fsl_usart.o(.ARM.exidx.text.USART_TransferGetSendCount), (8 bytes).
    Removing fsl_usart.o(.text.USART_TransferReceiveNonBlocking), (618 bytes).
    Removing fsl_usart.o(.ARM.exidx.text.USART_TransferReceiveNonBlocking), (8 bytes).
    Removing fsl_usart.o(.text.DisableGlobalIRQ), (26 bytes).
    Removing fsl_usart.o(.ARM.exidx.text.DisableGlobalIRQ), (8 bytes).
    Removing fsl_usart.o(.text.EnableGlobalIRQ), (22 bytes).
    Removing fsl_usart.o(.ARM.exidx.text.EnableGlobalIRQ), (8 bytes).
    Removing fsl_usart.o(.text.USART_TransferAbortReceive), (102 bytes).
    Removing fsl_usart.o(.ARM.exidx.text.USART_TransferAbortReceive), (8 bytes).
    Removing fsl_usart.o(.text.USART_TransferGetReceiveCount), (136 bytes).
    Removing fsl_usart.o(.ARM.exidx.text.USART_TransferGetReceiveCount), (8 bytes).
    Removing fsl_usart.o(.text.USART_TransferIsRxRingBufferFull), (94 bytes).
    Removing fsl_usart.o(.ARM.exidx.text.USART_TransferIsRxRingBufferFull), (8 bytes).
    Removing fsl_usart.o(.text.__NVIC_EnableIRQ), (54 bytes).
    Removing fsl_usart.o(.ARM.exidx.text.__NVIC_EnableIRQ), (8 bytes).
    Removing fsl_usart.o(.rodata.s_usartBaseAddrs), (32 bytes).
    Removing fsl_usart.o(.rodata.s_usartIRQ), (8 bytes).
    Removing usart_polling.o(.text), (0 bytes).
    Removing usart_polling.o(.ARM.exidx.text.main), (8 bytes).
    Removing usart_polling.o(.bss.rxbuff), (20 bytes).
    Removing fsl_assert.o(.text), (0 bytes).
    Removing fsl_assert.o(.ARM.exidx.text.__aeabi_assert), (8 bytes).
    Removing fsl_debug_console.o(.text), (0 bytes).
    Removing fsl_debug_console.o(.text.DbgConsole_ReadOneCharacter), (72 bytes).
    Removing fsl_debug_console.o(.ARM.exidx.text.DbgConsole_ReadOneCharacter), (8 bytes).
    Removing fsl_debug_console.o(.ARM.exidx.text.DbgConsole_SendData), (8 bytes).
    Removing fsl_debug_console.o(.text.DbgConsole_ReadLine), (166 bytes).
    Removing fsl_debug_console.o(.ARM.exidx.text.DbgConsole_ReadLine), (8 bytes).
    Removing fsl_debug_console.o(.text.DbgConsole_ReadCharacter), (76 bytes).
    Removing fsl_debug_console.o(.ARM.exidx.text.DbgConsole_ReadCharacter), (8 bytes).
    Removing fsl_debug_console.o(.ARM.exidx.text.DbgConsole_Init), (8 bytes).
    Removing fsl_debug_console.o(.text.DbgConsole_Deinit), (48 bytes).
    Removing fsl_debug_console.o(.ARM.exidx.text.DbgConsole_Deinit), (8 bytes).
    Removing fsl_debug_console.o(.text.DbgConsole_Flush), (4 bytes).
    Removing fsl_debug_console.o(.ARM.exidx.text.DbgConsole_Flush), (8 bytes).
    Removing fsl_debug_console.o(.ARM.exidx.text.DbgConsole_Printf), (8 bytes).
    Removing fsl_debug_console.o(.ARM.exidx.text.DbgConsole_PrintCallback), (8 bytes).
    Removing fsl_debug_console.o(.text.DbgConsole_Putchar), (24 bytes).
    Removing fsl_debug_console.o(.ARM.exidx.text.DbgConsole_Putchar), (8 bytes).
    Removing fsl_debug_console.o(.text.DbgConsole_Scanf), (78 bytes).
    Removing fsl_debug_console.o(.ARM.exidx.text.DbgConsole_Scanf), (8 bytes).
    Removing fsl_debug_console.o(.text.DbgConsole_Getchar), (30 bytes).
    Removing fsl_debug_console.o(.ARM.exidx.text.DbgConsole_Getchar), (8 bytes).
    Removing fsl_debug_console.o(.text.fputc), (28 bytes).
    Removing fsl_debug_console.o(.ARM.exidx.text.fputc), (8 bytes).
    Removing fsl_debug_console.o(.text.fgetc), (30 bytes).
    Removing fsl_debug_console.o(.ARM.exidx.text.fgetc), (8 bytes).
    Removing fsl_debug_console.o(.text._sys_exit), (12 bytes).
    Removing fsl_debug_console.o(.ARM.exidx.text._sys_exit), (8 bytes).
    Removing fsl_debug_console.o(.text._ttywrch), (34 bytes).
    Removing fsl_debug_console.o(.ARM.exidx.text._ttywrch), (8 bytes).
    Removing fsl_debug_console.o(.text._sys_command_string), (20 bytes).
    Removing fsl_debug_console.o(.ARM.exidx.text._sys_command_string), (8 bytes).
    Removing fsl_debug_console.o(.bss.__stdout), (84 bytes).
    Removing fsl_debug_console.o(.bss.__stdin), (84 bytes).
    Removing fsl_str.o(.text), (0 bytes).
    Removing fsl_str.o(.ARM.exidx.text.StrFormatPrintf), (8 bytes).
    Removing fsl_str.o(.ARM.exidx.text.ConvertRadixNumToString), (8 bytes).
    Removing fsl_str.o(.text.StrFormatScanf), (1666 bytes).
    Removing fsl_str.o(.ARM.exidx.text.StrFormatScanf), (8 bytes).
    Removing fsl_str.o(.text.ScanIgnoreWhiteSpace), (160 bytes).
    Removing fsl_str.o(.ARM.exidx.text.ScanIgnoreWhiteSpace), (8 bytes).
    Removing fsl_power_lib.o(.text), (0 bytes).
    Removing fsl_power_lib.o(.text.POWER_EnterLowPower), (116 bytes).
    Removing fsl_power_lib.o(.ARM.exidx.text.POWER_EnterLowPower), (8 bytes).
    Removing fsl_power_lib.o(.text.POWER_CycleCpuAndFlash), (12 bytes).
    Removing fsl_power_lib.o(.ARM.exidx.text.POWER_CycleCpuAndFlash), (8 bytes).
    Removing fsl_power_lib.o(.text.POWER_EnterDeepSleep), (164 bytes).
    Removing fsl_power_lib.o(.ARM.exidx.text.POWER_EnterDeepSleep), (8 bytes).
    Removing fsl_power_lib.o(.text.lf_set_ldo_ao_ldo_mem_voltage), (112 bytes).
    Removing fsl_power_lib.o(.ARM.exidx.text.lf_set_ldo_ao_ldo_mem_voltage), (8 bytes).
    Removing fsl_power_lib.o(.text.POWER_EnterPowerDown), (296 bytes).
    Removing fsl_power_lib.o(.ARM.exidx.text.POWER_EnterPowerDown), (8 bytes).
    Removing fsl_power_lib.o(.text.POWER_EnterDeepPowerDown), (328 bytes).
    Removing fsl_power_lib.o(.ARM.exidx.text.POWER_EnterDeepPowerDown), (8 bytes).
    Removing fsl_power_lib.o(.text.POWER_EnterSleep), (32 bytes).
    Removing fsl_power_lib.o(.ARM.exidx.text.POWER_EnterSleep), (8 bytes).
    Removing fsl_power_lib.o(.text.POWER_GetLibVersion), (6 bytes).
    Removing fsl_power_lib.o(.ARM.exidx.text.POWER_GetLibVersion), (8 bytes).
    Removing fsl_power_lib.o(.ARM.exidx.text.nio_set_system_voltage), (8 bytes).
    Removing fsl_power_lib.o(.ARM.exidx.text.POWER_SetVoltageForFreq), (8 bytes).
    Removing fsl_power_lib.o(.text.POWER_Xtal16mhzCapabankTrim), (36 bytes).
    Removing fsl_power_lib.o(.ARM.exidx.text.POWER_Xtal16mhzCapabankTrim), (8 bytes).
    Removing fsl_power_lib.o(.text.POWER_SetXtal16mhzLdo), (40 bytes).
    Removing fsl_power_lib.o(.ARM.exidx.text.POWER_SetXtal16mhzLdo), (8 bytes).
    Removing fsl_power_lib.o(.text.POWER_Xtal32khzCapabankTrim), (16 bytes).
    Removing fsl_power_lib.o(.ARM.exidx.text.POWER_Xtal32khzCapabankTrim), (8 bytes).
    Removing fsl_power_lib.o(.text.POWER_SetXtal16mhzTrim), (28 bytes).
    Removing fsl_power_lib.o(.ARM.exidx.text.POWER_SetXtal16mhzTrim), (8 bytes).

399 unused section(s) (total 19735 bytes) removed from the image.

==============================================================================

Image Symbol Table

    Local Symbols

    Symbol Name                              Value     Ov Type        Size  Object(Section)

    ../clib/microlib/division.c              0x00000000   Number         0  uldiv.o ABSOLUTE
    ../clib/microlib/init/entry.s            0x00000000   Number         0  entry.o ABSOLUTE
    ../clib/microlib/init/entry.s            0x00000000   Number         0  entry4.o ABSOLUTE
    ../clib/microlib/init/entry.s            0x00000000   Number         0  entry5.o ABSOLUTE
    ../clib/microlib/init/entry.s            0x00000000   Number         0  entry7a.o ABSOLUTE
    ../clib/microlib/init/entry.s            0x00000000   Number         0  entry7b.o ABSOLUTE
    ../clib/microlib/init/entry.s            0x00000000   Number         0  entry8a.o ABSOLUTE
    ../clib/microlib/init/entry.s            0x00000000   Number         0  entry8b.o ABSOLUTE
    ../clib/microlib/init/entry.s            0x00000000   Number         0  entry9a.o ABSOLUTE
    ../clib/microlib/init/entry.s            0x00000000   Number         0  entry9b.o ABSOLUTE
    ../clib/microlib/init/entry.s            0x00000000   Number         0  entry10a.o ABSOLUTE
    ../clib/microlib/init/entry.s            0x00000000   Number         0  entry10b.o ABSOLUTE
    ../clib/microlib/init/entry.s            0x00000000   Number         0  entry11a.o ABSOLUTE
    ../clib/microlib/init/entry.s            0x00000000   Number         0  entry11b.o ABSOLUTE
    ../clib/microlib/longlong.c              0x00000000   Number         0  llshl.o ABSOLUTE
    ../clib/microlib/longlong.c              0x00000000   Number         0  llushr.o ABSOLUTE
    ../clib/microlib/malloc/malloc.c         0x00000000   Number         0  malloc2.o ABSOLUTE
    ../clib/microlib/malloc/malloc.c         0x00000000   Number         0  mallocr2.o ABSOLUTE
    ../clib/microlib/malloc/malloc.c         0x00000000   Number         0  malloca2.o ABSOLUTE
    ../clib/microlib/malloc/malloc.c         0x00000000   Number         0  mallocra2.o ABSOLUTE
    ../clib/microlib/malloc/mvars.c          0x00000000   Number         0  mvars.o ABSOLUTE
    ../clib/microlib/string/memcpy.c         0x00000000   Number         0  memcpya.o ABSOLUTE
    ../clib/microlib/string/memcpy.c         0x00000000   Number         0  memcpyb.o ABSOLUTE
    ../clib/microlib/string/memset.c         0x00000000   Number         0  memset.o ABSOLUTE
    ../clib/microlib/string/memset.c         0x00000000   Number         0  memseta.o ABSOLUTE
    ../clib/microlib/string/strlen.c         0x00000000   Number         0  strlen.o ABSOLUTE
    ../clib/microlib/stubs.s                 0x00000000   Number         0  iusefp.o ABSOLUTE
    ../fplib/microlib/d2f.c                  0x00000000   Number         0  d2f.o ABSOLUTE
    ../fplib/microlib/f2d.c                  0x00000000   Number         0  f2d.o ABSOLUTE
    ../fplib/microlib/fpepilogue.c           0x00000000   Number         0  fepilogue.o ABSOLUTE
    ../fplib/microlib/fpepilogue.c           0x00000000   Number         0  depilogue.o ABSOLUTE
    ../fplib/microlib/fpmul.c                0x00000000   Number         0  dmul.o ABSOLUTE
    board.c                                  0x00000000   Number         0  board.o ABSOLUTE
    clock_config.c                           0x00000000   Number         0  clock_config.o ABSOLUTE
    dc.s                                     0x00000000   Number         0  dc.o ABSOLUTE
    fsl_assert.c                             0x00000000   Number         0  fsl_assert.o ABSOLUTE
    fsl_clock.c                              0x00000000   Number         0  fsl_clock.o ABSOLUTE
    fsl_common.c                             0x00000000   Number         0  fsl_common.o ABSOLUTE
    fsl_debug_console.c                      0x00000000   Number         0  fsl_debug_console.o ABSOLUTE
    fsl_flexcomm.c                           0x00000000   Number         0  fsl_flexcomm.o ABSOLUTE
    fsl_gpio.c                               0x00000000   Number         0  fsl_gpio.o ABSOLUTE
    fsl_inputmux.c                           0x00000000   Number         0  fsl_inputmux.o ABSOLUTE
    fsl_power.c                              0x00000000   Number         0  fsl_power.o ABSOLUTE
    fsl_power_lib.c                          0x00000000   Number         0  fsl_power_lib.o ABSOLUTE
    fsl_reset.c                              0x00000000   Number         0  fsl_reset.o ABSOLUTE
    fsl_str.c                                0x00000000   Number         0  fsl_str.o ABSOLUTE
    fsl_usart.c                              0x00000000   Number         0  fsl_usart.o ABSOLUTE
    generic_list.c                           0x00000000   Number         0  generic_list.o ABSOLUTE
    handlers.s                               0x00000000   Number         0  handlers.o ABSOLUTE
    init.s                                   0x00000000   Number         0  init.o ABSOLUTE
    pin_mux.c                                0x00000000   Number         0  pin_mux.o ABSOLUTE
    serial_manager.c                         0x00000000   Number         0  serial_manager.o ABSOLUTE
    serial_port_uart.c                       0x00000000   Number         0  serial_port_uart.o ABSOLUTE
    startup/startup_LPC55S69_cm33_core0.s    0x00000000   Number         0  startup_lpc55s69_cm33_core0.o ABSOLUTE
    system_LPC55S69_cm33_core0.c             0x00000000   Number         0  system_lpc55s69_cm33_core0.o ABSOLUTE
    usart_adapter.c                          0x00000000   Number         0  usart_adapter.o ABSOLUTE
    usart_polling.c                          0x00000000   Number         0  usart_polling.o ABSOLUTE
    RESET                                    0x00000000   Section      304  startup_lpc55s69_cm33_core0.o(RESET)
    .ARM.Collect$$$$00000000                 0x00000200   Section        0  entry.o(.ARM.Collect$$$$00000000)
    .ARM.Collect$$$$00000003                 0x00000200   Section        4  entry4.o(.ARM.Collect$$$$00000003)
    .ARM.Collect$$$$00000004                 0x00000204   Section        4  entry5.o(.ARM.Collect$$$$00000004)
    .ARM.Collect$$$$00000008                 0x00000208   Section        0  entry7b.o(.ARM.Collect$$$$00000008)
    .ARM.Collect$$$$0000000A                 0x00000208   Section        0  entry8b.o(.ARM.Collect$$$$0000000A)
    .ARM.Collect$$$$0000000B                 0x00000208   Section        8  entry9a.o(.ARM.Collect$$$$0000000B)
    __lit__00000000                          0x00000210   Data           4  entry4.o(.ARM.Collect$$$$00002714)
    .ARM.Collect$$$$0000000D                 0x00000210   Section        0  entry10a.o(.ARM.Collect$$$$0000000D)
    .ARM.Collect$$$$0000000F                 0x00000210   Section        0  entry11a.o(.ARM.Collect$$$$0000000F)
    .ARM.Collect$$$$00002714                 0x00000210   Section        4  entry4.o(.ARM.Collect$$$$00002714)
    $v0                                      0x00000214   Number         0  startup_lpc55s69_cm33_core0.o(.text)
    .text                                    0x00000214   Section      532  startup_lpc55s69_cm33_core0.o(.text)
    .text                                    0x00000428   Section        0  memseta.o(.text)
    .text                                    0x0000044c   Section        0  strlen.o(.text)
    .text                                    0x0000045a   Section        0  dmul.o(.text)
    .text                                    0x0000053e   Section        0  f2d.o(.text)
    .text                                    0x00000564   Section        0  d2f.o(.text)
    .text                                    0x0000059c   Section        0  llshl.o(.text)
    .text                                    0x000005ba   Section        0  llushr.o(.text)
    .text                                    0x000005da   Section        0  iusefp.o(.text)
    .text                                    0x000005da   Section        0  fepilogue.o(.text)
    .text                                    0x00000648   Section        0  depilogue.o(.text)
    .text                                    0x00000704   Section       36  init.o(.text)
    [Anonymous Symbol]                       0x00000728   Section        0  clock_config.o(.text.BOARD_BootClockFROHF96M)
    [Anonymous Symbol]                       0x00000798   Section        0  board.o(.text.BOARD_InitDebugConsole)
    [Anonymous Symbol]                       0x000007cc   Section        0  pin_mux.o(.text.BOARD_InitPins)
    [Anonymous Symbol]                       0x0000080c   Section        0  fsl_clock.o(.text.CLOCK_AttachClk)
    CLOCK_EnableClock                        0x000008b5   Thumb Code    44  pin_mux.o(.text.CLOCK_EnableClock)
    [Anonymous Symbol]                       0x000008b4   Section        0  pin_mux.o(.text.CLOCK_EnableClock)
    CLOCK_EnableClock                        0x000008e1   Thumb Code    44  fsl_flexcomm.o(.text.CLOCK_EnableClock)
    [Anonymous Symbol]                       0x000008e0   Section        0  fsl_flexcomm.o(.text.CLOCK_EnableClock)
    [Anonymous Symbol]                       0x0000090c   Section        0  fsl_clock.o(.text.CLOCK_GetAdcClkFreq)
    [Anonymous Symbol]                       0x0000096c   Section        0  fsl_clock.o(.text.CLOCK_GetCTimerClkFreq)
    [Anonymous Symbol]                       0x000009dc   Section        0  fsl_clock.o(.text.CLOCK_GetClockOutClkFreq)
    [Anonymous Symbol]                       0x00000a5c   Section        0  fsl_clock.o(.text.CLOCK_GetCoreSysClkFreq)
    [Anonymous Symbol]                       0x00000b08   Section        0  fsl_clock.o(.text.CLOCK_GetExtClkFreq)
    [Anonymous Symbol]                       0x00000b38   Section        0  fsl_clock.o(.text.CLOCK_GetFlexCommClkFreq)
    [Anonymous Symbol]                       0x00000b80   Section        0  fsl_clock.o(.text.CLOCK_GetFlexCommInputClock)
    [Anonymous Symbol]                       0x00000c24   Section        0  fsl_clock.o(.text.CLOCK_GetFreq)
    [Anonymous Symbol]                       0x00000da4   Section        0  fsl_clock.o(.text.CLOCK_GetFro12MFreq)
    [Anonymous Symbol]                       0x00000de0   Section        0  fsl_clock.o(.text.CLOCK_GetFro1MFreq)
    [Anonymous Symbol]                       0x00000dfc   Section        0  fsl_clock.o(.text.CLOCK_GetFroHfFreq)
    [Anonymous Symbol]                       0x00000e38   Section        0  fsl_clock.o(.text.CLOCK_GetHsLspiClkFreq)
    [Anonymous Symbol]                       0x00000ec8   Section        0  fsl_clock.o(.text.CLOCK_GetI2SMClkFreq)
    [Anonymous Symbol]                       0x00000ed4   Section        0  fsl_clock.o(.text.CLOCK_GetMclkClkFreq)
    [Anonymous Symbol]                       0x00000f30   Section        0  fsl_clock.o(.text.CLOCK_GetOsc32KFreq)
    [Anonymous Symbol]                       0x00000fa0   Section        0  fsl_clock.o(.text.CLOCK_GetPll0OutFreq)
    [Anonymous Symbol]                       0x00000fac   Section        0  fsl_clock.o(.text.CLOCK_GetPll1OutFreq)
    [Anonymous Symbol]                       0x00000fb8   Section        0  fsl_clock.o(.text.CLOCK_GetSctClkFreq)
    [Anonymous Symbol]                       0x00001028   Section        0  fsl_clock.o(.text.CLOCK_GetSdioClkFreq)
    [Anonymous Symbol]                       0x00001090   Section        0  fsl_clock.o(.text.CLOCK_GetSystickClkFreq)
    [Anonymous Symbol]                       0x00001108   Section        0  fsl_clock.o(.text.CLOCK_GetUsb0ClkFreq)
    [Anonymous Symbol]                       0x00001170   Section        0  fsl_clock.o(.text.CLOCK_GetUsb1ClkFreq)
    [Anonymous Symbol]                       0x000011a0   Section        0  fsl_clock.o(.text.CLOCK_GetWdtClkFreq)
    [Anonymous Symbol]                       0x000011c0   Section        0  fsl_clock.o(.text.CLOCK_SetClkDiv)
    [Anonymous Symbol]                       0x00001230   Section        0  fsl_clock.o(.text.CLOCK_SetFLASHAccessCyclesForFreq)
    [Anonymous Symbol]                       0x000012a8   Section        0  fsl_clock.o(.text.CLOCK_SetupFROClocking)
    ConvertRadixNumToString                  0x0000136d   Thumb Code   324  fsl_str.o(.text.ConvertRadixNumToString)
    [Anonymous Symbol]                       0x0000136c   Section        0  fsl_str.o(.text.ConvertRadixNumToString)
    [Anonymous Symbol]                       0x000014b0   Section        0  fsl_debug_console.o(.text.DbgConsole_Init)
    DbgConsole_PrintCallback                 0x00001611   Thumb Code   120  fsl_debug_console.o(.text.DbgConsole_PrintCallback)
    [Anonymous Symbol]                       0x00001610   Section        0  fsl_debug_console.o(.text.DbgConsole_PrintCallback)
    [Anonymous Symbol]                       0x00001688   Section        0  fsl_debug_console.o(.text.DbgConsole_Printf)
    [Anonymous Symbol]                       0x000016f8   Section        0  fsl_debug_console.o(.text.DbgConsole_SendData)
    [Anonymous Symbol]                       0x00001784   Section        0  fsl_flexcomm.o(.text.FLEXCOMM0_DriverIRQHandler)
    [Anonymous Symbol]                       0x000017dc   Section        0  fsl_flexcomm.o(.text.FLEXCOMM1_DriverIRQHandler)
    [Anonymous Symbol]                       0x00001834   Section        0  fsl_flexcomm.o(.text.FLEXCOMM2_DriverIRQHandler)
    [Anonymous Symbol]                       0x0000188c   Section        0  fsl_flexcomm.o(.text.FLEXCOMM3_DriverIRQHandler)
    [Anonymous Symbol]                       0x000018e4   Section        0  fsl_flexcomm.o(.text.FLEXCOMM4_DriverIRQHandler)
    [Anonymous Symbol]                       0x0000193c   Section        0  fsl_flexcomm.o(.text.FLEXCOMM5_DriverIRQHandler)
    [Anonymous Symbol]                       0x00001994   Section        0  fsl_flexcomm.o(.text.FLEXCOMM6_DriverIRQHandler)
    [Anonymous Symbol]                       0x000019ec   Section        0  fsl_flexcomm.o(.text.FLEXCOMM7_DriverIRQHandler)
    [Anonymous Symbol]                       0x00001a48   Section        0  fsl_flexcomm.o(.text.FLEXCOMM_GetInstance)
    [Anonymous Symbol]                       0x00001a9c   Section        0  fsl_flexcomm.o(.text.FLEXCOMM_Init)
    FLEXCOMM_PeripheralIsPresent             0x00001b01   Thumb Code   118  fsl_flexcomm.o(.text.FLEXCOMM_PeripheralIsPresent)
    [Anonymous Symbol]                       0x00001b00   Section        0  fsl_flexcomm.o(.text.FLEXCOMM_PeripheralIsPresent)
    FLEXCOMM_SetPeriph                       0x00001b79   Thumb Code   138  fsl_flexcomm.o(.text.FLEXCOMM_SetPeriph)
    [Anonymous Symbol]                       0x00001b78   Section        0  fsl_flexcomm.o(.text.FLEXCOMM_SetPeriph)
    HAL_UartGetStatus                        0x00001c05   Thumb Code    42  usart_adapter.o(.text.HAL_UartGetStatus)
    [Anonymous Symbol]                       0x00001c04   Section        0  usart_adapter.o(.text.HAL_UartGetStatus)
    [Anonymous Symbol]                       0x00001c30   Section        0  usart_adapter.o(.text.HAL_UartInit)
    [Anonymous Symbol]                       0x00001d9c   Section        0  usart_adapter.o(.text.HAL_UartSendBlocking)
    IOCON_PinMuxSet                          0x00001e41   Thumb Code    60  pin_mux.o(.text.IOCON_PinMuxSet)
    [Anonymous Symbol]                       0x00001e40   Section        0  pin_mux.o(.text.IOCON_PinMuxSet)
    POWER_DisablePD                          0x00001e7d   Thumb Code    22  clock_config.o(.text.POWER_DisablePD)
    [Anonymous Symbol]                       0x00001e7c   Section        0  clock_config.o(.text.POWER_DisablePD)
    POWER_DisablePD                          0x00001e95   Thumb Code    22  fsl_clock.o(.text.POWER_DisablePD)
    [Anonymous Symbol]                       0x00001e94   Section        0  fsl_clock.o(.text.POWER_DisablePD)
    [Anonymous Symbol]                       0x00001eac   Section        0  fsl_power_lib.o(.text.POWER_SetVoltageForFreq)
    __arm_cp.9_0                             0x00001ecc   Number         4  fsl_power_lib.o(.text.POWER_SetVoltageForFreq)
    __arm_cp.9_1                             0x00001ed0   Number         4  fsl_power_lib.o(.text.POWER_SetVoltageForFreq)
    [Anonymous Symbol]                       0x00001ed4   Section        0  fsl_reset.o(.text.RESET_ClearPeripheralReset)
    [Anonymous Symbol]                       0x00001f44   Section        0  fsl_reset.o(.text.RESET_PeripheralReset)
    [Anonymous Symbol]                       0x00001f60   Section        0  fsl_reset.o(.text.RESET_SetPeripheralReset)
    [Anonymous Symbol]                       0x00001fcc   Section        0  serial_manager.o(.text.SerialManager_Init)
    [Anonymous Symbol]                       0x00002068   Section        0  serial_manager.o(.text.SerialManager_OpenReadHandle)
    [Anonymous Symbol]                       0x00002104   Section        0  serial_manager.o(.text.SerialManager_OpenWriteHandle)
    SerialManager_StartWriting               0x00002185   Thumb Code    88  serial_manager.o(.text.SerialManager_StartWriting)
    [Anonymous Symbol]                       0x00002184   Section        0  serial_manager.o(.text.SerialManager_StartWriting)
    SerialManager_Write                      0x000021dd   Thumb Code   188  serial_manager.o(.text.SerialManager_Write)
    [Anonymous Symbol]                       0x000021dc   Section        0  serial_manager.o(.text.SerialManager_Write)
    [Anonymous Symbol]                       0x00002298   Section        0  serial_manager.o(.text.SerialManager_WriteBlocking)
    [Anonymous Symbol]                       0x000022c0   Section        0  serial_port_uart.o(.text.Serial_UartInit)
    [Anonymous Symbol]                       0x00002374   Section        0  serial_port_uart.o(.text.Serial_UartWrite)
    [Anonymous Symbol]                       0x00002408   Section        0  fsl_str.o(.text.StrFormatPrintf)
    [Anonymous Symbol]                       0x000027d0   Section        0  system_lpc55s69_cm33_core0.o(.text.SystemInit)
    [Anonymous Symbol]                       0x0000282c   Section        0  system_lpc55s69_cm33_core0.o(.text.SystemInitHook)
    [Anonymous Symbol]                       0x00002830   Section        0  fsl_usart.o(.text.USART_GetDefaultConfig)
    [Anonymous Symbol]                       0x000028a0   Section        0  fsl_usart.o(.text.USART_Init)
    [Anonymous Symbol]                       0x00002a38   Section        0  fsl_usart.o(.text.USART_ReadBlocking)
    [Anonymous Symbol]                       0x00002b98   Section        0  fsl_usart.o(.text.USART_SetBaudRate)
    [Anonymous Symbol]                       0x00002ce8   Section        0  fsl_usart.o(.text.USART_WriteBlocking)
    [Anonymous Symbol]                       0x00002db4   Section        0  fsl_assert.o(.text.__aeabi_assert)
    [Anonymous Symbol]                       0x00002df0   Section        0  usart_polling.o(.text.main)
    [Anonymous Symbol]                       0x00002e80   Section        0  fsl_power_lib.o(.text.nio_set_system_voltage)
    __arm_cp.8_0                             0x00002f64   Number         4  fsl_power_lib.o(.text.nio_set_system_voltage)
    i.__scatterload_copy                     0x00002f68   Section       14  handlers.o(i.__scatterload_copy)
    i.__scatterload_null                     0x00002f76   Section        2  handlers.o(i.__scatterload_null)
    i.__scatterload_zeroinit                 0x00002f78   Section       14  handlers.o(i.__scatterload_zeroinit)
    s_UsartAdapterBase                       0x00002f88   Data          32  usart_adapter.o(.rodata.s_UsartAdapterBase)
    [Anonymous Symbol]                       0x00002f88   Section        0  usart_adapter.o(.rodata.s_UsartAdapterBase)
    s_flexcommBaseAddrs                      0x00002fa8   Data          36  fsl_flexcomm.o(.rodata.s_flexcommBaseAddrs)
    [Anonymous Symbol]                       0x00002fa8   Section        0  fsl_flexcomm.o(.rodata.s_flexcommBaseAddrs)
    s_flexcommClocks                         0x00002fcc   Data          18  fsl_flexcomm.o(.rodata.s_flexcommClocks)
    [Anonymous Symbol]                       0x00002fcc   Section        0  fsl_flexcomm.o(.rodata.s_flexcommClocks)
    s_flexcommResets                         0x00002fe0   Data          36  fsl_flexcomm.o(.rodata.s_flexcommResets)
    [Anonymous Symbol]                       0x00002fe0   Section        0  fsl_flexcomm.o(.rodata.s_flexcommResets)
    .L.str.1                                 0x00003004   Data          42  serial_manager.o(.rodata.str1.1)
    [Anonymous Symbol]                       0x00003004   Section        0  serial_manager.o(.rodata.str1.1)
    .L.str.5                                 0x0000302e   Data          11  serial_manager.o(.rodata.str1.1)
    .L.str.3                                 0x00003039   Data          12  serial_manager.o(.rodata.str1.1)
    .L.str.2                                 0x00003045   Data          13  serial_manager.o(.rodata.str1.1)
    .L.str.2                                 0x00003045   Data          13  serial_manager.o(.rodata.str1.1)
    .L.str                                   0x00003052   Data           7  serial_manager.o(.rodata.str1.1)
    .L.str.4                                 0x00003052   Data           7  serial_manager.o(.rodata.str1.1)
    .L.str.4                                 0x00003059   Data           7  serial_manager.o(.rodata.str1.1)
    .L.str.6                                 0x00003059   Data           7  serial_manager.o(.rodata.str1.1)
    .L.str.7                                 0x00003059   Data           7  serial_manager.o(.rodata.str1.1)
    .L.str.3                                 0x00003060   Data           7  serial_manager.o(.rodata.str1.1)
    .L.str.6                                 0x00003060   Data           7  serial_manager.o(.rodata.str1.1)
    .L.str.1                                 0x00003067   Data          44  serial_port_uart.o(.rodata.str1.1)
    [Anonymous Symbol]                       0x00003067   Section        0  serial_port_uart.o(.rodata.str1.1)
    .L.str                                   0x00003093   Data          13  serial_port_uart.o(.rodata.str1.1)
    .L.str.3                                 0x000030a0   Data          71  usart_adapter.o(.rodata.str1.1)
    [Anonymous Symbol]                       0x000030a0   Section        0  usart_adapter.o(.rodata.str1.1)
    .L.str.4                                 0x000030e7   Data          37  usart_adapter.o(.rodata.str1.1)
    .L.str.5                                 0x0000310c   Data           5  usart_adapter.o(.rodata.str1.1)
    .L.str.1                                 0x00003111   Data          31  usart_adapter.o(.rodata.str1.1)
    .L.str.2                                 0x00003130   Data          24  fsl_flexcomm.o(.rodata.str1.1)
    [Anonymous Symbol]                       0x00003130   Section        0  fsl_flexcomm.o(.rodata.str1.1)
    .L.str.3                                 0x00003148   Data          24  fsl_flexcomm.o(.rodata.str1.1)
    .L.str.4                                 0x00003160   Data          24  fsl_flexcomm.o(.rodata.str1.1)
    .L.str.5                                 0x00003178   Data          24  fsl_flexcomm.o(.rodata.str1.1)
    .L.str.6                                 0x00003190   Data          24  fsl_flexcomm.o(.rodata.str1.1)
    .L.str.7                                 0x000031a8   Data          24  fsl_flexcomm.o(.rodata.str1.1)
    .L.str.8                                 0x000031c0   Data          24  fsl_flexcomm.o(.rodata.str1.1)
    .L.str.9                                 0x000031d8   Data          24  fsl_flexcomm.o(.rodata.str1.1)
    .L.str.1                                 0x000031f0   Data          23  fsl_flexcomm.o(.rodata.str1.1)
    .L.str                                   0x00003207   Data           6  fsl_flexcomm.o(.rodata.str1.1)
    .L.str.1                                 0x0000320d   Data          20  fsl_reset.o(.rodata.str1.1)
    .L.str.10                                0x0000320d   Data          24  fsl_flexcomm.o(.rodata.str1.1)
    [Anonymous Symbol]                       0x0000320d   Section        0  fsl_reset.o(.rodata.str1.1)
    .L.str                                   0x00003221   Data          13  fsl_reset.o(.rodata.str1.1)
    .L.str                                   0x0000322e   Data           6  fsl_usart.o(.rodata.str1.1)
    .L.str.8                                 0x0000322e   Data          36  fsl_usart.o(.rodata.str1.1)
    [Anonymous Symbol]                       0x0000322e   Section        0  fsl_usart.o(.rodata.str1.1)
    .L.str.2                                 0x00003248   Data          15  fsl_usart.o(.rodata.str1.1)
    .L.str.5                                 0x00003252   Data          60  fsl_usart.o(.rodata.str1.1)
    .L.str.3                                 0x00003257   Data          13  fsl_usart.o(.rodata.str1.1)
    .L.str.4                                 0x00003264   Data          19  fsl_usart.o(.rodata.str1.1)
    .L.str.7                                 0x0000328e   Data          63  fsl_usart.o(.rodata.str1.1)
    .L.str.1                                 0x000032cd   Data          20  fsl_usart.o(.rodata.str1.1)
    .L.str.6                                 0x000032e1   Data          15  fsl_usart.o(.rodata.str1.1)
    .L.str                                   0x000032e9   Data           7  fsl_usart.o(.rodata.str1.1)
    .L.str.2                                 0x000032e9   Data           7  fsl_usart.o(.rodata.str1.1)
    .L.str                                   0x000032f0   Data          43  fsl_assert.o(.rodata.str1.1)
    [Anonymous Symbol]                       0x000032f0   Section        0  fsl_assert.o(.rodata.str1.1)
    .L.str.1                                 0x0000331b   Data          30  fsl_debug_console.o(.rodata.str1.1)
    [Anonymous Symbol]                       0x0000331b   Section        0  fsl_debug_console.o(.rodata.str1.1)
    .L.str.9                                 0x00003325   Data          38  fsl_usart.o(.rodata.str1.1)
    .L.str.2                                 0x00003339   Data          10  fsl_debug_console.o(.rodata.str1.1)
    .L.str                                   0x00003343   Data          11  fsl_debug_console.o(.rodata.str1.1)
    .L.str.10                                0x0000334b   Data          56  fsl_usart.o(.rodata.str1.1)
    .L.str.3                                 0x0000334e   Data          12  fsl_debug_console.o(.rodata.str1.1)
    .L.str.5                                 0x0000334e   Data          40  fsl_debug_console.o(.rodata.str1.1)
    .L.str.4                                 0x0000335a   Data           3  fsl_debug_console.o(.rodata.str1.1)
    .L.str.11                                0x00003383   Data          49  fsl_usart.o(.rodata.str1.1)
    .L.str.12                                0x000033b4   Data          14  fsl_usart.o(.rodata.str1.1)
    .L.str.13                                0x000033c2   Data          35  fsl_usart.o(.rodata.str1.1)
    s_Ext_Clk_Freq                           0x20000004   Data           4  fsl_clock.o(.data.s_Ext_Clk_Freq)
    [Anonymous Symbol]                       0x20000004   Section        0  fsl_clock.o(.data.s_Ext_Clk_Freq)
    s_I2S_Mclk_Freq                          0x20000050   Data           4  fsl_clock.o(.bss.s_I2S_Mclk_Freq)
    [Anonymous Symbol]                       0x20000050   Section        0  fsl_clock.o(.bss.s_I2S_Mclk_Freq)
    s_Pll0_Freq                              0x20000054   Data           4  fsl_clock.o(.bss.s_Pll0_Freq)
    [Anonymous Symbol]                       0x20000054   Section        0  fsl_clock.o(.bss.s_Pll0_Freq)
    s_Pll1_Freq                              0x20000058   Data           4  fsl_clock.o(.bss.s_Pll1_Freq)
    [Anonymous Symbol]                       0x20000058   Section        0  fsl_clock.o(.bss.s_Pll1_Freq)
    s_debugConsoleState                      0x2000005c   Data          28  fsl_debug_console.o(.bss.s_debugConsoleState)
    [Anonymous Symbol]                       0x2000005c   Section        0  fsl_debug_console.o(.bss.s_debugConsoleState)
    s_flexcommHandle                         0x20000078   Data          36  fsl_flexcomm.o(.bss.s_flexcommHandle)
    [Anonymous Symbol]                       0x20000078   Section        0  fsl_flexcomm.o(.bss.s_flexcommHandle)
    s_flexcommIrqHandler                     0x2000009c   Data          36  fsl_flexcomm.o(.bss.s_flexcommIrqHandler)
    [Anonymous Symbol]                       0x2000009c   Section        0  fsl_flexcomm.o(.bss.s_flexcommIrqHandler)

    Global Symbols

    Symbol Name                              Value     Ov Type        Size  Object(Section)

    BuildAttributes$$THM_ISAv4$E$P$D$K$B$S$7EM$8M$VFPi5$EXTD16$VFPS$VFMA$PE$A:L22UL41UL21$X:L11$S22US41US21$IEEE1$IW$~IW$USESV6$~STKCKD$USESV7$~SHL$OTIME$ROPI$EBA8$MICROLIB$REQ8$PRES8$EABIv2 0x00000000   Number         0  anon$$obj.o ABSOLUTE
    __Vectors                                0x00000000   Data           4  startup_lpc55s69_cm33_core0.o(RESET)
    __cpp_initialize__aeabi_                  - Undefined Weak Reference
    __cxa_finalize                            - Undefined Weak Reference
    __decompress                              - Undefined Weak Reference
    _clock_init                               - Undefined Weak Reference
    _microlib_exit                            - Undefined Weak Reference
    __main                                   0x00000201   Thumb Code     0  entry.o(.ARM.Collect$$$$00000000)
    _main_stk                                0x00000201   Thumb Code     0  entry4.o(.ARM.Collect$$$$00000003)
    _main_scatterload                        0x00000205   Thumb Code     0  entry5.o(.ARM.Collect$$$$00000004)
    __main_after_scatterload                 0x00000209   Thumb Code     0  entry5.o(.ARM.Collect$$$$00000004)
    _main_clock                              0x00000209   Thumb Code     0  entry7b.o(.ARM.Collect$$$$00000008)
    _main_cpp_init                           0x00000209   Thumb Code     0  entry8b.o(.ARM.Collect$$$$0000000A)
    _main_init                               0x00000209   Thumb Code     0  entry9a.o(.ARM.Collect$$$$0000000B)
    __rt_final_cpp                           0x00000211   Thumb Code     0  entry10a.o(.ARM.Collect$$$$0000000D)
    __rt_final_exit                          0x00000211   Thumb Code     0  entry11a.o(.ARM.Collect$$$$0000000F)
    Reset_Handler                            0x00000215   Thumb Code    18  startup_lpc55s69_cm33_core0.o(.text)
    NMI_Handler                              0x00000227   Thumb Code     2  startup_lpc55s69_cm33_core0.o(.text)
    HardFault_Handler                        0x00000229   Thumb Code     2  startup_lpc55s69_cm33_core0.o(.text)
    MemManage_Handler                        0x0000022b   Thumb Code     2  startup_lpc55s69_cm33_core0.o(.text)
    BusFault_Handler                         0x0000022d   Thumb Code     2  startup_lpc55s69_cm33_core0.o(.text)
    UsageFault_Handler                       0x0000022f   Thumb Code     2  startup_lpc55s69_cm33_core0.o(.text)
    SVC_Handler                              0x00000231   Thumb Code     2  startup_lpc55s69_cm33_core0.o(.text)
    DebugMon_Handler                         0x00000233   Thumb Code     2  startup_lpc55s69_cm33_core0.o(.text)
    PendSV_Handler                           0x00000235   Thumb Code     2  startup_lpc55s69_cm33_core0.o(.text)
    SysTick_Handler                          0x00000237   Thumb Code     2  startup_lpc55s69_cm33_core0.o(.text)
    WDT_BOD_IRQHandler                       0x00000239   Thumb Code     4  startup_lpc55s69_cm33_core0.o(.text)
    DMA0_IRQHandler                          0x0000023d   Thumb Code     4  startup_lpc55s69_cm33_core0.o(.text)
    GINT0_IRQHandler                         0x00000241   Thumb Code     4  startup_lpc55s69_cm33_core0.o(.text)
    GINT1_IRQHandler                         0x00000245   Thumb Code     4  startup_lpc55s69_cm33_core0.o(.text)
    PIN_INT0_IRQHandler                      0x00000249   Thumb Code     4  startup_lpc55s69_cm33_core0.o(.text)
    PIN_INT1_IRQHandler                      0x0000024d   Thumb Code     4  startup_lpc55s69_cm33_core0.o(.text)
    PIN_INT2_IRQHandler                      0x00000251   Thumb Code     4  startup_lpc55s69_cm33_core0.o(.text)
    PIN_INT3_IRQHandler                      0x00000255   Thumb Code     4  startup_lpc55s69_cm33_core0.o(.text)
    UTICK0_IRQHandler                        0x00000259   Thumb Code     4  startup_lpc55s69_cm33_core0.o(.text)
    MRT0_IRQHandler                          0x0000025d   Thumb Code     4  startup_lpc55s69_cm33_core0.o(.text)
    CTIMER0_IRQHandler                       0x00000261   Thumb Code     4  startup_lpc55s69_cm33_core0.o(.text)
    CTIMER1_IRQHandler                       0x00000265   Thumb Code     4  startup_lpc55s69_cm33_core0.o(.text)
    SCT0_IRQHandler                          0x00000269   Thumb Code     4  startup_lpc55s69_cm33_core0.o(.text)
    CTIMER3_IRQHandler                       0x0000026d   Thumb Code     4  startup_lpc55s69_cm33_core0.o(.text)
    FLEXCOMM0_IRQHandler                     0x00000271   Thumb Code     4  startup_lpc55s69_cm33_core0.o(.text)
    FLEXCOMM1_IRQHandler                     0x00000275   Thumb Code     4  startup_lpc55s69_cm33_core0.o(.text)
    FLEXCOMM2_IRQHandler                     0x00000279   Thumb Code     4  startup_lpc55s69_cm33_core0.o(.text)
    FLEXCOMM3_IRQHandler                     0x0000027d   Thumb Code     4  startup_lpc55s69_cm33_core0.o(.text)
    FLEXCOMM4_IRQHandler                     0x00000281   Thumb Code     4  startup_lpc55s69_cm33_core0.o(.text)
    FLEXCOMM5_IRQHandler                     0x00000285   Thumb Code     4  startup_lpc55s69_cm33_core0.o(.text)
    FLEXCOMM6_IRQHandler                     0x00000289   Thumb Code     4  startup_lpc55s69_cm33_core0.o(.text)
    FLEXCOMM7_IRQHandler                     0x0000028d   Thumb Code     4  startup_lpc55s69_cm33_core0.o(.text)
    ADC0_IRQHandler                          0x00000291   Thumb Code     4  startup_lpc55s69_cm33_core0.o(.text)
    Reserved39_IRQHandler                    0x00000295   Thumb Code     4  startup_lpc55s69_cm33_core0.o(.text)
    ACMP_IRQHandler                          0x00000299   Thumb Code     4  startup_lpc55s69_cm33_core0.o(.text)
    Reserved41_IRQHandler                    0x0000029d   Thumb Code     4  startup_lpc55s69_cm33_core0.o(.text)
    Reserved42_IRQHandler                    0x000002a1   Thumb Code     4  startup_lpc55s69_cm33_core0.o(.text)
    USB0_NEEDCLK_IRQHandler                  0x000002a5   Thumb Code     4  startup_lpc55s69_cm33_core0.o(.text)
    USB0_IRQHandler                          0x000002a9   Thumb Code     4  startup_lpc55s69_cm33_core0.o(.text)
    RTC_IRQHandler                           0x000002ad   Thumb Code     4  startup_lpc55s69_cm33_core0.o(.text)
    Reserved46_IRQHandler                    0x000002b1   Thumb Code     4  startup_lpc55s69_cm33_core0.o(.text)
    MAILBOX_IRQHandler                       0x000002b5   Thumb Code     4  startup_lpc55s69_cm33_core0.o(.text)
    PIN_INT4_IRQHandler                      0x000002b9   Thumb Code     4  startup_lpc55s69_cm33_core0.o(.text)
    PIN_INT5_IRQHandler                      0x000002bd   Thumb Code     4  startup_lpc55s69_cm33_core0.o(.text)
    PIN_INT6_IRQHandler                      0x000002c1   Thumb Code     4  startup_lpc55s69_cm33_core0.o(.text)
    PIN_INT7_IRQHandler                      0x000002c5   Thumb Code     4  startup_lpc55s69_cm33_core0.o(.text)
    CTIMER2_IRQHandler                       0x000002c9   Thumb Code     4  startup_lpc55s69_cm33_core0.o(.text)
    CTIMER4_IRQHandler                       0x000002cd   Thumb Code     4  startup_lpc55s69_cm33_core0.o(.text)
    OS_EVENT_IRQHandler                      0x000002d1   Thumb Code     4  startup_lpc55s69_cm33_core0.o(.text)
    Reserved55_IRQHandler                    0x000002d5   Thumb Code     4  startup_lpc55s69_cm33_core0.o(.text)
    Reserved56_IRQHandler                    0x000002d9   Thumb Code     4  startup_lpc55s69_cm33_core0.o(.text)
    Reserved57_IRQHandler                    0x000002dd   Thumb Code     4  startup_lpc55s69_cm33_core0.o(.text)
    SDIO_IRQHandler                          0x000002e1   Thumb Code     4  startup_lpc55s69_cm33_core0.o(.text)
    Reserved59_IRQHandler                    0x000002e5   Thumb Code     4  startup_lpc55s69_cm33_core0.o(.text)
    Reserved60_IRQHandler                    0x000002e9   Thumb Code     4  startup_lpc55s69_cm33_core0.o(.text)
    Reserved61_IRQHandler                    0x000002ed   Thumb Code     4  startup_lpc55s69_cm33_core0.o(.text)
    USB1_UTMI_IRQHandler                     0x000002f1   Thumb Code     4  startup_lpc55s69_cm33_core0.o(.text)
    USB1_IRQHandler                          0x000002f5   Thumb Code     4  startup_lpc55s69_cm33_core0.o(.text)
    USB1_NEEDCLK_IRQHandler                  0x000002f9   Thumb Code     4  startup_lpc55s69_cm33_core0.o(.text)
    SEC_HYPERVISOR_CALL_IRQHandler           0x000002fd   Thumb Code     4  startup_lpc55s69_cm33_core0.o(.text)
    SEC_GPIO_INT0_IRQ0_IRQHandler            0x00000301   Thumb Code     4  startup_lpc55s69_cm33_core0.o(.text)
    SEC_GPIO_INT0_IRQ1_IRQHandler            0x00000305   Thumb Code     4  startup_lpc55s69_cm33_core0.o(.text)
    PLU_IRQHandler                           0x00000309   Thumb Code     4  startup_lpc55s69_cm33_core0.o(.text)
    SEC_VIO_IRQHandler                       0x0000030d   Thumb Code     4  startup_lpc55s69_cm33_core0.o(.text)
    HASHCRYPT_IRQHandler                     0x00000311   Thumb Code     4  startup_lpc55s69_cm33_core0.o(.text)
    CASER_IRQHandler                         0x00000315   Thumb Code     4  startup_lpc55s69_cm33_core0.o(.text)
    PUF_IRQHandler                           0x00000319   Thumb Code     4  startup_lpc55s69_cm33_core0.o(.text)
    PQ_IRQHandler                            0x0000031d   Thumb Code     4  startup_lpc55s69_cm33_core0.o(.text)
    DMA1_IRQHandler                          0x00000321   Thumb Code     4  startup_lpc55s69_cm33_core0.o(.text)
    LSPI_HS_IRQHandler                       0x00000325   Thumb Code     4  startup_lpc55s69_cm33_core0.o(.text)
    ACMP_DriverIRQHandler                    0x00000329   Thumb Code     0  startup_lpc55s69_cm33_core0.o(.text)
    ADC0_DriverIRQHandler                    0x00000329   Thumb Code     0  startup_lpc55s69_cm33_core0.o(.text)
    CASER_DriverIRQHandler                   0x00000329   Thumb Code     0  startup_lpc55s69_cm33_core0.o(.text)
    CTIMER0_DriverIRQHandler                 0x00000329   Thumb Code     0  startup_lpc55s69_cm33_core0.o(.text)
    CTIMER1_DriverIRQHandler                 0x00000329   Thumb Code     0  startup_lpc55s69_cm33_core0.o(.text)
    CTIMER2_DriverIRQHandler                 0x00000329   Thumb Code     0  startup_lpc55s69_cm33_core0.o(.text)
    CTIMER3_DriverIRQHandler                 0x00000329   Thumb Code     0  startup_lpc55s69_cm33_core0.o(.text)
    CTIMER4_DriverIRQHandler                 0x00000329   Thumb Code     0  startup_lpc55s69_cm33_core0.o(.text)
    DMA0_DriverIRQHandler                    0x00000329   Thumb Code     0  startup_lpc55s69_cm33_core0.o(.text)
    DMA1_DriverIRQHandler                    0x00000329   Thumb Code     0  startup_lpc55s69_cm33_core0.o(.text)
    GINT0_DriverIRQHandler                   0x00000329   Thumb Code     0  startup_lpc55s69_cm33_core0.o(.text)
    GINT1_DriverIRQHandler                   0x00000329   Thumb Code     0  startup_lpc55s69_cm33_core0.o(.text)
    HASHCRYPT_DriverIRQHandler               0x00000329   Thumb Code     0  startup_lpc55s69_cm33_core0.o(.text)
    LSPI_HS_DriverIRQHandler                 0x00000329   Thumb Code     0  startup_lpc55s69_cm33_core0.o(.text)
    MAILBOX_DriverIRQHandler                 0x00000329   Thumb Code     0  startup_lpc55s69_cm33_core0.o(.text)
    MRT0_DriverIRQHandler                    0x00000329   Thumb Code     0  startup_lpc55s69_cm33_core0.o(.text)
    OS_EVENT_DriverIRQHandler                0x00000329   Thumb Code     0  startup_lpc55s69_cm33_core0.o(.text)
    PIN_INT0_DriverIRQHandler                0x00000329   Thumb Code     0  startup_lpc55s69_cm33_core0.o(.text)
    PIN_INT1_DriverIRQHandler                0x00000329   Thumb Code     0  startup_lpc55s69_cm33_core0.o(.text)
    PIN_INT2_DriverIRQHandler                0x00000329   Thumb Code     0  startup_lpc55s69_cm33_core0.o(.text)
    PIN_INT3_DriverIRQHandler                0x00000329   Thumb Code     0  startup_lpc55s69_cm33_core0.o(.text)
    PIN_INT4_DriverIRQHandler                0x00000329   Thumb Code     0  startup_lpc55s69_cm33_core0.o(.text)
    PIN_INT5_DriverIRQHandler                0x00000329   Thumb Code     0  startup_lpc55s69_cm33_core0.o(.text)
    PIN_INT6_DriverIRQHandler                0x00000329   Thumb Code     0  startup_lpc55s69_cm33_core0.o(.text)
    PIN_INT7_DriverIRQHandler                0x00000329   Thumb Code     0  startup_lpc55s69_cm33_core0.o(.text)
    PLU_DriverIRQHandler                     0x00000329   Thumb Code     0  startup_lpc55s69_cm33_core0.o(.text)
    PQ_DriverIRQHandler                      0x00000329   Thumb Code     0  startup_lpc55s69_cm33_core0.o(.text)
    PUF_DriverIRQHandler                     0x00000329   Thumb Code     0  startup_lpc55s69_cm33_core0.o(.text)
    RTC_DriverIRQHandler                     0x00000329   Thumb Code     0  startup_lpc55s69_cm33_core0.o(.text)
    Reserved39_DriverIRQHandler              0x00000329   Thumb Code     0  startup_lpc55s69_cm33_core0.o(.text)
    Reserved41_DriverIRQHandler              0x00000329   Thumb Code     0  startup_lpc55s69_cm33_core0.o(.text)
    Reserved42_DriverIRQHandler              0x00000329   Thumb Code     0  startup_lpc55s69_cm33_core0.o(.text)
    Reserved46_DriverIRQHandler              0x00000329   Thumb Code     0  startup_lpc55s69_cm33_core0.o(.text)
    Reserved55_DriverIRQHandler              0x00000329   Thumb Code     0  startup_lpc55s69_cm33_core0.o(.text)
    Reserved56_DriverIRQHandler              0x00000329   Thumb Code     0  startup_lpc55s69_cm33_core0.o(.text)
    Reserved57_DriverIRQHandler              0x00000329   Thumb Code     0  startup_lpc55s69_cm33_core0.o(.text)
    Reserved59_DriverIRQHandler              0x00000329   Thumb Code     0  startup_lpc55s69_cm33_core0.o(.text)
    Reserved60_DriverIRQHandler              0x00000329   Thumb Code     0  startup_lpc55s69_cm33_core0.o(.text)
    Reserved61_DriverIRQHandler              0x00000329   Thumb Code     0  startup_lpc55s69_cm33_core0.o(.text)
    SCT0_DriverIRQHandler                    0x00000329   Thumb Code     0  startup_lpc55s69_cm33_core0.o(.text)
    SDIO_DriverIRQHandler                    0x00000329   Thumb Code     0  startup_lpc55s69_cm33_core0.o(.text)
    SEC_GPIO_INT0_IRQ0_DriverIRQHandler      0x00000329   Thumb Code     0  startup_lpc55s69_cm33_core0.o(.text)
    SEC_GPIO_INT0_IRQ1_DriverIRQHandler      0x00000329   Thumb Code     0  startup_lpc55s69_cm33_core0.o(.text)
    SEC_HYPERVISOR_CALL_DriverIRQHandler     0x00000329   Thumb Code     0  startup_lpc55s69_cm33_core0.o(.text)
    SEC_VIO_DriverIRQHandler                 0x00000329   Thumb Code     0  startup_lpc55s69_cm33_core0.o(.text)
    USB0_DriverIRQHandler                    0x00000329   Thumb Code     0  startup_lpc55s69_cm33_core0.o(.text)
    USB0_NEEDCLK_DriverIRQHandler            0x00000329   Thumb Code     0  startup_lpc55s69_cm33_core0.o(.text)
    USB1_DriverIRQHandler                    0x00000329   Thumb Code     0  startup_lpc55s69_cm33_core0.o(.text)
    USB1_NEEDCLK_DriverIRQHandler            0x00000329   Thumb Code     0  startup_lpc55s69_cm33_core0.o(.text)
    USB1_UTMI_DriverIRQHandler               0x00000329   Thumb Code     0  startup_lpc55s69_cm33_core0.o(.text)
    UTICK0_DriverIRQHandler                  0x00000329   Thumb Code     0  startup_lpc55s69_cm33_core0.o(.text)
    WDT_BOD_DriverIRQHandler                 0x00000329   Thumb Code     0  startup_lpc55s69_cm33_core0.o(.text)
    __aeabi_memset                           0x00000429   Thumb Code    14  memseta.o(.text)
    __aeabi_memset4                          0x00000429   Thumb Code     0  memseta.o(.text)
    __aeabi_memset8                          0x00000429   Thumb Code     0  memseta.o(.text)
    __aeabi_memclr                           0x00000437   Thumb Code     4  memseta.o(.text)
    __aeabi_memclr4                          0x00000437   Thumb Code     0  memseta.o(.text)
    __aeabi_memclr8                          0x00000437   Thumb Code     0  memseta.o(.text)
    memset                                   0x0000043b   Thumb Code    18  memseta.o(.text)
    strlen                                   0x0000044d   Thumb Code    14  strlen.o(.text)
    __aeabi_dmul                             0x0000045b   Thumb Code   228  dmul.o(.text)
    __aeabi_f2d                              0x0000053f   Thumb Code    38  f2d.o(.text)
    __aeabi_d2f                              0x00000565   Thumb Code    56  d2f.o(.text)
    __aeabi_llsl                             0x0000059d   Thumb Code    30  llshl.o(.text)
    _ll_shift_l                              0x0000059d   Thumb Code     0  llshl.o(.text)
    __aeabi_llsr                             0x000005bb   Thumb Code    32  llushr.o(.text)
    _ll_ushift_r                             0x000005bb   Thumb Code     0  llushr.o(.text)
    __I$use$fp                               0x000005db   Thumb Code     0  iusefp.o(.text)
    _float_round                             0x000005db   Thumb Code    18  fepilogue.o(.text)
    _float_epilogue                          0x000005ed   Thumb Code    92  fepilogue.o(.text)
    _double_round                            0x00000649   Thumb Code    30  depilogue.o(.text)
    _double_epilogue                         0x00000667   Thumb Code   156  depilogue.o(.text)
    __scatterload                            0x00000705   Thumb Code    28  init.o(.text)
    __scatterload_rt2                        0x00000705   Thumb Code     0  init.o(.text)
    BOARD_BootClockFROHF96M                  0x00000729   Thumb Code   110  clock_config.o(.text.BOARD_BootClockFROHF96M)
    BOARD_InitDebugConsole                   0x00000799   Thumb Code    52  board.o(.text.BOARD_InitDebugConsole)
    BOARD_InitPins                           0x000007cd   Thumb Code    64  pin_mux.o(.text.BOARD_InitPins)
    CLOCK_AttachClk                          0x0000080d   Thumb Code   168  fsl_clock.o(.text.CLOCK_AttachClk)
    CLOCK_GetAdcClkFreq                      0x0000090d   Thumb Code    96  fsl_clock.o(.text.CLOCK_GetAdcClkFreq)
    CLOCK_GetCTimerClkFreq                   0x0000096d   Thumb Code   110  fsl_clock.o(.text.CLOCK_GetCTimerClkFreq)
    CLOCK_GetClockOutClkFreq                 0x000009dd   Thumb Code   128  fsl_clock.o(.text.CLOCK_GetClockOutClkFreq)
    CLOCK_GetCoreSysClkFreq                  0x00000a5d   Thumb Code   172  fsl_clock.o(.text.CLOCK_GetCoreSysClkFreq)
    CLOCK_GetExtClkFreq                      0x00000b09   Thumb Code    46  fsl_clock.o(.text.CLOCK_GetExtClkFreq)
    CLOCK_GetFlexCommClkFreq                 0x00000b39   Thumb Code    70  fsl_clock.o(.text.CLOCK_GetFlexCommClkFreq)
    CLOCK_GetFlexCommInputClock              0x00000b81   Thumb Code   162  fsl_clock.o(.text.CLOCK_GetFlexCommInputClock)
    CLOCK_GetFreq                            0x00000c25   Thumb Code   384  fsl_clock.o(.text.CLOCK_GetFreq)
    CLOCK_GetFro12MFreq                      0x00000da5   Thumb Code    60  fsl_clock.o(.text.CLOCK_GetFro12MFreq)
    CLOCK_GetFro1MFreq                       0x00000de1   Thumb Code    28  fsl_clock.o(.text.CLOCK_GetFro1MFreq)
    CLOCK_GetFroHfFreq                       0x00000dfd   Thumb Code    60  fsl_clock.o(.text.CLOCK_GetFroHfFreq)
    CLOCK_GetHsLspiClkFreq                   0x00000e39   Thumb Code   144  fsl_clock.o(.text.CLOCK_GetHsLspiClkFreq)
    CLOCK_GetI2SMClkFreq                     0x00000ec9   Thumb Code    12  fsl_clock.o(.text.CLOCK_GetI2SMClkFreq)
    CLOCK_GetMclkClkFreq                     0x00000ed5   Thumb Code    92  fsl_clock.o(.text.CLOCK_GetMclkClkFreq)
    CLOCK_GetOsc32KFreq                      0x00000f31   Thumb Code   112  fsl_clock.o(.text.CLOCK_GetOsc32KFreq)
    CLOCK_GetPll0OutFreq                     0x00000fa1   Thumb Code    12  fsl_clock.o(.text.CLOCK_GetPll0OutFreq)
    CLOCK_GetPll1OutFreq                     0x00000fad   Thumb Code    12  fsl_clock.o(.text.CLOCK_GetPll1OutFreq)
    CLOCK_GetSctClkFreq                      0x00000fb9   Thumb Code   112  fsl_clock.o(.text.CLOCK_GetSctClkFreq)
    CLOCK_GetSdioClkFreq                     0x00001029   Thumb Code   104  fsl_clock.o(.text.CLOCK_GetSdioClkFreq)
    CLOCK_GetSystickClkFreq                  0x00001091   Thumb Code   118  fsl_clock.o(.text.CLOCK_GetSystickClkFreq)
    CLOCK_GetUsb0ClkFreq                     0x00001109   Thumb Code   104  fsl_clock.o(.text.CLOCK_GetUsb0ClkFreq)
    CLOCK_GetUsb1ClkFreq                     0x00001171   Thumb Code    46  fsl_clock.o(.text.CLOCK_GetUsb1ClkFreq)
    CLOCK_GetWdtClkFreq                      0x000011a1   Thumb Code    32  fsl_clock.o(.text.CLOCK_GetWdtClkFreq)
    CLOCK_SetClkDiv                          0x000011c1   Thumb Code   112  fsl_clock.o(.text.CLOCK_SetClkDiv)
    CLOCK_SetFLASHAccessCyclesForFreq        0x00001231   Thumb Code   120  fsl_clock.o(.text.CLOCK_SetFLASHAccessCyclesForFreq)
    CLOCK_SetupFROClocking                   0x000012a9   Thumb Code   194  fsl_clock.o(.text.CLOCK_SetupFROClocking)
    DbgConsole_Init                          0x000014b1   Thumb Code   352  fsl_debug_console.o(.text.DbgConsole_Init)
    DbgConsole_Printf                        0x00001689   Thumb Code   110  fsl_debug_console.o(.text.DbgConsole_Printf)
    DbgConsole_SendData                      0x000016f9   Thumb Code   138  fsl_debug_console.o(.text.DbgConsole_SendData)
    FLEXCOMM0_DriverIRQHandler               0x00001785   Thumb Code    88  fsl_flexcomm.o(.text.FLEXCOMM0_DriverIRQHandler)
    FLEXCOMM1_DriverIRQHandler               0x000017dd   Thumb Code    88  fsl_flexcomm.o(.text.FLEXCOMM1_DriverIRQHandler)
    FLEXCOMM2_DriverIRQHandler               0x00001835   Thumb Code    88  fsl_flexcomm.o(.text.FLEXCOMM2_DriverIRQHandler)
    FLEXCOMM3_DriverIRQHandler               0x0000188d   Thumb Code    88  fsl_flexcomm.o(.text.FLEXCOMM3_DriverIRQHandler)
    FLEXCOMM4_DriverIRQHandler               0x000018e5   Thumb Code    88  fsl_flexcomm.o(.text.FLEXCOMM4_DriverIRQHandler)
    FLEXCOMM5_DriverIRQHandler               0x0000193d   Thumb Code    88  fsl_flexcomm.o(.text.FLEXCOMM5_DriverIRQHandler)
    FLEXCOMM6_DriverIRQHandler               0x00001995   Thumb Code    88  fsl_flexcomm.o(.text.FLEXCOMM6_DriverIRQHandler)
    FLEXCOMM7_DriverIRQHandler               0x000019ed   Thumb Code    90  fsl_flexcomm.o(.text.FLEXCOMM7_DriverIRQHandler)
    FLEXCOMM_GetInstance                     0x00001a49   Thumb Code    82  fsl_flexcomm.o(.text.FLEXCOMM_GetInstance)
    FLEXCOMM_Init                            0x00001a9d   Thumb Code   100  fsl_flexcomm.o(.text.FLEXCOMM_Init)
    HAL_UartInit                             0x00001c31   Thumb Code   364  usart_adapter.o(.text.HAL_UartInit)
    HAL_UartSendBlocking                     0x00001d9d   Thumb Code   162  usart_adapter.o(.text.HAL_UartSendBlocking)
    POWER_SetVoltageForFreq                  0x00001ead   Thumb Code    40  fsl_power_lib.o(.text.POWER_SetVoltageForFreq)
    RESET_ClearPeripheralReset               0x00001ed5   Thumb Code   112  fsl_reset.o(.text.RESET_ClearPeripheralReset)
    RESET_PeripheralReset                    0x00001f45   Thumb Code    26  fsl_reset.o(.text.RESET_PeripheralReset)
    RESET_SetPeripheralReset                 0x00001f61   Thumb Code   108  fsl_reset.o(.text.RESET_SetPeripheralReset)
    SerialManager_Init                       0x00001fcd   Thumb Code   154  serial_manager.o(.text.SerialManager_Init)
    SerialManager_OpenReadHandle             0x00002069   Thumb Code   154  serial_manager.o(.text.SerialManager_OpenReadHandle)
    SerialManager_OpenWriteHandle            0x00002105   Thumb Code   128  serial_manager.o(.text.SerialManager_OpenWriteHandle)
    SerialManager_WriteBlocking              0x00002299   Thumb Code    40  serial_manager.o(.text.SerialManager_WriteBlocking)
    Serial_UartInit                          0x000022c1   Thumb Code   180  serial_port_uart.o(.text.Serial_UartInit)
    Serial_UartWrite                         0x00002375   Thumb Code   146  serial_port_uart.o(.text.Serial_UartWrite)
    StrFormatPrintf                          0x00002409   Thumb Code   966  fsl_str.o(.text.StrFormatPrintf)
    SystemInit                               0x000027d1   Thumb Code    92  system_lpc55s69_cm33_core0.o(.text.SystemInit)
    SystemInitHook                           0x0000282d   Thumb Code     2  system_lpc55s69_cm33_core0.o(.text.SystemInitHook)
    USART_GetDefaultConfig                   0x00002831   Thumb Code   110  fsl_usart.o(.text.USART_GetDefaultConfig)
    USART_Init                               0x000028a1   Thumb Code   408  fsl_usart.o(.text.USART_Init)
    USART_ReadBlocking                       0x00002a39   Thumb Code   350  fsl_usart.o(.text.USART_ReadBlocking)
    USART_SetBaudRate                        0x00002b99   Thumb Code   334  fsl_usart.o(.text.USART_SetBaudRate)
    USART_WriteBlocking                      0x00002ce9   Thumb Code   204  fsl_usart.o(.text.USART_WriteBlocking)
    __aeabi_assert                           0x00002db5   Thumb Code    58  fsl_assert.o(.text.__aeabi_assert)
    main                                     0x00002df1   Thumb Code   142  usart_polling.o(.text.main)
    nio_set_system_voltage                   0x00002e81   Thumb Code   232  fsl_power_lib.o(.text.nio_set_system_voltage)
    __scatterload_copy                       0x00002f69   Thumb Code    14  handlers.o(i.__scatterload_copy)
    __scatterload_null                       0x00002f77   Thumb Code     2  handlers.o(i.__scatterload_null)
    __scatterload_zeroinit                   0x00002f79   Thumb Code    14  handlers.o(i.__scatterload_zeroinit)
    Region$$Table$$Base                      0x00003378   Number         0  anon$$obj.o(Region$$Table)
    Region$$Table$$Limit                     0x00003398   Number         0  anon$$obj.o(Region$$Table)
    SystemCoreClock                          0x20000000   Data           4  system_lpc55s69_cm33_core0.o(.data.SystemCoreClock)
    txbuff                                   0x20000008   Data          66  usart_polling.o(.data.txbuff)
    g_serialHandle                           0x2000004c   Data           4  fsl_debug_console.o(.bss.g_serialHandle)
    Image$$ARM_LIB_HEAP$$ZI$$Base            0x200000c0   Number         0  anon$$obj.o ABSOLUTE
    Image$$ARM_LIB_HEAP$$ZI$$Limit           0x200004c0   Number         0  anon$$obj.o ABSOLUTE
    Image$$ARM_LIB_STACK$$ZI$$Base           0x20032c00   Number         0  anon$$obj.o ABSOLUTE
    Image$$ARM_LIB_STACK$$ZI$$Limit          0x20033000   Number         0  anon$$obj.o ABSOLUTE



==============================================================================

Memory Map of the image

  Image Entry point : 0x00000201

  Load Region LR_m_text (Base: 0x00000000, Size: 0x000033e4, Max: 0x00072000, ABSOLUTE)

    Execution Region VECTOR_ROM (Exec base: 0x00000000, Load base: 0x00000000, Size: 0x00000130, Max: 0x00000200, ABSOLUTE)

    Exec Addr    Load Addr    Size         Type   Attr      Idx    E Section Name        Object

    0x00000000   0x00000000   0x00000130   Data   RO          531    RESET               startup_lpc55s69_cm33_core0.o


    Execution Region ER_m_text (Exec base: 0x00000200, Load base: 0x00000200, Size: 0x00003198, Max: 0x00071e00, ABSOLUTE, FIXED)

    Exec Addr    Load Addr    Size         Type   Attr      Idx    E Section Name        Object

    0x00000200   0x00000200   0x00000000   Code   RO          640  * .ARM.Collect$$$$00000000  mc_w.l(entry.o)
    0x00000200   0x00000200   0x00000004   Code   RO          685    .ARM.Collect$$$$00000003  mc_w.l(entry4.o)
    0x00000204   0x00000204   0x00000004   Code   RO          688    .ARM.Collect$$$$00000004  mc_w.l(entry5.o)
    0x00000208   0x00000208   0x00000000   Code   RO          690    .ARM.Collect$$$$00000008  mc_w.l(entry7b.o)
    0x00000208   0x00000208   0x00000000   Code   RO          692    .ARM.Collect$$$$0000000A  mc_w.l(entry8b.o)
    0x00000208   0x00000208   0x00000008   Code   RO          693    .ARM.Collect$$$$0000000B  mc_w.l(entry9a.o)
    0x00000210   0x00000210   0x00000000   Code   RO          695    .ARM.Collect$$$$0000000D  mc_w.l(entry10a.o)
    0x00000210   0x00000210   0x00000000   Code   RO          697    .ARM.Collect$$$$0000000F  mc_w.l(entry11a.o)
    0x00000210   0x00000210   0x00000004   Code   RO          686    .ARM.Collect$$$$00002714  mc_w.l(entry4.o)
    0x00000214   0x00000214   0x00000214   Code   RO          532    .text               startup_lpc55s69_cm33_core0.o
    0x00000428   0x00000428   0x00000024   Code   RO          647    .text               mc_w.l(memseta.o)
    0x0000044c   0x0000044c   0x0000000e   Code   RO          649    .text               mc_w.l(strlen.o)
    0x0000045a   0x0000045a   0x000000e4   Code   RO          679    .text               mf_w.l(dmul.o)
    0x0000053e   0x0000053e   0x00000026   Code   RO          681    .text               mf_w.l(f2d.o)
    0x00000564   0x00000564   0x00000038   Code   RO          683    .text               mf_w.l(d2f.o)
    0x0000059c   0x0000059c   0x0000001e   Code   RO          699    .text               mc_w.l(llshl.o)
    0x000005ba   0x000005ba   0x00000020   Code   RO          701    .text               mc_w.l(llushr.o)
    0x000005da   0x000005da   0x00000000   Code   RO          709    .text               mc_w.l(iusefp.o)
    0x000005da   0x000005da   0x0000006e   Code   RO          710    .text               mf_w.l(fepilogue.o)
    0x00000648   0x00000648   0x000000ba   Code   RO          712    .text               mf_w.l(depilogue.o)
    0x00000702   0x00000702   0x00000002   PAD
    0x00000704   0x00000704   0x00000024   Code   RO          714    .text               mc_w.l(init.o)
    0x00000728   0x00000728   0x0000006e   Code   RO           18    .text.BOARD_BootClockFROHF96M  clock_config.o
    0x00000796   0x00000796   0x00000002   PAD
    0x00000798   0x00000798   0x00000034   Code   RO            4    .text.BOARD_InitDebugConsole  board.o
    0x000007cc   0x000007cc   0x00000040   Code   RO           37    .text.BOARD_InitPins  pin_mux.o
    0x0000080c   0x0000080c   0x000000a8   Code   RO          198    .text.CLOCK_AttachClk  fsl_clock.o
    0x000008b4   0x000008b4   0x0000002c   Code   RO           39    .text.CLOCK_EnableClock  pin_mux.o
    0x000008e0   0x000008e0   0x0000002c   Code   RO          370    .text.CLOCK_EnableClock  fsl_flexcomm.o
    0x0000090c   0x0000090c   0x00000060   Code   RO          234    .text.CLOCK_GetAdcClkFreq  fsl_clock.o
    0x0000096c   0x0000096c   0x0000006e   Code   RO          258    .text.CLOCK_GetCTimerClkFreq  fsl_clock.o
    0x000009da   0x000009da   0x00000002   PAD
    0x000009dc   0x000009dc   0x00000080   Code   RO          218    .text.CLOCK_GetClockOutClkFreq  fsl_clock.o
    0x00000a5c   0x00000a5c   0x000000ac   Code   RO          220    .text.CLOCK_GetCoreSysClkFreq  fsl_clock.o
    0x00000b08   0x00000b08   0x0000002e   Code   RO          224    .text.CLOCK_GetExtClkFreq  fsl_clock.o
    0x00000b36   0x00000b36   0x00000002   PAD
    0x00000b38   0x00000b38   0x00000046   Code   RO          254    .text.CLOCK_GetFlexCommClkFreq  fsl_clock.o
    0x00000b7e   0x00000b7e   0x00000002   PAD
    0x00000b80   0x00000b80   0x000000a2   Code   RO          252    .text.CLOCK_GetFlexCommInputClock  fsl_clock.o
    0x00000c22   0x00000c22   0x00000002   PAD
    0x00000c24   0x00000c24   0x00000180   Code   RO          264    .text.CLOCK_GetFreq  fsl_clock.o
    0x00000da4   0x00000da4   0x0000003c   Code   RO          248    .text.CLOCK_GetFro12MFreq  fsl_clock.o
    0x00000de0   0x00000de0   0x0000001c   Code   RO          228    .text.CLOCK_GetFro1MFreq  fsl_clock.o
    0x00000dfc   0x00000dfc   0x0000003c   Code   RO          226    .text.CLOCK_GetFroHfFreq  fsl_clock.o
    0x00000e38   0x00000e38   0x00000090   Code   RO          256    .text.CLOCK_GetHsLspiClkFreq  fsl_clock.o
    0x00000ec8   0x00000ec8   0x0000000c   Code   RO          244    .text.CLOCK_GetI2SMClkFreq  fsl_clock.o
    0x00000ed4   0x00000ed4   0x0000005c   Code   RO          240    .text.CLOCK_GetMclkClkFreq  fsl_clock.o
    0x00000f30   0x00000f30   0x00000070   Code   RO          232    .text.CLOCK_GetOsc32KFreq  fsl_clock.o
    0x00000fa0   0x00000fa0   0x0000000c   Code   RO          222    .text.CLOCK_GetPll0OutFreq  fsl_clock.o
    0x00000fac   0x00000fac   0x0000000c   Code   RO          230    .text.CLOCK_GetPll1OutFreq  fsl_clock.o
    0x00000fb8   0x00000fb8   0x00000070   Code   RO          242    .text.CLOCK_GetSctClkFreq  fsl_clock.o
    0x00001028   0x00001028   0x00000068   Code   RO          246    .text.CLOCK_GetSdioClkFreq  fsl_clock.o
    0x00001090   0x00001090   0x00000076   Code   RO          260    .text.CLOCK_GetSystickClkFreq  fsl_clock.o
    0x00001106   0x00001106   0x00000002   PAD
    0x00001108   0x00001108   0x00000068   Code   RO          236    .text.CLOCK_GetUsb0ClkFreq  fsl_clock.o
    0x00001170   0x00001170   0x0000002e   Code   RO          238    .text.CLOCK_GetUsb1ClkFreq  fsl_clock.o
    0x0000119e   0x0000119e   0x00000002   PAD
    0x000011a0   0x000011a0   0x00000020   Code   RO          250    .text.CLOCK_GetWdtClkFreq  fsl_clock.o
    0x000011c0   0x000011c0   0x00000070   Code   RO          202    .text.CLOCK_SetClkDiv  fsl_clock.o
    0x00001230   0x00001230   0x00000078   Code   RO          212    .text.CLOCK_SetFLASHAccessCyclesForFreq  fsl_clock.o
    0x000012a8   0x000012a8   0x000000c2   Code   RO          208    .text.CLOCK_SetupFROClocking  fsl_clock.o
    0x0000136a   0x0000136a   0x00000002   PAD
    0x0000136c   0x0000136c   0x00000144   Code   RO          598    .text.ConvertRadixNumToString  fsl_str.o
    0x000014b0   0x000014b0   0x00000160   Code   RO          557    .text.DbgConsole_Init  fsl_debug_console.o
    0x00001610   0x00001610   0x00000078   Code   RO          565    .text.DbgConsole_PrintCallback  fsl_debug_console.o
    0x00001688   0x00001688   0x0000006e   Code   RO          563    .text.DbgConsole_Printf  fsl_debug_console.o
    0x000016f6   0x000016f6   0x00000002   PAD
    0x000016f8   0x000016f8   0x0000008a   Code   RO          551    .text.DbgConsole_SendData  fsl_debug_console.o
    0x00001782   0x00001782   0x00000002   PAD
    0x00001784   0x00001784   0x00000058   Code   RO          376    .text.FLEXCOMM0_DriverIRQHandler  fsl_flexcomm.o
    0x000017dc   0x000017dc   0x00000058   Code   RO          378    .text.FLEXCOMM1_DriverIRQHandler  fsl_flexcomm.o
    0x00001834   0x00001834   0x00000058   Code   RO          380    .text.FLEXCOMM2_DriverIRQHandler  fsl_flexcomm.o
    0x0000188c   0x0000188c   0x00000058   Code   RO          382    .text.FLEXCOMM3_DriverIRQHandler  fsl_flexcomm.o
    0x000018e4   0x000018e4   0x00000058   Code   RO          384    .text.FLEXCOMM4_DriverIRQHandler  fsl_flexcomm.o
    0x0000193c   0x0000193c   0x00000058   Code   RO          386    .text.FLEXCOMM5_DriverIRQHandler  fsl_flexcomm.o
    0x00001994   0x00001994   0x00000058   Code   RO          388    .text.FLEXCOMM6_DriverIRQHandler  fsl_flexcomm.o
    0x000019ec   0x000019ec   0x0000005a   Code   RO          390    .text.FLEXCOMM7_DriverIRQHandler  fsl_flexcomm.o
    0x00001a46   0x00001a46   0x00000002   PAD
    0x00001a48   0x00001a48   0x00000052   Code   RO          366    .text.FLEXCOMM_GetInstance  fsl_flexcomm.o
    0x00001a9a   0x00001a9a   0x00000002   PAD
    0x00001a9c   0x00001a9c   0x00000064   Code   RO          368    .text.FLEXCOMM_Init  fsl_flexcomm.o
    0x00001b00   0x00001b00   0x00000076   Code   RO          394    .text.FLEXCOMM_PeripheralIsPresent  fsl_flexcomm.o
    0x00001b76   0x00001b76   0x00000002   PAD
    0x00001b78   0x00001b78   0x0000008a   Code   RO          372    .text.FLEXCOMM_SetPeriph  fsl_flexcomm.o
    0x00001c02   0x00001c02   0x00000002   PAD
    0x00001c04   0x00001c04   0x0000002a   Code   RO          143    .text.HAL_UartGetStatus  usart_adapter.o
    0x00001c2e   0x00001c2e   0x00000002   PAD
    0x00001c30   0x00001c30   0x0000016c   Code   RO          141    .text.HAL_UartInit  usart_adapter.o
    0x00001d9c   0x00001d9c   0x000000a2   Code   RO          149    .text.HAL_UartSendBlocking  usart_adapter.o
    0x00001e3e   0x00001e3e   0x00000002   PAD
    0x00001e40   0x00001e40   0x0000003c   Code   RO           41    .text.IOCON_PinMuxSet  pin_mux.o
    0x00001e7c   0x00001e7c   0x00000016   Code   RO           22    .text.POWER_DisablePD  clock_config.o
    0x00001e92   0x00001e92   0x00000002   PAD
    0x00001e94   0x00001e94   0x00000016   Code   RO          210    .text.POWER_DisablePD  fsl_clock.o
    0x00001eaa   0x00001eaa   0x00000002   PAD
    0x00001eac   0x00001eac   0x00000028   Code   RO          630    .text.POWER_SetVoltageForFreq  keil_lib_power_cm33_core0.lib(fsl_power_lib.o)
    0x00001ed4   0x00001ed4   0x00000070   Code   RO          449    .text.RESET_ClearPeripheralReset  fsl_reset.o
    0x00001f44   0x00001f44   0x0000001a   Code   RO          451    .text.RESET_PeripheralReset  fsl_reset.o
    0x00001f5e   0x00001f5e   0x00000002   PAD
    0x00001f60   0x00001f60   0x0000006c   Code   RO          447    .text.RESET_SetPeripheralReset  fsl_reset.o
    0x00001fcc   0x00001fcc   0x0000009a   Code   RO           87    .text.SerialManager_Init  serial_manager.o
    0x00002066   0x00002066   0x00000002   PAD
    0x00002068   0x00002068   0x0000009a   Code   RO           95    .text.SerialManager_OpenReadHandle  serial_manager.o
    0x00002102   0x00002102   0x00000002   PAD
    0x00002104   0x00002104   0x00000080   Code   RO           91    .text.SerialManager_OpenWriteHandle  serial_manager.o
    0x00002184   0x00002184   0x00000058   Code   RO          111    .text.SerialManager_StartWriting  serial_manager.o
    0x000021dc   0x000021dc   0x000000bc   Code   RO          101    .text.SerialManager_Write  serial_manager.o
    0x00002298   0x00002298   0x00000028   Code   RO           99    .text.SerialManager_WriteBlocking  serial_manager.o
    0x000022c0   0x000022c0   0x000000b4   Code   RO          124    .text.Serial_UartInit  serial_port_uart.o
    0x00002374   0x00002374   0x00000092   Code   RO          128    .text.Serial_UartWrite  serial_port_uart.o
    0x00002406   0x00002406   0x00000002   PAD
    0x00002408   0x00002408   0x000003c6   Code   RO          596    .text.StrFormatPrintf  fsl_str.o
    0x000027ce   0x000027ce   0x00000002   PAD
    0x000027d0   0x000027d0   0x0000005c   Code   RO          161    .text.SystemInit    system_lpc55s69_cm33_core0.o
    0x0000282c   0x0000282c   0x00000002   Code   RO          163    .text.SystemInitHook  system_lpc55s69_cm33_core0.o
    0x0000282e   0x0000282e   0x00000002   PAD
    0x00002830   0x00002830   0x0000006e   Code   RO          476    .text.USART_GetDefaultConfig  fsl_usart.o
    0x0000289e   0x0000289e   0x00000002   PAD
    0x000028a0   0x000028a0   0x00000198   Code   RO          470    .text.USART_Init    fsl_usart.o
    0x00002a38   0x00002a38   0x0000015e   Code   RO          480    .text.USART_ReadBlocking  fsl_usart.o
    0x00002b96   0x00002b96   0x00000002   PAD
    0x00002b98   0x00002b98   0x0000014e   Code   RO          472    .text.USART_SetBaudRate  fsl_usart.o
    0x00002ce6   0x00002ce6   0x00000002   PAD
    0x00002ce8   0x00002ce8   0x000000cc   Code   RO          478    .text.USART_WriteBlocking  fsl_usart.o
    0x00002db4   0x00002db4   0x0000003a   Code   RO          539    .text.__aeabi_assert  fsl_assert.o
    0x00002dee   0x00002dee   0x00000002   PAD
    0x00002df0   0x00002df0   0x0000008e   Code   RO          521    .text.main          usart_polling.o
    0x00002e7e   0x00002e7e   0x00000002   PAD
    0x00002e80   0x00002e80   0x000000e8   Code   RO          628    .text.nio_set_system_voltage  keil_lib_power_cm33_core0.lib(fsl_power_lib.o)
    0x00002f68   0x00002f68   0x0000000e   Code   RO          718    i.__scatterload_copy  mc_w.l(handlers.o)
    0x00002f76   0x00002f76   0x00000002   Code   RO          719    i.__scatterload_null  mc_w.l(handlers.o)
    0x00002f78   0x00002f78   0x0000000e   Code   RO          720    i.__scatterload_zeroinit  mc_w.l(handlers.o)
    0x00002f86   0x00002f86   0x00000002   PAD
    0x00002f88   0x00002f88   0x00000020   Data   RO          152    .rodata.s_UsartAdapterBase  usart_adapter.o
    0x00002fa8   0x00002fa8   0x00000024   Data   RO          397    .rodata.s_flexcommBaseAddrs  fsl_flexcomm.o
    0x00002fcc   0x00002fcc   0x00000012   Data   RO          399    .rodata.s_flexcommClocks  fsl_flexcomm.o
    0x00002fde   0x00002fde   0x00000002   PAD
    0x00002fe0   0x00002fe0   0x00000024   Data   RO          400    .rodata.s_flexcommResets  fsl_flexcomm.o
    0x00003004   0x00003004   0x00000063   Data   RO          115    .rodata.str1.1      serial_manager.o
    0x00003067   0x00003067   0x00000039   Data   RO          132    .rodata.str1.1      serial_port_uart.o
    0x000030a0   0x000030a0   0x00000090   Data   RO          151    .rodata.str1.1      usart_adapter.o
    0x00003130   0x00003130   0x000000dd   Data   RO          398    .rodata.str1.1      fsl_flexcomm.o
    0x0000320d   0x0000320d   0x00000021   Data   RO          453    .rodata.str1.1      fsl_reset.o
    0x0000322e   0x0000322e   0x000000c2   Data   RO          511    .rodata.str1.1      fsl_usart.o
    0x000032f0   0x000032f0   0x0000002b   Data   RO          541    .rodata.str1.1      fsl_assert.o
    0x0000331b   0x0000331b   0x0000005b   Data   RO          584    .rodata.str1.1      fsl_debug_console.o
    0x00003376   0x00003376   0x00000002   PAD
    0x00003378   0x00003378   0x00000020   Data   RO          717    Region$$Table       anon$$obj.o


    Execution Region RW_m_data (Exec base: 0x20000000, Load base: 0x00003398, Size: 0x000000c0, Max: 0x00032800, ABSOLUTE)

    Exec Addr    Load Addr    Size         Type   Attr      Idx    E Section Name        Object

    0x20000000   0x00003398   0x00000004   Data   RW          189    .data.SystemCoreClock  system_lpc55s69_cm33_core0.o
    0x20000004   0x0000339c   0x00000004   Data   RW          324    .data.s_Ext_Clk_Freq  fsl_clock.o
    0x20000008   0x000033a0   0x00000042   Data   RW          523    .data.txbuff        usart_polling.o
    0x2000004a   0x000033e2   0x00000002   PAD
    0x2000004c        -       0x00000004   Zero   RW          585    .bss.g_serialHandle  fsl_debug_console.o
    0x20000050        -       0x00000004   Zero   RW          325    .bss.s_I2S_Mclk_Freq  fsl_clock.o
    0x20000054        -       0x00000004   Zero   RW          326    .bss.s_Pll0_Freq    fsl_clock.o
    0x20000058        -       0x00000004   Zero   RW          327    .bss.s_Pll1_Freq    fsl_clock.o
    0x2000005c        -       0x0000001c   Zero   RW          583    .bss.s_debugConsoleState  fsl_debug_console.o
    0x20000078        -       0x00000024   Zero   RW          402    .bss.s_flexcommHandle  fsl_flexcomm.o
    0x2000009c        -       0x00000024   Zero   RW          401    .bss.s_flexcommIrqHandler  fsl_flexcomm.o


    Execution Region ARM_LIB_HEAP (Exec base: 0x200000c0, Load base: 0x000033e4, Size: 0x00000400, Max: 0x00000400, ABSOLUTE)

    Exec Addr    Load Addr    Size         Type   Attr      Idx    E Section Name        Object

    0x200000c0        -       0x00000400   Zero   RW            1    ARM_LIB_HEAP.bss    anon$$obj.o


    Execution Region ARM_LIB_STACK (Exec base: 0x20032c00, Load base: 0x000033e4, Size: 0x00000400, Max: 0x00000400, ABSOLUTE)

    Exec Addr    Load Addr    Size         Type   Attr      Idx    E Section Name        Object

    0x20032c00        -       0x00000400   Zero   RW            2    ARM_LIB_STACK.bss   anon$$obj.o


    Execution Region RW_m_usb_bdt (Exec base: 0x40100000, Load base: 0x000033e4, Size: 0x00000000, Max: 0x00000000, ABSOLUTE, UNINIT)

    **** No section assigned to this execution region ****


    Execution Region RW_m_usb_ram (Exec base: 0x40100000, Load base: 0x000033e4, Size: 0x00000000, Max: 0x00004000, ABSOLUTE, UNINIT)

    **** No section assigned to this execution region ****



  Load Region LR_CORE1_IMAGE (Base: 0x00072000, Size: 0x00000000, Max: 0xffffffff, ABSOLUTE)

    Execution Region CORE1_REGION (Exec base: 0x00072000, Load base: 0x00072000, Size: 0x00000000, Max: 0x00026000, ABSOLUTE)

    **** No section assigned to this execution region ****


==============================================================================

Image component sizes


      Code (inc. data)   RO Data    RW Data    ZI Data      Debug   Object Name

        52          0          0          0          0       7619   board.o
       132          0          0          0          0      13799   clock_config.o
        58          0         43          0          0        500   fsl_assert.o
      2832        116          0          4         12      34771   fsl_clock.o
       720          0         91          0         32       6286   fsl_debug_console.o
      1188          0        311          0         72      15074   fsl_flexcomm.o
       246          0         33          0          0       8477   fsl_reset.o
      1290          0          0          0          0       5122   fsl_str.o
      1406          0        194          0          0      13688   fsl_usart.o
       168          0          0          0          0       8723   pin_mux.o
       752          0         99          0          0       4797   serial_manager.o
       326          0         57          0          0       3497   serial_port_uart.o
       532        254        304          0          0       3780   startup_lpc55s69_cm33_core0.o
        94          0          0          4          0      10972   system_lpc55s69_cm33_core0.o
       568          0        176          0          0       5039   usart_adapter.o
       142          0          0         66          0       8048   usart_polling.o

    ----------------------------------------------------------------------
     10564        370       1344         76       2164     150192   Object Totals
         0          0         32          0       2048          0   (incl. Generated)
        58          0          4          2          0          0   (incl. Padding)

    ----------------------------------------------------------------------

      Code (inc. data)   RO Data    RW Data    ZI Data      Debug   Library Member Name

       272         12          0          0          0          0   fsl_power_lib.o
         0          0          0          0          0          0   entry.o
         0          0          0          0          0          0   entry10a.o
         0          0          0          0          0          0   entry11a.o
         8          4          0          0          0          0   entry4.o
         4          0          0          0          0          0   entry5.o
         0          0          0          0          0          0   entry7b.o
         0          0          0          0          0          0   entry8b.o
         8          4          0          0          0          0   entry9a.o
        30          0          0          0          0          0   handlers.o
        36          8          0          0          0         68   init.o
         0          0          0          0          0          0   iusefp.o
        30          0          0          0          0         68   llshl.o
        32          0          0          0          0         68   llushr.o
        36          0          0          0          0        108   memseta.o
        14          0          0          0          0         68   strlen.o
        56          0          0          0          0         88   d2f.o
       186          0          0          0          0        176   depilogue.o
       228          0          0          0          0         96   dmul.o
        38          0          0          0          0         68   f2d.o
       110          0          0          0          0        168   fepilogue.o

    ----------------------------------------------------------------------
      1092         28          0          0          0        976   Library Totals
         4          0          0          0          0          0   (incl. Padding)

    ----------------------------------------------------------------------

      Code (inc. data)   RO Data    RW Data    ZI Data      Debug   Library Name

       272         12          0          0          0          0   keil_lib_power_cm33_core0.lib
       198         16          0          0          0        380   mc_w.l
       618          0          0          0          0        596   mf_w.l

    ----------------------------------------------------------------------
      1092         28          0          0          0        976   Library Totals

    ----------------------------------------------------------------------

==============================================================================


      Code (inc. data)   RO Data    RW Data    ZI Data      Debug   

     11656        398       1344         76       2164     150784   Grand Totals
     11656        398       1344         76       2164     150784   ELF Image Totals
     11656        398       1344         76          0          0   ROM Totals

==============================================================================

    Total RO  Size (Code + RO Data)                13000 (  12.70kB)
    Total RW  Size (RW Data + ZI Data)              2240 (   2.19kB)
    Total ROM Size (Code + RO Data + RW Data)      13076 (  12.77kB)

==============================================================================

